device=cuda  arch=fcos  size=640  batch=4  seed=42
train=13382 val=2261
train class counts: {'vest': 10039, 'helmet': 22603, 'head': 5332, 'boots': 10580, 'person': 7742, 'gloves': 3562}
warm-started from ppe_fcos.pth: epoch 2 weights, mAP@0.5 0.4424 (optimiser state restarts)
  epoch 3 step 6700/80280 loss 1.0552 lr 9.85e-05
  epoch 3 step 6750/80280 loss 1.0962 lr 9.85e-05
  epoch 3 step 6800/80280 loss 1.0784 lr 9.85e-05
  epoch 3 step 6850/80280 loss 1.0730 lr 9.85e-05
  epoch 3 step 6900/80280 loss 1.0689 lr 9.84e-05
  epoch 3 step 6950/80280 loss 1.0678 lr 9.84e-05
  epoch 3 step 7000/80280 loss 1.0637 lr 9.84e-05
  epoch 3 step 7050/80280 loss 1.0587 lr 9.84e-05
  epoch 3 step 7100/80280 loss 1.0577 lr 9.83e-05
  epoch 3 step 7150/80280 loss 1.0539 lr 9.83e-05
  epoch 3 step 7200/80280 loss 1.0535 lr 9.83e-05
  epoch 3 step 7250/80280 loss 1.0492 lr 9.83e-05
  epoch 3 step 7300/80280 loss 1.0465 lr 9.82e-05
  epoch 3 step 7350/80280 loss 1.0459 lr 9.82e-05
  epoch 3 step 7400/80280 loss 1.0448 lr 9.82e-05
  epoch 3 step 7450/80280 loss 1.0421 lr 9.82e-05
  epoch 3 step 7500/80280 loss 1.0423 lr 9.81e-05
  epoch 3 step 7550/80280 loss 1.0419 lr 9.81e-05
  epoch 3 step 7600/80280 loss 1.0401 lr 9.81e-05
  epoch 3 step 7650/80280 loss 1.0382 lr 9.81e-05
  epoch 3 step 7700/80280 loss 1.0376 lr 9.80e-05
  epoch 3 step 7750/80280 loss 1.0372 lr 9.80e-05
  epoch 3 step 7800/80280 loss 1.0372 lr 9.80e-05
  epoch 3 step 7850/80280 loss 1.0353 lr 9.79e-05
  epoch 3 step 7900/80280 loss 1.0350 lr 9.79e-05
  epoch 3 step 7950/80280 loss 1.0335 lr 9.79e-05
  epoch 3 step 8000/80280 loss 1.0323 lr 9.79e-05
  epoch 3 step 8050/80280 loss 1.0313 lr 9.78e-05
  epoch 3 step 8100/80280 loss 1.0305 lr 9.78e-05
  epoch 3 step 8150/80280 loss 1.0301 lr 9.78e-05
  epoch 3 step 8200/80280 loss 1.0304 lr 9.77e-05
  epoch 3 step 8250/80280 loss 1.0304 lr 9.77e-05
  epoch 3 step 8300/80280 loss 1.0300 lr 9.77e-05
  epoch 3 step 8350/80280 loss 1.0287 lr 9.77e-05
  epoch 3 step 8400/80280 loss 1.0290 lr 9.76e-05
  epoch 3 step 8450/80280 loss 1.0284 lr 9.76e-05
  epoch 3 step 8500/80280 loss 1.0283 lr 9.76e-05
  epoch 3 step 8550/80280 loss 1.0278 lr 9.75e-05
  epoch 3 step 8600/80280 loss 1.0266 lr 9.75e-05
  epoch 3 step 8650/80280 loss 1.0260 lr 9.75e-05
  epoch 3 step 8700/80280 loss 1.0254 lr 9.74e-05
  epoch 3 step 8750/80280 loss 1.0244 lr 9.74e-05
  epoch 3 step 8800/80280 loss 1.0241 lr 9.74e-05
  epoch 3 step 8850/80280 loss 1.0234 lr 9.73e-05
  epoch 3 step 8900/80280 loss 1.0228 lr 9.73e-05
  epoch 3 step 8950/80280 loss 1.0224 lr 9.73e-05
  epoch 3 step 9000/80280 loss 1.0227 lr 9.73e-05
  epoch 3 step 9050/80280 loss 1.0223 lr 9.72e-05
  epoch 3 step 9100/80280 loss 1.0218 lr 9.72e-05
  epoch 3 step 9150/80280 loss 1.0207 lr 9.72e-05
  epoch 3 step 9200/80280 loss 1.0203 lr 9.71e-05
  epoch 3 step 9250/80280 loss 1.0202 lr 9.71e-05
  epoch 3 step 9300/80280 loss 1.0200 lr 9.71e-05
  epoch 3 step 9350/80280 loss 1.0190 lr 9.70e-05
  epoch 3 step 9400/80280 loss 1.0187 lr 9.70e-05
  epoch 3 step 9450/80280 loss 1.0192 lr 9.70e-05
  epoch 3 step 9500/80280 loss 1.0194 lr 9.69e-05
  epoch 3 step 9550/80280 loss 1.0193 lr 9.69e-05
  epoch 3 step 9600/80280 loss 1.0192 lr 9.69e-05
  epoch 3 step 9650/80280 loss 1.0189 lr 9.68e-05
  epoch 3 step 9700/80280 loss 1.0188 lr 9.68e-05
  epoch 3 step 9750/80280 loss 1.0184 lr 9.68e-05
  epoch 3 step 9800/80280 loss 1.0180 lr 9.67e-05
  epoch 3 step 9850/80280 loss 1.0175 lr 9.67e-05
  epoch 3 step 9900/80280 loss 1.0167 lr 9.66e-05
  epoch 3 step 9950/80280 loss 1.0164 lr 9.66e-05
  epoch 3 step 10000/80280 loss 1.0162 lr 9.66e-05
epoch 3/24  loss 1.0162  val mAP@0.5 0.4845  (884s)
    person   AP50 0.4777  (gt 52)
    head     AP50 0.3686  (gt 140)
    helmet   AP50 0.5187  (gt 309)
    vest     AP50 0.7625  (gt 326)
    gloves   AP50 0.3360  (gt 43)
    boots    AP50 0.4434  (gt 142)
    ** saved ppe_fcos.pth (mAP@0.5 0.4845)
  epoch 4 step 10050/80280 loss 0.9695 lr 9.65e-05
  epoch 4 step 10100/80280 loss 0.9802 lr 9.65e-05
  epoch 4 step 10150/80280 loss 0.9825 lr 9.65e-05
  epoch 4 step 10200/80280 loss 0.9891 lr 9.64e-05
  epoch 4 step 10250/80280 loss 0.9837 lr 9.64e-05
  epoch 4 step 10300/80280 loss 0.9842 lr 9.64e-05
  epoch 4 step 10350/80280 loss 0.9840 lr 9.63e-05
  epoch 4 step 10400/80280 loss 0.9840 lr 9.63e-05
  epoch 4 step 10450/80280 loss 0.9874 lr 9.62e-05
  epoch 4 step 10500/80280 loss 0.9862 lr 9.62e-05
  epoch 4 step 10550/80280 loss 0.9870 lr 9.62e-05
  epoch 4 step 10600/80280 loss 0.9902 lr 9.61e-05
  epoch 4 step 10650/80280 loss 0.9896 lr 9.61e-05
  epoch 4 step 10700/80280 loss 0.9897 lr 9.61e-05
  epoch 4 step 10750/80280 loss 0.9885 lr 9.60e-05
  epoch 4 step 10800/80280 loss 0.9873 lr 9.60e-05
  epoch 4 step 10850/80280 loss 0.9877 lr 9.59e-05
  epoch 4 step 10900/80280 loss 0.9864 lr 9.59e-05
  epoch 4 step 10950/80280 loss 0.9870 lr 9.59e-05
  epoch 4 step 11000/80280 loss 0.9871 lr 9.58e-05
  epoch 4 step 11050/80280 loss 0.9863 lr 9.58e-05
  epoch 4 step 11100/80280 loss 0.9863 lr 9.58e-05
  epoch 4 step 11150/80280 loss 0.9849 lr 9.57e-05
  epoch 4 step 11200/80280 loss 0.9839 lr 9.57e-05
  epoch 4 step 11250/80280 loss 0.9834 lr 9.56e-05
  epoch 4 step 11300/80280 loss 0.9828 lr 9.56e-05
  epoch 4 step 11350/80280 loss 0.9828 lr 9.56e-05
  epoch 4 step 11400/80280 loss 0.9832 lr 9.55e-05
  epoch 4 step 11450/80280 loss 0.9826 lr 9.55e-05
  epoch 4 step 11500/80280 loss 0.9830 lr 9.54e-05
  epoch 4 step 11550/80280 loss 0.9832 lr 9.54e-05
  epoch 4 step 11600/80280 loss 0.9824 lr 9.53e-05
  epoch 4 step 11650/80280 loss 0.9830 lr 9.53e-05
  epoch 4 step 11700/80280 loss 0.9829 lr 9.53e-05
  epoch 4 step 11750/80280 loss 0.9827 lr 9.52e-05
  epoch 4 step 11800/80280 loss 0.9829 lr 9.52e-05
  epoch 4 step 11850/80280 loss 0.9830 lr 9.51e-05
  epoch 4 step 11900/80280 loss 0.9830 lr 9.51e-05
  epoch 4 step 11950/80280 loss 0.9830 lr 9.51e-05
  epoch 4 step 12000/80280 loss 0.9828 lr 9.50e-05
  epoch 4 step 12050/80280 loss 0.9824 lr 9.50e-05
  epoch 4 step 12100/80280 loss 0.9821 lr 9.49e-05
  epoch 4 step 12150/80280 loss 0.9817 lr 9.49e-05
  epoch 4 step 12200/80280 loss 0.9821 lr 9.48e-05
  epoch 4 step 12250/80280 loss 0.9824 lr 9.48e-05
  epoch 4 step 12300/80280 loss 0.9823 lr 9.48e-05
  epoch 4 step 12350/80280 loss 0.9825 lr 9.47e-05
  epoch 4 step 12400/80280 loss 0.9823 lr 9.47e-05
  epoch 4 step 12450/80280 loss 0.9824 lr 9.46e-05
  epoch 4 step 12500/80280 loss 0.9818 lr 9.46e-05
  epoch 4 step 12550/80280 loss 0.9816 lr 9.45e-05
  epoch 4 step 12600/80280 loss 0.9819 lr 9.45e-05
  epoch 4 step 12650/80280 loss 0.9819 lr 9.44e-05
  epoch 4 step 12700/80280 loss 0.9824 lr 9.44e-05
  epoch 4 step 12750/80280 loss 0.9825 lr 9.44e-05
  epoch 4 step 12800/80280 loss 0.9827 lr 9.43e-05
  epoch 4 step 12850/80280 loss 0.9827 lr 9.43e-05
  epoch 4 step 12900/80280 loss 0.9826 lr 9.42e-05
  epoch 4 step 12950/80280 loss 0.9828 lr 9.42e-05
  epoch 4 step 13000/80280 loss 0.9825 lr 9.41e-05
  epoch 4 step 13050/80280 loss 0.9822 lr 9.41e-05
  epoch 4 step 13100/80280 loss 0.9820 lr 9.40e-05
  epoch 4 step 13150/80280 loss 0.9815 lr 9.40e-05
  epoch 4 step 13200/80280 loss 0.9813 lr 9.39e-05
  epoch 4 step 13250/80280 loss 0.9815 lr 9.39e-05
  epoch 4 step 13300/80280 loss 0.9813 lr 9.38e-05
  epoch 4 step 13350/80280 loss 0.9811 lr 9.38e-05
epoch 4/24  loss 0.9812  val mAP@0.5 0.5283  (850s)
    person   AP50 0.5309  (gt 52)
    head     AP50 0.4351  (gt 140)
    helmet   AP50 0.5831  (gt 309)
    vest     AP50 0.8041  (gt 326)
    gloves   AP50 0.3437  (gt 43)
    boots    AP50 0.4731  (gt 142)
    ** saved ppe_fcos.pth (mAP@0.5 0.5283)
  epoch 5 step 13400/80280 loss 1.0100 lr 9.38e-05
  epoch 5 step 13450/80280 loss 0.9980 lr 9.37e-05
  epoch 5 step 13500/80280 loss 0.9818 lr 9.37e-05
  epoch 5 step 13550/80280 loss 0.9802 lr 9.36e-05
  epoch 5 step 13600/80280 loss 0.9777 lr 9.36e-05
  epoch 5 step 13650/80280 loss 0.9739 lr 9.35e-05
  epoch 5 step 13700/80280 loss 0.9731 lr 9.35e-05
  epoch 5 step 13750/80280 loss 0.9756 lr 9.34e-05
  epoch 5 step 13800/80280 loss 0.9779 lr 9.34e-05
  epoch 5 step 13850/80280 loss 0.9760 lr 9.33e-05
  epoch 5 step 13900/80280 loss 0.9736 lr 9.33e-05
  epoch 5 step 13950/80280 loss 0.9733 lr 9.32e-05
  epoch 5 step 14000/80280 loss 0.9730 lr 9.32e-05
  epoch 5 step 14050/80280 loss 0.9727 lr 9.31e-05
  epoch 5 step 14100/80280 loss 0.9708 lr 9.31e-05
  epoch 5 step 14150/80280 loss 0.9728 lr 9.30e-05
  epoch 5 step 14200/80280 loss 0.9724 lr 9.30e-05
  epoch 5 step 14250/80280 loss 0.9714 lr 9.29e-05
  epoch 5 step 14300/80280 loss 0.9724 lr 9.29e-05
  epoch 5 step 14350/80280 loss 0.9728 lr 9.28e-05
  epoch 5 step 14400/80280 loss 0.9729 lr 9.28e-05
  epoch 5 step 14450/80280 loss 0.9728 lr 9.27e-05
  epoch 5 step 14500/80280 loss 0.9724 lr 9.27e-05
  epoch 5 step 14550/80280 loss 0.9728 lr 9.26e-05
  epoch 5 step 14600/80280 loss 0.9724 lr 9.26e-05
  epoch 5 step 14650/80280 loss 0.9725 lr 9.25e-05
  epoch 5 step 14700/80280 loss 0.9725 lr 9.25e-05
  epoch 5 step 14750/80280 loss 0.9717 lr 9.24e-05
  epoch 5 step 14800/80280 loss 0.9717 lr 9.24e-05
  epoch 5 step 14850/80280 loss 0.9711 lr 9.23e-05
  epoch 5 step 14900/80280 loss 0.9708 lr 9.23e-05
  epoch 5 step 14950/80280 loss 0.9706 lr 9.22e-05
  epoch 5 step 15000/80280 loss 0.9702 lr 9.21e-05
  epoch 5 step 15050/80280 loss 0.9700 lr 9.21e-05
  epoch 5 step 15100/80280 loss 0.9699 lr 9.20e-05
  epoch 5 step 15150/80280 loss 0.9694 lr 9.20e-05
  epoch 5 step 15200/80280 loss 0.9694 lr 9.19e-05
  epoch 5 step 15250/80280 loss 0.9693 lr 9.19e-05
  epoch 5 step 15300/80280 loss 0.9702 lr 9.18e-05
  epoch 5 step 15350/80280 loss 0.9697 lr 9.18e-05
  epoch 5 step 15400/80280 loss 0.9695 lr 9.17e-05
  epoch 5 step 15450/80280 loss 0.9696 lr 9.17e-05
  epoch 5 step 15500/80280 loss 0.9693 lr 9.16e-05
  epoch 5 step 15550/80280 loss 0.9690 lr 9.16e-05
  epoch 5 step 15600/80280 loss 0.9685 lr 9.15e-05
  epoch 5 step 15650/80280 loss 0.9679 lr 9.15e-05
  epoch 5 step 15700/80280 loss 0.9673 lr 9.14e-05
  epoch 5 step 15750/80280 loss 0.9671 lr 9.13e-05
  epoch 5 step 15800/80280 loss 0.9669 lr 9.13e-05
  epoch 5 step 15850/80280 loss 0.9668 lr 9.12e-05
  epoch 5 step 15900/80280 loss 0.9667 lr 9.12e-05
  epoch 5 step 15950/80280 loss 0.9668 lr 9.11e-05
  epoch 5 step 16000/80280 loss 0.9667 lr 9.11e-05
  epoch 5 step 16050/80280 loss 0.9669 lr 9.10e-05
  epoch 5 step 16100/80280 loss 0.9671 lr 9.10e-05
  epoch 5 step 16150/80280 loss 0.9671 lr 9.09e-05
  epoch 5 step 16200/80280 loss 0.9674 lr 9.08e-05
  epoch 5 step 16250/80280 loss 0.9667 lr 9.08e-05
  epoch 5 step 16300/80280 loss 0.9666 lr 9.07e-05
  epoch 5 step 16350/80280 loss 0.9665 lr 9.07e-05
  epoch 5 step 16400/80280 loss 0.9661 lr 9.06e-05
  epoch 5 step 16450/80280 loss 0.9659 lr 9.06e-05
  epoch 5 step 16500/80280 loss 0.9657 lr 9.05e-05
  epoch 5 step 16550/80280 loss 0.9654 lr 9.04e-05
  epoch 5 step 16600/80280 loss 0.9651 lr 9.04e-05
  epoch 5 step 16650/80280 loss 0.9652 lr 9.03e-05
  epoch 5 step 16700/80280 loss 0.9649 lr 9.03e-05
epoch 5/24  loss 0.9647  val mAP@0.5 0.5523  (924s)
    person   AP50 0.5675  (gt 52)
    head     AP50 0.4911  (gt 140)
    helmet   AP50 0.6226  (gt 309)
    vest     AP50 0.8182  (gt 326)
    gloves   AP50 0.3071  (gt 43)
    boots    AP50 0.5073  (gt 142)
    ** saved ppe_fcos.pth (mAP@0.5 0.5523)
  epoch 6 step 16750/80280 loss 0.9675 lr 9.02e-05
  epoch 6 step 16800/80280 loss 0.9695 lr 9.01e-05
  epoch 6 step 16850/80280 loss 0.9713 lr 9.01e-05
  epoch 6 step 16900/80280 loss 0.9669 lr 9.00e-05
  epoch 6 step 16950/80280 loss 0.9613 lr 9.00e-05
  epoch 6 step 17000/80280 loss 0.9606 lr 8.99e-05
  epoch 6 step 17050/80280 loss 0.9576 lr 8.99e-05
  epoch 6 step 17100/80280 loss 0.9550 lr 8.98e-05
  epoch 6 step 17150/80280 loss 0.9555 lr 8.97e-05
  epoch 6 step 17200/80280 loss 0.9553 lr 8.97e-05
  epoch 6 step 17250/80280 loss 0.9521 lr 8.96e-05
  epoch 6 step 17300/80280 loss 0.9509 lr 8.96e-05
  epoch 6 step 17350/80280 loss 0.9487 lr 8.95e-05
  epoch 6 step 17400/80280 loss 0.9471 lr 8.94e-05
  epoch 6 step 17450/80280 loss 0.9481 lr 8.94e-05
  epoch 6 step 17500/80280 loss 0.9490 lr 8.93e-05
  epoch 6 step 17550/80280 loss 0.9488 lr 8.93e-05
  epoch 6 step 17600/80280 loss 0.9497 lr 8.92e-05
  epoch 6 step 17650/80280 loss 0.9503 lr 8.91e-05
  epoch 6 step 17700/80280 loss 0.9508 lr 8.91e-05
  epoch 6 step 17750/80280 loss 0.9507 lr 8.90e-05
  epoch 6 step 17800/80280 loss 0.9507 lr 8.90e-05
  epoch 6 step 17850/80280 loss 0.9525 lr 8.89e-05
  epoch 6 step 17900/80280 loss 0.9522 lr 8.88e-05
  epoch 6 step 17950/80280 loss 0.9511 lr 8.88e-05
  epoch 6 step 18000/80280 loss 0.9501 lr 8.87e-05
  epoch 6 step 18050/80280 loss 0.9507 lr 8.86e-05
  epoch 6 step 18100/80280 loss 0.9511 lr 8.86e-05
  epoch 6 step 18150/80280 loss 0.9514 lr 8.85e-05
  epoch 6 step 18200/80280 loss 0.9510 lr 8.85e-05
  epoch 6 step 18250/80280 loss 0.9511 lr 8.84e-05
  epoch 6 step 18300/80280 loss 0.9504 lr 8.83e-05
  epoch 6 step 18350/80280 loss 0.9498 lr 8.83e-05
  epoch 6 step 18400/80280 loss 0.9504 lr 8.82e-05
  epoch 6 step 18450/80280 loss 0.9502 lr 8.81e-05
  epoch 6 step 18500/80280 loss 0.9497 lr 8.81e-05
  epoch 6 step 18550/80280 loss 0.9497 lr 8.80e-05
  epoch 6 step 18600/80280 loss 0.9493 lr 8.80e-05
  epoch 6 step 18650/80280 loss 0.9495 lr 8.79e-05
  epoch 6 step 18700/80280 loss 0.9492 lr 8.78e-05
  epoch 6 step 18750/80280 loss 0.9488 lr 8.78e-05
  epoch 6 step 18800/80280 loss 0.9481 lr 8.77e-05
  epoch 6 step 18850/80280 loss 0.9478 lr 8.76e-05
  epoch 6 step 18900/80280 loss 0.9475 lr 8.76e-05
  epoch 6 step 18950/80280 loss 0.9478 lr 8.75e-05
  epoch 6 step 19000/80280 loss 0.9483 lr 8.74e-05
  epoch 6 step 19050/80280 loss 0.9483 lr 8.74e-05
  epoch 6 step 19100/80280 loss 0.9479 lr 8.73e-05
  epoch 6 step 19150/80280 loss 0.9481 lr 8.72e-05
  epoch 6 step 19200/80280 loss 0.9482 lr 8.72e-05
  epoch 6 step 19250/80280 loss 0.9480 lr 8.71e-05
  epoch 6 step 19300/80280 loss 0.9481 lr 8.70e-05
  epoch 6 step 19350/80280 loss 0.9484 lr 8.70e-05
  epoch 6 step 19400/80280 loss 0.9482 lr 8.69e-05
  epoch 6 step 19450/80280 loss 0.9481 lr 8.68e-05
  epoch 6 step 19500/80280 loss 0.9481 lr 8.68e-05
  epoch 6 step 19550/80280 loss 0.9480 lr 8.67e-05
  epoch 6 step 19600/80280 loss 0.9479 lr 8.66e-05
  epoch 6 step 19650/80280 loss 0.9478 lr 8.66e-05
  epoch 6 step 19700/80280 loss 0.9480 lr 8.65e-05
  epoch 6 step 19750/80280 loss 0.9473 lr 8.64e-05
  epoch 6 step 19800/80280 loss 0.9471 lr 8.64e-05
  epoch 6 step 19850/80280 loss 0.9474 lr 8.63e-05
  epoch 6 step 19900/80280 loss 0.9472 lr 8.62e-05
  epoch 6 step 19950/80280 loss 0.9471 lr 8.62e-05
  epoch 6 step 20000/80280 loss 0.9467 lr 8.61e-05
  epoch 6 step 20050/80280 loss 0.9466 lr 8.60e-05
epoch 6/24  loss 0.9463  val mAP@0.5 0.5771  (990s)
    person   AP50 0.5932  (gt 52)
    head     AP50 0.5453  (gt 140)
    helmet   AP50 0.6386  (gt 309)
    vest     AP50 0.8288  (gt 326)
    gloves   AP50 0.2950  (gt 43)
    boots    AP50 0.5615  (gt 142)
    ** saved ppe_fcos.pth (mAP@0.5 0.5771)
  epoch 7 step 20100/80280 loss 0.9346 lr 8.60e-05
  epoch 7 step 20150/80280 loss 0.9320 lr 8.59e-05
  epoch 7 step 20200/80280 loss 0.9277 lr 8.58e-05
  epoch 7 step 20250/80280 loss 0.9292 lr 8.58e-05
  epoch 7 step 20300/80280 loss 0.9302 lr 8.57e-05
  epoch 7 step 20350/80280 loss 0.9295 lr 8.56e-05
  epoch 7 step 20400/80280 loss 0.9297 lr 8.56e-05
  epoch 7 step 20450/80280 loss 0.9322 lr 8.55e-05
  epoch 7 step 20500/80280 loss 0.9360 lr 8.54e-05
  epoch 7 step 20550/80280 loss 0.9369 lr 8.54e-05
  epoch 7 step 20600/80280 loss 0.9413 lr 8.53e-05
  epoch 7 step 20650/80280 loss 0.9431 lr 8.52e-05
  epoch 7 step 20700/80280 loss 0.9456 lr 8.51e-05
  epoch 7 step 20750/80280 loss 0.9446 lr 8.51e-05
  epoch 7 step 20800/80280 loss 0.9432 lr 8.50e-05
  epoch 7 step 20850/80280 loss 0.9445 lr 8.49e-05
  epoch 7 step 20900/80280 loss 0.9422 lr 8.49e-05
  epoch 7 step 20950/80280 loss 0.9426 lr 8.48e-05
  epoch 7 step 21000/80280 loss 0.9427 lr 8.47e-05
  epoch 7 step 21050/80280 loss 0.9425 lr 8.47e-05
  epoch 7 step 21100/80280 loss 0.9422 lr 8.46e-05
  epoch 7 step 21150/80280 loss 0.9423 lr 8.45e-05
  epoch 7 step 21200/80280 loss 0.9424 lr 8.44e-05
  epoch 7 step 21250/80280 loss 0.9418 lr 8.44e-05
  epoch 7 step 21300/80280 loss 0.9408 lr 8.43e-05
  epoch 7 step 21350/80280 loss 0.9406 lr 8.42e-05
  epoch 7 step 21400/80280 loss 0.9402 lr 8.42e-05
  epoch 7 step 21450/80280 loss 0.9404 lr 8.41e-05
  epoch 7 step 21500/80280 loss 0.9396 lr 8.40e-05
  epoch 7 step 21550/80280 loss 0.9394 lr 8.39e-05
  epoch 7 step 21600/80280 loss 0.9391 lr 8.39e-05
  epoch 7 step 21650/80280 loss 0.9392 lr 8.38e-05
  epoch 7 step 21700/80280 loss 0.9389 lr 8.37e-05
  epoch 7 step 21750/80280 loss 0.9395 lr 8.37e-05
  epoch 7 step 21800/80280 loss 0.9401 lr 8.36e-05
  epoch 7 step 21850/80280 loss 0.9402 lr 8.35e-05
  epoch 7 step 21900/80280 loss 0.9404 lr 8.34e-05
  epoch 7 step 21950/80280 loss 0.9405 lr 8.34e-05
  epoch 7 step 22000/80280 loss 0.9404 lr 8.33e-05
  epoch 7 step 22050/80280 loss 0.9399 lr 8.32e-05
  epoch 7 step 22100/80280 loss 0.9396 lr 8.31e-05
  epoch 7 step 22150/80280 loss 0.9397 lr 8.31e-05
  epoch 7 step 22200/80280 loss 0.9399 lr 8.30e-05
  epoch 7 step 22250/80280 loss 0.9397 lr 8.29e-05
  epoch 7 step 22300/80280 loss 0.9400 lr 8.29e-05
  epoch 7 step 22350/80280 loss 0.9398 lr 8.28e-05
  epoch 7 step 22400/80280 loss 0.9402 lr 8.27e-05
  epoch 7 step 22450/80280 loss 0.9400 lr 8.26e-05
  epoch 7 step 22500/80280 loss 0.9401 lr 8.26e-05
  epoch 7 step 22550/80280 loss 0.9397 lr 8.25e-05
  epoch 7 step 22600/80280 loss 0.9399 lr 8.24e-05
  epoch 7 step 22650/80280 loss 0.9397 lr 8.23e-05
  epoch 7 step 22700/80280 loss 0.9395 lr 8.23e-05
  epoch 7 step 22750/80280 loss 0.9393 lr 8.22e-05
  epoch 7 step 22800/80280 loss 0.9390 lr 8.21e-05
  epoch 7 step 22850/80280 loss 0.9394 lr 8.20e-05
  epoch 7 step 22900/80280 loss 0.9391 lr 8.20e-05
  epoch 7 step 22950/80280 loss 0.9390 lr 8.19e-05
  epoch 7 step 23000/80280 loss 0.9389 lr 8.18e-05
  epoch 7 step 23050/80280 loss 0.9393 lr 8.17e-05
  epoch 7 step 23100/80280 loss 0.9391 lr 8.17e-05
  epoch 7 step 23150/80280 loss 0.9388 lr 8.16e-05
  epoch 7 step 23200/80280 loss 0.9387 lr 8.15e-05
  epoch 7 step 23250/80280 loss 0.9389 lr 8.14e-05
  epoch 7 step 23300/80280 loss 0.9386 lr 8.14e-05
  epoch 7 step 23350/80280 loss 0.9383 lr 8.13e-05
  epoch 7 step 23400/80280 loss 0.9381 lr 8.12e-05
epoch 7/24  loss 0.9381  val mAP@0.5 0.5960  (1011s)
    person   AP50 0.6217  (gt 52)
    head     AP50 0.5615  (gt 140)
    helmet   AP50 0.6696  (gt 309)
    vest     AP50 0.8280  (gt 326)
    gloves   AP50 0.2931  (gt 43)
    boots    AP50 0.6021  (gt 142)
    ** saved ppe_fcos.pth (mAP@0.5 0.5960)
  epoch 8 step 23450/80280 loss 0.9229 lr 8.11e-05
  epoch 8 step 23500/80280 loss 0.9248 lr 8.10e-05
  epoch 8 step 23550/80280 loss 0.9302 lr 8.10e-05
  epoch 8 step 23600/80280 loss 0.9327 lr 8.09e-05
  epoch 8 step 23650/80280 loss 0.9348 lr 8.08e-05
  epoch 8 step 23700/80280 loss 0.9343 lr 8.07e-05
  epoch 8 step 23750/80280 loss 0.9366 lr 8.07e-05
  epoch 8 step 23800/80280 loss 0.9367 lr 8.06e-05
  epoch 8 step 23850/80280 loss 0.9368 lr 8.05e-05
  epoch 8 step 23900/80280 loss 0.9368 lr 8.04e-05
  epoch 8 step 23950/80280 loss 0.9358 lr 8.04e-05
  epoch 8 step 24000/80280 loss 0.9356 lr 8.03e-05
  epoch 8 step 24050/80280 loss 0.9345 lr 8.02e-05
  epoch 8 step 24100/80280 loss 0.9356 lr 8.01e-05
  epoch 8 step 24150/80280 loss 0.9352 lr 8.00e-05
  epoch 8 step 24200/80280 loss 0.9355 lr 8.00e-05
  epoch 8 step 24250/80280 loss 0.9363 lr 7.99e-05
  epoch 8 step 24300/80280 loss 0.9381 lr 7.98e-05
  epoch 8 step 24350/80280 loss 0.9376 lr 7.97e-05
  epoch 8 step 24400/80280 loss 0.9376 lr 7.97e-05
  epoch 8 step 24450/80280 loss 0.9378 lr 7.96e-05
  epoch 8 step 24500/80280 loss 0.9373 lr 7.95e-05
  epoch 8 step 24550/80280 loss 0.9368 lr 7.94e-05
  epoch 8 step 24600/80280 loss 0.9368 lr 7.93e-05
  epoch 8 step 24650/80280 loss 0.9370 lr 7.93e-05
  epoch 8 step 24700/80280 loss 0.9371 lr 7.92e-05
  epoch 8 step 24750/80280 loss 0.9372 lr 7.91e-05
  epoch 8 step 24800/80280 loss 0.9371 lr 7.90e-05
  epoch 8 step 24850/80280 loss 0.9365 lr 7.89e-05
  epoch 8 step 24900/80280 loss 0.9362 lr 7.89e-05
  epoch 8 step 24950/80280 loss 0.9363 lr 7.88e-05
  epoch 8 step 25000/80280 loss 0.9362 lr 7.87e-05
  epoch 8 step 25050/80280 loss 0.9363 lr 7.86e-05
  epoch 8 step 25100/80280 loss 0.9360 lr 7.85e-05
  epoch 8 step 25150/80280 loss 0.9358 lr 7.85e-05
  epoch 8 step 25200/80280 loss 0.9353 lr 7.84e-05
  epoch 8 step 25250/80280 loss 0.9352 lr 7.83e-05
  epoch 8 step 25300/80280 loss 0.9351 lr 7.82e-05
  epoch 8 step 25350/80280 loss 0.9350 lr 7.81e-05
  epoch 8 step 25400/80280 loss 0.9345 lr 7.81e-05
  epoch 8 step 25450/80280 loss 0.9342 lr 7.80e-05
  epoch 8 step 25500/80280 loss 0.9335 lr 7.79e-05
  epoch 8 step 25550/80280 loss 0.9332 lr 7.78e-05
  epoch 8 step 25600/80280 loss 0.9327 lr 7.77e-05
  epoch 8 step 25650/80280 loss 0.9329 lr 7.76e-05
  epoch 8 step 25700/80280 loss 0.9329 lr 7.76e-05
  epoch 8 step 25750/80280 loss 0.9323 lr 7.75e-05
  epoch 8 step 25800/80280 loss 0.9322 lr 7.74e-05
  epoch 8 step 25850/80280 loss 0.9320 lr 7.73e-05
  epoch 8 step 25900/80280 loss 0.9316 lr 7.72e-05
  epoch 8 step 25950/80280 loss 0.9313 lr 7.72e-05
  epoch 8 step 26000/80280 loss 0.9310 lr 7.71e-05
  epoch 8 step 26050/80280 loss 0.9308 lr 7.70e-05
  epoch 8 step 26100/80280 loss 0.9304 lr 7.69e-05
  epoch 8 step 26150/80280 loss 0.9303 lr 7.68e-05
  epoch 8 step 26200/80280 loss 0.9301 lr 7.67e-05
  epoch 8 step 26250/80280 loss 0.9299 lr 7.67e-05
  epoch 8 step 26300/80280 loss 0.9303 lr 7.66e-05
  epoch 8 step 26350/80280 loss 0.9299 lr 7.65e-05
  epoch 8 step 26400/80280 loss 0.9299 lr 7.64e-05
  epoch 8 step 26450/80280 loss 0.9296 lr 7.63e-05
  epoch 8 step 26500/80280 loss 0.9289 lr 7.62e-05
  epoch 8 step 26550/80280 loss 0.9287 lr 7.62e-05
  epoch 8 step 26600/80280 loss 0.9286 lr 7.61e-05
  epoch 8 step 26650/80280 loss 0.9282 lr 7.60e-05
  epoch 8 step 26700/80280 loss 0.9283 lr 7.59e-05
  epoch 8 step 26750/80280 loss 0.9284 lr 7.58e-05
epoch 8/24  loss 0.9284  val mAP@0.5 0.6087  (987s)
    person   AP50 0.6434  (gt 52)
    head     AP50 0.5633  (gt 140)
    helmet   AP50 0.6868  (gt 309)
    vest     AP50 0.8269  (gt 326)
    gloves   AP50 0.3202  (gt 43)
    boots    AP50 0.6115  (gt 142)
    ** saved ppe_fcos.pth (mAP@0.5 0.6087)
  epoch 9 step 26800/80280 loss 0.9317 lr 7.57e-05
  epoch 9 step 26850/80280 loss 0.9167 lr 7.57e-05
  epoch 9 step 26900/80280 loss 0.9128 lr 7.56e-05
  epoch 9 step 26950/80280 loss 0.9092 lr 7.55e-05
  epoch 9 step 27000/80280 loss 0.9127 lr 7.54e-05
  epoch 9 step 27050/80280 loss 0.9122 lr 7.53e-05
  epoch 9 step 27100/80280 loss 0.9125 lr 7.52e-05
  epoch 9 step 27150/80280 loss 0.9117 lr 7.52e-05
  epoch 9 step 27200/80280 loss 0.9128 lr 7.51e-05
  epoch 9 step 27250/80280 loss 0.9135 lr 7.50e-05
  epoch 9 step 27300/80280 loss 0.9140 lr 7.49e-05
  epoch 9 step 27350/80280 loss 0.9138 lr 7.48e-05
  epoch 9 step 27400/80280 loss 0.9154 lr 7.47e-05
  epoch 9 step 27450/80280 loss 0.9154 lr 7.46e-05
  epoch 9 step 27500/80280 loss 0.9163 lr 7.46e-05
  epoch 9 step 27550/80280 loss 0.9161 lr 7.45e-05
  epoch 9 step 27600/80280 loss 0.9148 lr 7.44e-05
  epoch 9 step 27650/80280 loss 0.9146 lr 7.43e-05
  epoch 9 step 27700/80280 loss 0.9148 lr 7.42e-05
  epoch 9 step 27750/80280 loss 0.9156 lr 7.41e-05
  epoch 9 step 27800/80280 loss 0.9168 lr 7.40e-05
  epoch 9 step 27850/80280 loss 0.9164 lr 7.40e-05
  epoch 9 step 27900/80280 loss 0.9158 lr 7.39e-05
  epoch 9 step 27950/80280 loss 0.9158 lr 7.38e-05
  epoch 9 step 28000/80280 loss 0.9158 lr 7.37e-05
  epoch 9 step 28050/80280 loss 0.9153 lr 7.36e-05
  epoch 9 step 28100/80280 loss 0.9147 lr 7.35e-05
  epoch 9 step 28150/80280 loss 0.9148 lr 7.34e-05
  epoch 9 step 28200/80280 loss 0.9140 lr 7.34e-05
  epoch 9 step 28250/80280 loss 0.9143 lr 7.33e-05
  epoch 9 step 28300/80280 loss 0.9152 lr 7.32e-05
  epoch 9 step 28350/80280 loss 0.9152 lr 7.31e-05
  epoch 9 step 28400/80280 loss 0.9155 lr 7.30e-05
  epoch 9 step 28450/80280 loss 0.9156 lr 7.29e-05
  epoch 9 step 28500/80280 loss 0.9158 lr 7.28e-05
  epoch 9 step 28550/80280 loss 0.9152 lr 7.28e-05
  epoch 9 step 28600/80280 loss 0.9159 lr 7.27e-05
  epoch 9 step 28650/80280 loss 0.9160 lr 7.26e-05
  epoch 9 step 28700/80280 loss 0.9159 lr 7.25e-05
  epoch 9 step 28750/80280 loss 0.9158 lr 7.24e-05
  epoch 9 step 28800/80280 loss 0.9157 lr 7.23e-05
  epoch 9 step 28850/80280 loss 0.9156 lr 7.22e-05
  epoch 9 step 28900/80280 loss 0.9151 lr 7.21e-05
  epoch 9 step 28950/80280 loss 0.9151 lr 7.21e-05
  epoch 9 step 29000/80280 loss 0.9147 lr 7.20e-05
  epoch 9 step 29050/80280 loss 0.9154 lr 7.19e-05
  epoch 9 step 29100/80280 loss 0.9153 lr 7.18e-05
  epoch 9 step 29150/80280 loss 0.9155 lr 7.17e-05
  epoch 9 step 29200/80280 loss 0.9156 lr 7.16e-05
  epoch 9 step 29250/80280 loss 0.9157 lr 7.15e-05
  epoch 9 step 29300/80280 loss 0.9159 lr 7.14e-05
  epoch 9 step 29350/80280 loss 0.9158 lr 7.13e-05
  epoch 9 step 29400/80280 loss 0.9161 lr 7.13e-05
  epoch 9 step 29450/80280 loss 0.9158 lr 7.12e-05
  epoch 9 step 29500/80280 loss 0.9156 lr 7.11e-05
  epoch 9 step 29550/80280 loss 0.9155 lr 7.10e-05
  epoch 9 step 29600/80280 loss 0.9157 lr 7.09e-05
  epoch 9 step 29650/80280 loss 0.9158 lr 7.08e-05
  epoch 9 step 29700/80280 loss 0.9157 lr 7.07e-05
  epoch 9 step 29750/80280 loss 0.9156 lr 7.06e-05
  epoch 9 step 29800/80280 loss 0.9154 lr 7.06e-05
  epoch 9 step 29850/80280 loss 0.9157 lr 7.05e-05
  epoch 9 step 29900/80280 loss 0.9157 lr 7.04e-05
  epoch 9 step 29950/80280 loss 0.9156 lr 7.03e-05
  epoch 9 step 30000/80280 loss 0.9159 lr 7.02e-05
  epoch 9 step 30050/80280 loss 0.9159 lr 7.01e-05
  epoch 9 step 30100/80280 loss 0.9156 lr 7.00e-05
epoch 9/24  loss 0.9156  val mAP@0.5 0.6100  (975s)
    person   AP50 0.6437  (gt 52)
    head     AP50 0.5719  (gt 140)
    helmet   AP50 0.6953  (gt 309)
    vest     AP50 0.8326  (gt 326)
    gloves   AP50 0.3069  (gt 43)
    boots    AP50 0.6098  (gt 142)
    ** saved ppe_fcos.pth (mAP@0.5 0.6100)
  epoch 10 step 30150/80280 loss 0.9168 lr 6.99e-05
  epoch 10 step 30200/80280 loss 0.9282 lr 6.98e-05
  epoch 10 step 30250/80280 loss 0.9283 lr 6.97e-05
  epoch 10 step 30300/80280 loss 0.9221 lr 6.97e-05
  epoch 10 step 30350/80280 loss 0.9184 lr 6.96e-05
  epoch 10 step 30400/80280 loss 0.9150 lr 6.95e-05
  epoch 10 step 30450/80280 loss 0.9159 lr 6.94e-05
  epoch 10 step 30500/80280 loss 0.9143 lr 6.93e-05
  epoch 10 step 30550/80280 loss 0.9160 lr 6.92e-05
  epoch 10 step 30600/80280 loss 0.9158 lr 6.91e-05
  epoch 10 step 30650/80280 loss 0.9148 lr 6.90e-05
  epoch 10 step 30700/80280 loss 0.9153 lr 6.89e-05
  epoch 10 step 30750/80280 loss 0.9145 lr 6.88e-05
  epoch 10 step 30800/80280 loss 0.9147 lr 6.88e-05
  epoch 10 step 30850/80280 loss 0.9132 lr 6.87e-05
  epoch 10 step 30900/80280 loss 0.9135 lr 6.86e-05
  epoch 10 step 30950/80280 loss 0.9135 lr 6.85e-05
  epoch 10 step 31000/80280 loss 0.9141 lr 6.84e-05
  epoch 10 step 31050/80280 loss 0.9150 lr 6.83e-05
  epoch 10 step 31100/80280 loss 0.9156 lr 6.82e-05
  epoch 10 step 31150/80280 loss 0.9154 lr 6.81e-05
  epoch 10 step 31200/80280 loss 0.9154 lr 6.80e-05
  epoch 10 step 31250/80280 loss 0.9150 lr 6.79e-05
  epoch 10 step 31300/80280 loss 0.9147 lr 6.78e-05
  epoch 10 step 31350/80280 loss 0.9143 lr 6.78e-05
  epoch 10 step 31400/80280 loss 0.9137 lr 6.77e-05
  epoch 10 step 31450/80280 loss 0.9131 lr 6.76e-05
  epoch 10 step 31500/80280 loss 0.9130 lr 6.75e-05
  epoch 10 step 31550/80280 loss 0.9124 lr 6.74e-05
  epoch 10 step 31600/80280 loss 0.9128 lr 6.73e-05
  epoch 10 step 31650/80280 loss 0.9130 lr 6.72e-05
  epoch 10 step 31700/80280 loss 0.9137 lr 6.71e-05
  epoch 10 step 31750/80280 loss 0.9134 lr 6.70e-05
  epoch 10 step 31800/80280 loss 0.9133 lr 6.69e-05
  epoch 10 step 31850/80280 loss 0.9124 lr 6.68e-05
  epoch 10 step 31900/80280 loss 0.9123 lr 6.67e-05
  epoch 10 step 31950/80280 loss 0.9120 lr 6.67e-05
  epoch 10 step 32000/80280 loss 0.9117 lr 6.66e-05
  epoch 10 step 32050/80280 loss 0.9115 lr 6.65e-05
  epoch 10 step 32100/80280 loss 0.9120 lr 6.64e-05
  epoch 10 step 32150/80280 loss 0.9120 lr 6.63e-05
  epoch 10 step 32200/80280 loss 0.9116 lr 6.62e-05
  epoch 10 step 32250/80280 loss 0.9114 lr 6.61e-05
  epoch 10 step 32300/80280 loss 0.9110 lr 6.60e-05
  epoch 10 step 32350/80280 loss 0.9110 lr 6.59e-05
  epoch 10 step 32400/80280 loss 0.9110 lr 6.58e-05
  epoch 10 step 32450/80280 loss 0.9106 lr 6.57e-05
  epoch 10 step 32500/80280 loss 0.9106 lr 6.56e-05
  epoch 10 step 32550/80280 loss 0.9107 lr 6.55e-05
  epoch 10 step 32600/80280 loss 0.9105 lr 6.54e-05
  epoch 10 step 32650/80280 loss 0.9104 lr 6.54e-05
  epoch 10 step 32700/80280 loss 0.9103 lr 6.53e-05
  epoch 10 step 32750/80280 loss 0.9104 lr 6.52e-05
  epoch 10 step 32800/80280 loss 0.9111 lr 6.51e-05
  epoch 10 step 32850/80280 loss 0.9113 lr 6.50e-05
  epoch 10 step 32900/80280 loss 0.9117 lr 6.49e-05
  epoch 10 step 32950/80280 loss 0.9115 lr 6.48e-05
  epoch 10 step 33000/80280 loss 0.9118 lr 6.47e-05
  epoch 10 step 33050/80280 loss 0.9115 lr 6.46e-05
  epoch 10 step 33100/80280 loss 0.9112 lr 6.45e-05
  epoch 10 step 33150/80280 loss 0.9109 lr 6.44e-05
  epoch 10 step 33200/80280 loss 0.9110 lr 6.43e-05
  epoch 10 step 33250/80280 loss 0.9109 lr 6.42e-05
  epoch 10 step 33300/80280 loss 0.9109 lr 6.41e-05
  epoch 10 step 33350/80280 loss 0.9107 lr 6.40e-05
  epoch 10 step 33400/80280 loss 0.9105 lr 6.40e-05
  epoch 10 step 33450/80280 loss 0.9102 lr 6.39e-05
epoch 10/24  loss 0.9102  val mAP@0.5 0.6181  (964s)
    person   AP50 0.6396  (gt 52)
    head     AP50 0.5816  (gt 140)
    helmet   AP50 0.7121  (gt 309)
    vest     AP50 0.8284  (gt 326)
    gloves   AP50 0.3265  (gt 43)
    boots    AP50 0.6205  (gt 142)
    ** saved ppe_fcos.pth (mAP@0.5 0.6181)
  epoch 11 step 33500/80280 loss 0.9093 lr 6.38e-05
  epoch 11 step 33550/80280 loss 0.9108 lr 6.37e-05
  epoch 11 step 33600/80280 loss 0.9047 lr 6.36e-05
  epoch 11 step 33650/80280 loss 0.9056 lr 6.35e-05
  epoch 11 step 33700/80280 loss 0.9041 lr 6.34e-05
  epoch 11 step 33750/80280 loss 0.9022 lr 6.33e-05
  epoch 11 step 33800/80280 loss 0.9023 lr 6.32e-05
  epoch 11 step 33850/80280 loss 0.9008 lr 6.31e-05
  epoch 11 step 33900/80280 loss 0.9026 lr 6.30e-05
  epoch 11 step 33950/80280 loss 0.9038 lr 6.29e-05
  epoch 11 step 34000/80280 loss 0.9053 lr 6.28e-05
  epoch 11 step 34050/80280 loss 0.9051 lr 6.27e-05
  epoch 11 step 34100/80280 loss 0.9052 lr 6.26e-05
  epoch 11 step 34150/80280 loss 0.9064 lr 6.25e-05
  epoch 11 step 34200/80280 loss 0.9059 lr 6.24e-05
  epoch 11 step 34250/80280 loss 0.9059 lr 6.24e-05
  epoch 11 step 34300/80280 loss 0.9076 lr 6.23e-05
  epoch 11 step 34350/80280 loss 0.9091 lr 6.22e-05
  epoch 11 step 34400/80280 loss 0.9085 lr 6.21e-05
  epoch 11 step 34450/80280 loss 0.9096 lr 6.20e-05
  epoch 11 step 34500/80280 loss 0.9093 lr 6.19e-05
  epoch 11 step 34550/80280 loss 0.9092 lr 6.18e-05
  epoch 11 step 34600/80280 loss 0.9084 lr 6.17e-05
  epoch 11 step 34650/80280 loss 0.9083 lr 6.16e-05
  epoch 11 step 34700/80280 loss 0.9083 lr 6.15e-05
  epoch 11 step 34750/80280 loss 0.9083 lr 6.14e-05
  epoch 11 step 34800/80280 loss 0.9080 lr 6.13e-05
  epoch 11 step 34850/80280 loss 0.9074 lr 6.12e-05
  epoch 11 step 34900/80280 loss 0.9075 lr 6.11e-05
  epoch 11 step 34950/80280 loss 0.9072 lr 6.10e-05
  epoch 11 step 35000/80280 loss 0.9065 lr 6.09e-05
  epoch 11 step 35050/80280 loss 0.9064 lr 6.08e-05
  epoch 11 step 35100/80280 loss 0.9067 lr 6.07e-05
  epoch 11 step 35150/80280 loss 0.9064 lr 6.06e-05
  epoch 11 step 35200/80280 loss 0.9069 lr 6.05e-05
  epoch 11 step 35250/80280 loss 0.9077 lr 6.05e-05
  epoch 11 step 35300/80280 loss 0.9083 lr 6.04e-05
  epoch 11 step 35350/80280 loss 0.9078 lr 6.03e-05
  epoch 11 step 35400/80280 loss 0.9073 lr 6.02e-05
  epoch 11 step 35450/80280 loss 0.9073 lr 6.01e-05
  epoch 11 step 35500/80280 loss 0.9074 lr 6.00e-05
  epoch 11 step 35550/80280 loss 0.9079 lr 5.99e-05
  epoch 11 step 35600/80280 loss 0.9080 lr 5.98e-05
  epoch 11 step 35650/80280 loss 0.9075 lr 5.97e-05
  epoch 11 step 35700/80280 loss 0.9074 lr 5.96e-05
  epoch 11 step 35750/80280 loss 0.9067 lr 5.95e-05
  epoch 11 step 35800/80280 loss 0.9069 lr 5.94e-05
  epoch 11 step 35850/80280 loss 0.9068 lr 5.93e-05
  epoch 11 step 35900/80280 loss 0.9066 lr 5.92e-05
  epoch 11 step 35950/80280 loss 0.9067 lr 5.91e-05
  epoch 11 step 36000/80280 loss 0.9070 lr 5.90e-05
  epoch 11 step 36050/80280 loss 0.9073 lr 5.89e-05
  epoch 11 step 36100/80280 loss 0.9072 lr 5.88e-05
  epoch 11 step 36150/80280 loss 0.9065 lr 5.87e-05
  epoch 11 step 36200/80280 loss 0.9066 lr 5.86e-05
  epoch 11 step 36250/80280 loss 0.9058 lr 5.85e-05
  epoch 11 step 36300/80280 loss 0.9055 lr 5.84e-05
  epoch 11 step 36350/80280 loss 0.9056 lr 5.83e-05
  epoch 11 step 36400/80280 loss 0.9053 lr 5.82e-05
  epoch 11 step 36450/80280 loss 0.9055 lr 5.82e-05
  epoch 11 step 36500/80280 loss 0.9055 lr 5.81e-05
  epoch 11 step 36550/80280 loss 0.9056 lr 5.80e-05
  epoch 11 step 36600/80280 loss 0.9055 lr 5.79e-05
  epoch 11 step 36650/80280 loss 0.9052 lr 5.78e-05
  epoch 11 step 36700/80280 loss 0.9050 lr 5.77e-05
  epoch 11 step 36750/80280 loss 0.9051 lr 5.76e-05
epoch 11/24  loss 0.9049  val mAP@0.5 0.6278  (963s)
    person   AP50 0.6461  (gt 52)
    head     AP50 0.5887  (gt 140)
    helmet   AP50 0.7167  (gt 309)
    vest     AP50 0.8344  (gt 326)
    gloves   AP50 0.3360  (gt 43)
    boots    AP50 0.6447  (gt 142)
    ** saved ppe_fcos.pth (mAP@0.5 0.6278)
  epoch 12 step 36800/80280 loss 0.9370 lr 5.75e-05
  epoch 12 step 36850/80280 loss 0.9154 lr 5.74e-05
  epoch 12 step 36900/80280 loss 0.9154 lr 5.73e-05
  epoch 12 step 36950/80280 loss 0.9105 lr 5.72e-05
  epoch 12 step 37000/80280 loss 0.9108 lr 5.71e-05
  epoch 12 step 37050/80280 loss 0.9050 lr 5.70e-05
  epoch 12 step 37100/80280 loss 0.9060 lr 5.69e-05
  epoch 12 step 37150/80280 loss 0.9090 lr 5.68e-05
  epoch 12 step 37200/80280 loss 0.9045 lr 5.67e-05
  epoch 12 step 37250/80280 loss 0.9056 lr 5.66e-05
  epoch 12 step 37300/80280 loss 0.9055 lr 5.65e-05
  epoch 12 step 37350/80280 loss 0.9055 lr 5.64e-05
  epoch 12 step 37400/80280 loss 0.9047 lr 5.63e-05
  epoch 12 step 37450/80280 loss 0.9050 lr 5.62e-05
  epoch 12 step 37500/80280 loss 0.9046 lr 5.61e-05
  epoch 12 step 37550/80280 loss 0.9049 lr 5.60e-05
  epoch 12 step 37600/80280 loss 0.9028 lr 5.59e-05
  epoch 12 step 37650/80280 loss 0.9026 lr 5.58e-05
  epoch 12 step 37700/80280 loss 0.9042 lr 5.57e-05
  epoch 12 step 37750/80280 loss 0.9039 lr 5.56e-05
  epoch 12 step 37800/80280 loss 0.9048 lr 5.55e-05
  epoch 12 step 37850/80280 loss 0.9047 lr 5.54e-05
  epoch 12 step 37900/80280 loss 0.9048 lr 5.53e-05
  epoch 12 step 37950/80280 loss 0.9052 lr 5.53e-05
  epoch 12 step 38000/80280 loss 0.9049 lr 5.52e-05
  epoch 12 step 38050/80280 loss 0.9053 lr 5.51e-05
  epoch 12 step 38100/80280 loss 0.9048 lr 5.50e-05
  epoch 12 step 38150/80280 loss 0.9043 lr 5.49e-05
  epoch 12 step 38200/80280 loss 0.9040 lr 5.48e-05
  epoch 12 step 38250/80280 loss 0.9041 lr 5.47e-05
  epoch 12 step 38300/80280 loss 0.9033 lr 5.46e-05
  epoch 12 step 38350/80280 loss 0.9035 lr 5.45e-05
  epoch 12 step 38400/80280 loss 0.9031 lr 5.44e-05
  epoch 12 step 38450/80280 loss 0.9028 lr 5.43e-05
  epoch 12 step 38500/80280 loss 0.9022 lr 5.42e-05
  epoch 12 step 38550/80280 loss 0.9019 lr 5.41e-05
  epoch 12 step 38600/80280 loss 0.9024 lr 5.40e-05
  epoch 12 step 38650/80280 loss 0.9019 lr 5.39e-05
  epoch 12 step 38700/80280 loss 0.9012 lr 5.38e-05
  epoch 12 step 38750/80280 loss 0.9016 lr 5.37e-05
  epoch 12 step 38800/80280 loss 0.9020 lr 5.36e-05
  epoch 12 step 38850/80280 loss 0.9020 lr 5.35e-05
  epoch 12 step 38900/80280 loss 0.9023 lr 5.34e-05
  epoch 12 step 38950/80280 loss 0.9023 lr 5.33e-05
  epoch 12 step 39000/80280 loss 0.9027 lr 5.32e-05
  epoch 12 step 39050/80280 loss 0.9026 lr 5.31e-05
  epoch 12 step 39100/80280 loss 0.9027 lr 5.30e-05
  epoch 12 step 39150/80280 loss 0.9025 lr 5.29e-05
  epoch 12 step 39200/80280 loss 0.9026 lr 5.28e-05
  epoch 12 step 39250/80280 loss 0.9028 lr 5.27e-05
  epoch 12 step 39300/80280 loss 0.9027 lr 5.26e-05
  epoch 12 step 39350/80280 loss 0.9025 lr 5.25e-05
  epoch 12 step 39400/80280 loss 0.9021 lr 5.24e-05
  epoch 12 step 39450/80280 loss 0.9020 lr 5.23e-05
  epoch 12 step 39500/80280 loss 0.9019 lr 5.22e-05
  epoch 12 step 39550/80280 loss 0.9013 lr 5.21e-05
  epoch 12 step 39600/80280 loss 0.9010 lr 5.20e-05
  epoch 12 step 39650/80280 loss 0.9012 lr 5.19e-05
  epoch 12 step 39700/80280 loss 0.9014 lr 5.18e-05
  epoch 12 step 39750/80280 loss 0.9016 lr 5.17e-05
  epoch 12 step 39800/80280 loss 0.9014 lr 5.17e-05
  epoch 12 step 39850/80280 loss 0.9016 lr 5.16e-05
  epoch 12 step 39900/80280 loss 0.9015 lr 5.15e-05
  epoch 12 step 39950/80280 loss 0.9013 lr 5.14e-05
  epoch 12 step 40000/80280 loss 0.9012 lr 5.13e-05
  epoch 12 step 40050/80280 loss 0.9011 lr 5.12e-05
  epoch 12 step 40100/80280 loss 0.9007 lr 5.11e-05
epoch 12/24  loss 0.9007  val mAP@0.5 0.6340  (960s)
    person   AP50 0.6624  (gt 52)
    head     AP50 0.6051  (gt 140)
    helmet   AP50 0.7246  (gt 309)
    vest     AP50 0.8401  (gt 326)
    gloves   AP50 0.3388  (gt 43)
    boots    AP50 0.6329  (gt 142)
    ** saved ppe_fcos.pth (mAP@0.5 0.6340)
  epoch 13 step 40150/80280 loss 0.8338 lr 5.10e-05
  epoch 13 step 40200/80280 loss 0.8881 lr 5.09e-05
  epoch 13 step 40250/80280 loss 0.8811 lr 5.08e-05
  epoch 13 step 40300/80280 loss 0.8771 lr 5.07e-05
  epoch 13 step 40350/80280 loss 0.8805 lr 5.06e-05
  epoch 13 step 40400/80280 loss 0.8850 lr 5.05e-05
  epoch 13 step 40450/80280 loss 0.8887 lr 5.04e-05
  epoch 13 step 40500/80280 loss 0.8879 lr 5.03e-05
  epoch 13 step 40550/80280 loss 0.8900 lr 5.02e-05
  epoch 13 step 40600/80280 loss 0.8929 lr 5.01e-05
  epoch 13 step 40650/80280 loss 0.8932 lr 5.00e-05
  epoch 13 step 40700/80280 loss 0.8932 lr 4.99e-05
  epoch 13 step 40750/80280 loss 0.8927 lr 4.98e-05
  epoch 13 step 40800/80280 loss 0.8919 lr 4.97e-05
  epoch 13 step 40850/80280 loss 0.8922 lr 4.96e-05
  epoch 13 step 40900/80280 loss 0.8926 lr 4.95e-05
  epoch 13 step 40950/80280 loss 0.8924 lr 4.94e-05
  epoch 13 step 41000/80280 loss 0.8916 lr 4.93e-05
  epoch 13 step 41050/80280 loss 0.8921 lr 4.92e-05
  epoch 13 step 41100/80280 loss 0.8924 lr 4.91e-05
  epoch 13 step 41150/80280 loss 0.8928 lr 4.90e-05
  epoch 13 step 41200/80280 loss 0.8922 lr 4.89e-05
  epoch 13 step 41250/80280 loss 0.8910 lr 4.88e-05
  epoch 13 step 41300/80280 loss 0.8912 lr 4.87e-05
  epoch 13 step 41350/80280 loss 0.8910 lr 4.86e-05
  epoch 13 step 41400/80280 loss 0.8913 lr 4.85e-05
  epoch 13 step 41450/80280 loss 0.8918 lr 4.84e-05
  epoch 13 step 41500/80280 loss 0.8922 lr 4.83e-05
  epoch 13 step 41550/80280 loss 0.8927 lr 4.82e-05
  epoch 13 step 41600/80280 loss 0.8927 lr 4.81e-05
  epoch 13 step 41650/80280 loss 0.8927 lr 4.80e-05
  epoch 13 step 41700/80280 loss 0.8926 lr 4.79e-05
  epoch 13 step 41750/80280 loss 0.8924 lr 4.79e-05
  epoch 13 step 41800/80280 loss 0.8923 lr 4.78e-05
  epoch 13 step 41850/80280 loss 0.8917 lr 4.77e-05
  epoch 13 step 41900/80280 loss 0.8912 lr 4.76e-05
  epoch 13 step 41950/80280 loss 0.8909 lr 4.75e-05
  epoch 13 step 42000/80280 loss 0.8907 lr 4.74e-05
  epoch 13 step 42050/80280 loss 0.8908 lr 4.73e-05
  epoch 13 step 42100/80280 loss 0.8916 lr 4.72e-05
  epoch 13 step 42150/80280 loss 0.8916 lr 4.71e-05
  epoch 13 step 42200/80280 loss 0.8913 lr 4.70e-05
  epoch 13 step 42250/80280 loss 0.8915 lr 4.69e-05
  epoch 13 step 42300/80280 loss 0.8914 lr 4.68e-05
  epoch 13 step 42350/80280 loss 0.8913 lr 4.67e-05
  epoch 13 step 42400/80280 loss 0.8914 lr 4.66e-05
  epoch 13 step 42450/80280 loss 0.8912 lr 4.65e-05
  epoch 13 step 42500/80280 loss 0.8915 lr 4.64e-05
  epoch 13 step 42550/80280 loss 0.8916 lr 4.63e-05
  epoch 13 step 42600/80280 loss 0.8916 lr 4.62e-05
  epoch 13 step 42650/80280 loss 0.8920 lr 4.61e-05
  epoch 13 step 42700/80280 loss 0.8916 lr 4.60e-05
  epoch 13 step 42750/80280 loss 0.8916 lr 4.59e-05
  epoch 13 step 42800/80280 loss 0.8913 lr 4.58e-05
  epoch 13 step 42850/80280 loss 0.8910 lr 4.57e-05
  epoch 13 step 42900/80280 loss 0.8908 lr 4.56e-05
  epoch 13 step 42950/80280 loss 0.8909 lr 4.55e-05
  epoch 13 step 43000/80280 loss 0.8909 lr 4.54e-05
  epoch 13 step 43050/80280 loss 0.8906 lr 4.53e-05
  epoch 13 step 43100/80280 loss 0.8905 lr 4.52e-05
  epoch 13 step 43150/80280 loss 0.8905 lr 4.51e-05
  epoch 13 step 43200/80280 loss 0.8905 lr 4.50e-05
  epoch 13 step 43250/80280 loss 0.8905 lr 4.49e-05
  epoch 13 step 43300/80280 loss 0.8906 lr 4.48e-05
  epoch 13 step 43350/80280 loss 0.8903 lr 4.47e-05
  epoch 13 step 43400/80280 loss 0.8908 lr 4.46e-05
  epoch 13 step 43450/80280 loss 0.8903 lr 4.46e-05
epoch 13/24  loss 0.8905  val mAP@0.5 0.6385  (872s)
    person   AP50 0.6761  (gt 52)
    head     AP50 0.6051  (gt 140)
    helmet   AP50 0.7342  (gt 309)
    vest     AP50 0.8418  (gt 326)
    gloves   AP50 0.3482  (gt 43)
    boots    AP50 0.6256  (gt 142)
    ** saved ppe_fcos.pth (mAP@0.5 0.6385)
  epoch 14 step 43500/80280 loss 0.9004 lr 4.45e-05
  epoch 14 step 43550/80280 loss 0.9009 lr 4.44e-05
  epoch 14 step 43600/80280 loss 0.8968 lr 4.43e-05
  epoch 14 step 43650/80280 loss 0.8988 lr 4.42e-05
  epoch 14 step 43700/80280 loss 0.8945 lr 4.41e-05
  epoch 14 step 43750/80280 loss 0.8998 lr 4.40e-05
  epoch 14 step 43800/80280 loss 0.8967 lr 4.39e-05
  epoch 14 step 43850/80280 loss 0.8976 lr 4.38e-05
  epoch 14 step 43900/80280 loss 0.8942 lr 4.37e-05
  epoch 14 step 43950/80280 loss 0.8940 lr 4.36e-05
  epoch 14 step 44000/80280 loss 0.8922 lr 4.35e-05
  epoch 14 step 44050/80280 loss 0.8924 lr 4.34e-05
  epoch 14 step 44100/80280 loss 0.8923 lr 4.33e-05
  epoch 14 step 44150/80280 loss 0.8924 lr 4.32e-05
  epoch 14 step 44200/80280 loss 0.8921 lr 4.31e-05
  epoch 14 step 44250/80280 loss 0.8924 lr 4.30e-05
  epoch 14 step 44300/80280 loss 0.8927 lr 4.29e-05
  epoch 14 step 44350/80280 loss 0.8937 lr 4.28e-05
  epoch 14 step 44400/80280 loss 0.8931 lr 4.27e-05
  epoch 14 step 44450/80280 loss 0.8933 lr 4.26e-05
  epoch 14 step 44500/80280 loss 0.8934 lr 4.25e-05
  epoch 14 step 44550/80280 loss 0.8930 lr 4.24e-05
  epoch 14 step 44600/80280 loss 0.8937 lr 4.23e-05
  epoch 14 step 44650/80280 loss 0.8934 lr 4.22e-05
  epoch 14 step 44700/80280 loss 0.8928 lr 4.21e-05
  epoch 14 step 44750/80280 loss 0.8925 lr 4.20e-05
  epoch 14 step 44800/80280 loss 0.8924 lr 4.19e-05
  epoch 14 step 44850/80280 loss 0.8917 lr 4.19e-05
  epoch 14 step 44900/80280 loss 0.8916 lr 4.18e-05
  epoch 14 step 44950/80280 loss 0.8916 lr 4.17e-05
  epoch 14 step 45000/80280 loss 0.8915 lr 4.16e-05
  epoch 14 step 45050/80280 loss 0.8913 lr 4.15e-05
  epoch 14 step 45100/80280 loss 0.8911 lr 4.14e-05
  epoch 14 step 45150/80280 loss 0.8913 lr 4.13e-05
  epoch 14 step 45200/80280 loss 0.8908 lr 4.12e-05
  epoch 14 step 45250/80280 loss 0.8905 lr 4.11e-05
  epoch 14 step 45300/80280 loss 0.8900 lr 4.10e-05
  epoch 14 step 45350/80280 loss 0.8897 lr 4.09e-05
  epoch 14 step 45400/80280 loss 0.8893 lr 4.08e-05
  epoch 14 step 45450/80280 loss 0.8892 lr 4.07e-05
  epoch 14 step 45500/80280 loss 0.8894 lr 4.06e-05
  epoch 14 step 45550/80280 loss 0.8892 lr 4.05e-05
  epoch 14 step 45600/80280 loss 0.8887 lr 4.04e-05
  epoch 14 step 45650/80280 loss 0.8886 lr 4.03e-05
  epoch 14 step 45700/80280 loss 0.8886 lr 4.02e-05
  epoch 14 step 45750/80280 loss 0.8890 lr 4.01e-05
  epoch 14 step 45800/80280 loss 0.8887 lr 4.00e-05
  epoch 14 step 45850/80280 loss 0.8886 lr 3.99e-05
  epoch 14 step 45900/80280 loss 0.8885 lr 3.98e-05
  epoch 14 step 45950/80280 loss 0.8888 lr 3.98e-05
  epoch 14 step 46000/80280 loss 0.8887 lr 3.97e-05
  epoch 14 step 46050/80280 loss 0.8888 lr 3.96e-05
  epoch 14 step 46100/80280 loss 0.8890 lr 3.95e-05
  epoch 14 step 46150/80280 loss 0.8889 lr 3.94e-05
  epoch 14 step 46200/80280 loss 0.8889 lr 3.93e-05
  epoch 14 step 46250/80280 loss 0.8890 lr 3.92e-05
  epoch 14 step 46300/80280 loss 0.8889 lr 3.91e-05
  epoch 14 step 46350/80280 loss 0.8890 lr 3.90e-05
  epoch 14 step 46400/80280 loss 0.8893 lr 3.89e-05
  epoch 14 step 46450/80280 loss 0.8893 lr 3.88e-05
  epoch 14 step 46500/80280 loss 0.8891 lr 3.87e-05
  epoch 14 step 46550/80280 loss 0.8890 lr 3.86e-05
  epoch 14 step 46600/80280 loss 0.8890 lr 3.85e-05
  epoch 14 step 46650/80280 loss 0.8886 lr 3.84e-05
  epoch 14 step 46700/80280 loss 0.8883 lr 3.83e-05
  epoch 14 step 46750/80280 loss 0.8884 lr 3.82e-05
  epoch 14 step 46800/80280 loss 0.8885 lr 3.81e-05
epoch 14/24  loss 0.8885  val mAP@0.5 0.6375  (817s)
    person   AP50 0.6564  (gt 52)
    head     AP50 0.6034  (gt 140)
    helmet   AP50 0.7432  (gt 309)
    vest     AP50 0.8439  (gt 326)
    gloves   AP50 0.3502  (gt 43)
    boots    AP50 0.6277  (gt 142)
  epoch 15 step 46850/80280 loss 0.8520 lr 3.80e-05
  epoch 15 step 46900/80280 loss 0.8713 lr 3.80e-05
  epoch 15 step 46950/80280 loss 0.8763 lr 3.79e-05
  epoch 15 step 47000/80280 loss 0.8834 lr 3.78e-05
  epoch 15 step 47050/80280 loss 0.8818 lr 3.77e-05
  epoch 15 step 47100/80280 loss 0.8829 lr 3.76e-05
  epoch 15 step 47150/80280 loss 0.8818 lr 3.75e-05
  epoch 15 step 47200/80280 loss 0.8838 lr 3.74e-05
  epoch 15 step 47250/80280 loss 0.8833 lr 3.73e-05
  epoch 15 step 47300/80280 loss 0.8821 lr 3.72e-05
  epoch 15 step 47350/80280 loss 0.8823 lr 3.71e-05
  epoch 15 step 47400/80280 loss 0.8825 lr 3.70e-05
  epoch 15 step 47450/80280 loss 0.8813 lr 3.69e-05
  epoch 15 step 47500/80280 loss 0.8807 lr 3.68e-05
  epoch 15 step 47550/80280 loss 0.8795 lr 3.67e-05
  epoch 15 step 47600/80280 loss 0.8814 lr 3.66e-05
  epoch 15 step 47650/80280 loss 0.8815 lr 3.65e-05
  epoch 15 step 47700/80280 loss 0.8807 lr 3.64e-05
  epoch 15 step 47750/80280 loss 0.8797 lr 3.64e-05
  epoch 15 step 47800/80280 loss 0.8808 lr 3.63e-05
  epoch 15 step 47850/80280 loss 0.8796 lr 3.62e-05
  epoch 15 step 47900/80280 loss 0.8792 lr 3.61e-05
  epoch 15 step 47950/80280 loss 0.8794 lr 3.60e-05
  epoch 15 step 48000/80280 loss 0.8793 lr 3.59e-05
  epoch 15 step 48050/80280 loss 0.8795 lr 3.58e-05
  epoch 15 step 48100/80280 loss 0.8801 lr 3.57e-05
  epoch 15 step 48150/80280 loss 0.8798 lr 3.56e-05
  epoch 15 step 48200/80280 loss 0.8796 lr 3.55e-05
  epoch 15 step 48250/80280 loss 0.8799 lr 3.54e-05
  epoch 15 step 48300/80280 loss 0.8795 lr 3.53e-05
  epoch 15 step 48350/80280 loss 0.8807 lr 3.52e-05
  epoch 15 step 48400/80280 loss 0.8814 lr 3.51e-05
  epoch 15 step 48450/80280 loss 0.8808 lr 3.51e-05
  epoch 15 step 48500/80280 loss 0.8810 lr 3.50e-05
  epoch 15 step 48550/80280 loss 0.8804 lr 3.49e-05
  epoch 15 step 48600/80280 loss 0.8806 lr 3.48e-05
  epoch 15 step 48650/80280 loss 0.8806 lr 3.47e-05
  epoch 15 step 48700/80280 loss 0.8806 lr 3.46e-05
  epoch 15 step 48750/80280 loss 0.8801 lr 3.45e-05
  epoch 15 step 48800/80280 loss 0.8801 lr 3.44e-05
  epoch 15 step 48850/80280 loss 0.8802 lr 3.43e-05
  epoch 15 step 48900/80280 loss 0.8801 lr 3.42e-05
  epoch 15 step 48950/80280 loss 0.8800 lr 3.41e-05
  epoch 15 step 49000/80280 loss 0.8802 lr 3.40e-05
  epoch 15 step 49050/80280 loss 0.8802 lr 3.39e-05
  epoch 15 step 49100/80280 loss 0.8801 lr 3.39e-05
  epoch 15 step 49150/80280 loss 0.8799 lr 3.38e-05
  epoch 15 step 49200/80280 loss 0.8801 lr 3.37e-05
  epoch 15 step 49250/80280 loss 0.8805 lr 3.36e-05
  epoch 15 step 49300/80280 loss 0.8807 lr 3.35e-05
  epoch 15 step 49350/80280 loss 0.8806 lr 3.34e-05
  epoch 15 step 49400/80280 loss 0.8808 lr 3.33e-05
  epoch 15 step 49450/80280 loss 0.8808 lr 3.32e-05
  epoch 15 step 49500/80280 loss 0.8813 lr 3.31e-05
  epoch 15 step 49550/80280 loss 0.8816 lr 3.30e-05
  epoch 15 step 49600/80280 loss 0.8816 lr 3.29e-05
  epoch 15 step 49650/80280 loss 0.8815 lr 3.28e-05
  epoch 15 step 49700/80280 loss 0.8815 lr 3.28e-05
  epoch 15 step 49750/80280 loss 0.8811 lr 3.27e-05
  epoch 15 step 49800/80280 loss 0.8812 lr 3.26e-05
  epoch 15 step 49850/80280 loss 0.8812 lr 3.25e-05
  epoch 15 step 49900/80280 loss 0.8811 lr 3.24e-05
  epoch 15 step 49950/80280 loss 0.8810 lr 3.23e-05
  epoch 15 step 50000/80280 loss 0.8808 lr 3.22e-05
  epoch 15 step 50050/80280 loss 0.8808 lr 3.21e-05
  epoch 15 step 50100/80280 loss 0.8810 lr 3.20e-05
  epoch 15 step 50150/80280 loss 0.8809 lr 3.19e-05
epoch 15/24  loss 0.8809  val mAP@0.5 0.6301  (820s)
    person   AP50 0.6401  (gt 52)
    head     AP50 0.5954  (gt 140)
    helmet   AP50 0.7421  (gt 309)
    vest     AP50 0.8414  (gt 326)
    gloves   AP50 0.3443  (gt 43)
    boots    AP50 0.6172  (gt 142)
  epoch 16 step 50200/80280 loss 0.8814 lr 3.19e-05
  epoch 16 step 50250/80280 loss 0.8844 lr 3.18e-05
  epoch 16 step 50300/80280 loss 0.8844 lr 3.17e-05
  epoch 16 step 50350/80280 loss 0.8788 lr 3.16e-05
  epoch 16 step 50400/80280 loss 0.8773 lr 3.15e-05
  epoch 16 step 50450/80280 loss 0.8771 lr 3.14e-05
  epoch 16 step 50500/80280 loss 0.8773 lr 3.13e-05
  epoch 16 step 50550/80280 loss 0.8772 lr 3.12e-05
  epoch 16 step 50600/80280 loss 0.8790 lr 3.11e-05
  epoch 16 step 50650/80280 loss 0.8780 lr 3.10e-05
  epoch 16 step 50700/80280 loss 0.8773 lr 3.10e-05
  epoch 16 step 50750/80280 loss 0.8762 lr 3.09e-05
  epoch 16 step 50800/80280 loss 0.8758 lr 3.08e-05
  epoch 16 step 50850/80280 loss 0.8757 lr 3.07e-05
  epoch 16 step 50900/80280 loss 0.8753 lr 3.06e-05
  epoch 16 step 50950/80280 loss 0.8760 lr 3.05e-05
  epoch 16 step 51000/80280 loss 0.8768 lr 3.04e-05
  epoch 16 step 51050/80280 loss 0.8772 lr 3.03e-05
  epoch 16 step 51100/80280 loss 0.8777 lr 3.02e-05
  epoch 16 step 51150/80280 loss 0.8780 lr 3.02e-05
  epoch 16 step 51200/80280 loss 0.8787 lr 3.01e-05
  epoch 16 step 51250/80280 loss 0.8790 lr 3.00e-05
  epoch 16 step 51300/80280 loss 0.8801 lr 2.99e-05
  epoch 16 step 51350/80280 loss 0.8797 lr 2.98e-05
  epoch 16 step 51400/80280 loss 0.8794 lr 2.97e-05
  epoch 16 step 51450/80280 loss 0.8805 lr 2.96e-05
  epoch 16 step 51500/80280 loss 0.8798 lr 2.95e-05
  epoch 16 step 51550/80280 loss 0.8805 lr 2.94e-05
  epoch 16 step 51600/80280 loss 0.8799 lr 2.94e-05
  epoch 16 step 51650/80280 loss 0.8797 lr 2.93e-05
  epoch 16 step 51700/80280 loss 0.8795 lr 2.92e-05
  epoch 16 step 51750/80280 loss 0.8796 lr 2.91e-05
  epoch 16 step 51800/80280 loss 0.8796 lr 2.90e-05
  epoch 16 step 51850/80280 loss 0.8797 lr 2.89e-05
  epoch 16 step 51900/80280 loss 0.8796 lr 2.88e-05
  epoch 16 step 51950/80280 loss 0.8786 lr 2.87e-05
  epoch 16 step 52000/80280 loss 0.8787 lr 2.87e-05
  epoch 16 step 52050/80280 loss 0.8783 lr 2.86e-05
  epoch 16 step 52100/80280 loss 0.8776 lr 2.85e-05
  epoch 16 step 52150/80280 loss 0.8774 lr 2.84e-05
  epoch 16 step 52200/80280 loss 0.8772 lr 2.83e-05
  epoch 16 step 52250/80280 loss 0.8773 lr 2.82e-05
  epoch 16 step 52300/80280 loss 0.8776 lr 2.81e-05
  epoch 16 step 52350/80280 loss 0.8776 lr 2.80e-05
  epoch 16 step 52400/80280 loss 0.8771 lr 2.80e-05
  epoch 16 step 52450/80280 loss 0.8770 lr 2.79e-05
  epoch 16 step 52500/80280 loss 0.8768 lr 2.78e-05
  epoch 16 step 52550/80280 loss 0.8772 lr 2.77e-05
  epoch 16 step 52600/80280 loss 0.8773 lr 2.76e-05
  epoch 16 step 52650/80280 loss 0.8771 lr 2.75e-05
  epoch 16 step 52700/80280 loss 0.8773 lr 2.74e-05
  epoch 16 step 52750/80280 loss 0.8771 lr 2.73e-05
  epoch 16 step 52800/80280 loss 0.8773 lr 2.73e-05
  epoch 16 step 52850/80280 loss 0.8772 lr 2.72e-05
  epoch 16 step 52900/80280 loss 0.8772 lr 2.71e-05
  epoch 16 step 52950/80280 loss 0.8768 lr 2.70e-05
  epoch 16 step 53000/80280 loss 0.8767 lr 2.69e-05
  epoch 16 step 53050/80280 loss 0.8765 lr 2.68e-05
  epoch 16 step 53100/80280 loss 0.8765 lr 2.67e-05
  epoch 16 step 53150/80280 loss 0.8762 lr 2.67e-05
  epoch 16 step 53200/80280 loss 0.8762 lr 2.66e-05
  epoch 16 step 53250/80280 loss 0.8760 lr 2.65e-05
  epoch 16 step 53300/80280 loss 0.8765 lr 2.64e-05
  epoch 16 step 53350/80280 loss 0.8766 lr 2.63e-05
  epoch 16 step 53400/80280 loss 0.8763 lr 2.62e-05
  epoch 16 step 53450/80280 loss 0.8764 lr 2.62e-05
  epoch 16 step 53500/80280 loss 0.8763 lr 2.61e-05
epoch 16/24  loss 0.8762  val mAP@0.5 0.6285  (836s)
    person   AP50 0.6438  (gt 52)
    head     AP50 0.6035  (gt 140)
    helmet   AP50 0.7575  (gt 309)
    vest     AP50 0.8383  (gt 326)
    gloves   AP50 0.3431  (gt 43)
    boots    AP50 0.5846  (gt 142)
  epoch 17 step 53550/80280 loss 0.8880 lr 2.60e-05
  epoch 17 step 53600/80280 loss 0.8934 lr 2.59e-05
  epoch 17 step 53650/80280 loss 0.8792 lr 2.58e-05
  epoch 17 step 53700/80280 loss 0.8786 lr 2.57e-05
  epoch 17 step 53750/80280 loss 0.8735 lr 2.56e-05
  epoch 17 step 53800/80280 loss 0.8774 lr 2.56e-05
  epoch 17 step 53850/80280 loss 0.8771 lr 2.55e-05
  epoch 17 step 53900/80280 loss 0.8772 lr 2.54e-05
  epoch 17 step 53950/80280 loss 0.8741 lr 2.53e-05
  epoch 17 step 54000/80280 loss 0.8732 lr 2.52e-05
  epoch 17 step 54050/80280 loss 0.8722 lr 2.51e-05
  epoch 17 step 54100/80280 loss 0.8730 lr 2.51e-05
  epoch 17 step 54150/80280 loss 0.8729 lr 2.50e-05
  epoch 17 step 54200/80280 loss 0.8734 lr 2.49e-05
  epoch 17 step 54250/80280 loss 0.8724 lr 2.48e-05
  epoch 17 step 54300/80280 loss 0.8733 lr 2.47e-05
  epoch 17 step 54350/80280 loss 0.8730 lr 2.46e-05
  epoch 17 step 54400/80280 loss 0.8737 lr 2.46e-05
  epoch 17 step 54450/80280 loss 0.8745 lr 2.45e-05
  epoch 17 step 54500/80280 loss 0.8747 lr 2.44e-05
  epoch 17 step 54550/80280 loss 0.8741 lr 2.43e-05
  epoch 17 step 54600/80280 loss 0.8734 lr 2.42e-05
  epoch 17 step 54650/80280 loss 0.8738 lr 2.41e-05
  epoch 17 step 54700/80280 loss 0.8744 lr 2.41e-05
  epoch 17 step 54750/80280 loss 0.8740 lr 2.40e-05
  epoch 17 step 54800/80280 loss 0.8745 lr 2.39e-05
  epoch 17 step 54850/80280 loss 0.8753 lr 2.38e-05
  epoch 17 step 54900/80280 loss 0.8748 lr 2.37e-05
  epoch 17 step 54950/80280 loss 0.8747 lr 2.37e-05
  epoch 17 step 55000/80280 loss 0.8750 lr 2.36e-05
  epoch 17 step 55050/80280 loss 0.8751 lr 2.35e-05
  epoch 17 step 55100/80280 loss 0.8744 lr 2.34e-05
  epoch 17 step 55150/80280 loss 0.8749 lr 2.33e-05
  epoch 17 step 55200/80280 loss 0.8747 lr 2.32e-05
  epoch 17 step 55250/80280 loss 0.8741 lr 2.32e-05
  epoch 17 step 55300/80280 loss 0.8737 lr 2.31e-05
  epoch 17 step 55350/80280 loss 0.8734 lr 2.30e-05
  epoch 17 step 55400/80280 loss 0.8736 lr 2.29e-05
  epoch 17 step 55450/80280 loss 0.8738 lr 2.28e-05
  epoch 17 step 55500/80280 loss 0.8733 lr 2.28e-05
  epoch 17 step 55550/80280 loss 0.8733 lr 2.27e-05
  epoch 17 step 55600/80280 loss 0.8735 lr 2.26e-05
  epoch 17 step 55650/80280 loss 0.8738 lr 2.25e-05
  epoch 17 step 55700/80280 loss 0.8737 lr 2.24e-05
  epoch 17 step 55750/80280 loss 0.8734 lr 2.24e-05
  epoch 17 step 55800/80280 loss 0.8735 lr 2.23e-05
  epoch 17 step 55850/80280 loss 0.8735 lr 2.22e-05
  epoch 17 step 55900/80280 loss 0.8728 lr 2.21e-05
  epoch 17 step 55950/80280 loss 0.8725 lr 2.20e-05
  epoch 17 step 56000/80280 loss 0.8723 lr 2.20e-05
  epoch 17 step 56050/80280 loss 0.8726 lr 2.19e-05
  epoch 17 step 56100/80280 loss 0.8727 lr 2.18e-05
  epoch 17 step 56150/80280 loss 0.8726 lr 2.17e-05
  epoch 17 step 56200/80280 loss 0.8732 lr 2.16e-05
  epoch 17 step 56250/80280 loss 0.8729 lr 2.16e-05
  epoch 17 step 56300/80280 loss 0.8730 lr 2.15e-05
  epoch 17 step 56350/80280 loss 0.8728 lr 2.14e-05
  epoch 17 step 56400/80280 loss 0.8729 lr 2.13e-05
  epoch 17 step 56450/80280 loss 0.8728 lr 2.12e-05
  epoch 17 step 56500/80280 loss 0.8725 lr 2.12e-05
  epoch 17 step 56550/80280 loss 0.8725 lr 2.11e-05
  epoch 17 step 56600/80280 loss 0.8725 lr 2.10e-05
  epoch 17 step 56650/80280 loss 0.8722 lr 2.09e-05
  epoch 17 step 56700/80280 loss 0.8724 lr 2.09e-05
  epoch 17 step 56750/80280 loss 0.8727 lr 2.08e-05
  epoch 17 step 56800/80280 loss 0.8729 lr 2.07e-05
  epoch 17 step 56850/80280 loss 0.8727 lr 2.06e-05
epoch 17/24  loss 0.8726  val mAP@0.5 0.6274  (836s)
    person   AP50 0.6352  (gt 52)
    head     AP50 0.6147  (gt 140)
    helmet   AP50 0.7509  (gt 309)
    vest     AP50 0.8375  (gt 326)
    gloves   AP50 0.3424  (gt 43)
    boots    AP50 0.5839  (gt 142)
  epoch 18 step 56900/80280 loss 0.8654 lr 2.05e-05
  epoch 18 step 56950/80280 loss 0.8666 lr 2.05e-05
  epoch 18 step 57000/80280 loss 0.8677 lr 2.04e-05
  epoch 18 step 57050/80280 loss 0.8672 lr 2.03e-05
  epoch 18 step 57100/80280 loss 0.8661 lr 2.02e-05
  epoch 18 step 57150/80280 loss 0.8645 lr 2.02e-05
  epoch 18 step 57200/80280 loss 0.8668 lr 2.01e-05
  epoch 18 step 57250/80280 loss 0.8673 lr 2.00e-05
  epoch 18 step 57300/80280 loss 0.8679 lr 1.99e-05
  epoch 18 step 57350/80280 loss 0.8670 lr 1.98e-05
  epoch 18 step 57400/80280 loss 0.8668 lr 1.98e-05
  epoch 18 step 57450/80280 loss 0.8679 lr 1.97e-05
  epoch 18 step 57500/80280 loss 0.8685 lr 1.96e-05
  epoch 18 step 57550/80280 loss 0.8683 lr 1.95e-05
  epoch 18 step 57600/80280 loss 0.8694 lr 1.95e-05
  epoch 18 step 57650/80280 loss 0.8693 lr 1.94e-05
  epoch 18 step 57700/80280 loss 0.8695 lr 1.93e-05
  epoch 18 step 57750/80280 loss 0.8688 lr 1.92e-05
  epoch 18 step 57800/80280 loss 0.8691 lr 1.92e-05
  epoch 18 step 57850/80280 loss 0.8695 lr 1.91e-05
  epoch 18 step 57900/80280 loss 0.8696 lr 1.90e-05
  epoch 18 step 57950/80280 loss 0.8695 lr 1.89e-05
  epoch 18 step 58000/80280 loss 0.8700 lr 1.89e-05
  epoch 18 step 58050/80280 loss 0.8700 lr 1.88e-05
  epoch 18 step 58100/80280 loss 0.8696 lr 1.87e-05
  epoch 18 step 58150/80280 loss 0.8708 lr 1.86e-05
  epoch 18 step 58200/80280 loss 0.8710 lr 1.86e-05
  epoch 18 step 58250/80280 loss 0.8710 lr 1.85e-05
  epoch 18 step 58300/80280 loss 0.8714 lr 1.84e-05
  epoch 18 step 58350/80280 loss 0.8717 lr 1.83e-05
  epoch 18 step 58400/80280 loss 0.8713 lr 1.83e-05
  epoch 18 step 58450/80280 loss 0.8711 lr 1.82e-05
  epoch 18 step 58500/80280 loss 0.8704 lr 1.81e-05
  epoch 18 step 58550/80280 loss 0.8702 lr 1.80e-05
  epoch 18 step 58600/80280 loss 0.8705 lr 1.80e-05
  epoch 18 step 58650/80280 loss 0.8707 lr 1.79e-05
  epoch 18 step 58700/80280 loss 0.8705 lr 1.78e-05
  epoch 18 step 58750/80280 loss 0.8701 lr 1.78e-05
  epoch 18 step 58800/80280 loss 0.8704 lr 1.77e-05
  epoch 18 step 58850/80280 loss 0.8704 lr 1.76e-05
  epoch 18 step 58900/80280 loss 0.8707 lr 1.75e-05
  epoch 18 step 58950/80280 loss 0.8706 lr 1.75e-05
  epoch 18 step 59000/80280 loss 0.8708 lr 1.74e-05
  epoch 18 step 59050/80280 loss 0.8706 lr 1.73e-05
  epoch 18 step 59100/80280 loss 0.8712 lr 1.72e-05
  epoch 18 step 59150/80280 loss 0.8712 lr 1.72e-05
  epoch 18 step 59200/80280 loss 0.8706 lr 1.71e-05
  epoch 18 step 59250/80280 loss 0.8707 lr 1.70e-05
  epoch 18 step 59300/80280 loss 0.8705 lr 1.70e-05
  epoch 18 step 59350/80280 loss 0.8706 lr 1.69e-05
  epoch 18 step 59400/80280 loss 0.8710 lr 1.68e-05
  epoch 18 step 59450/80280 loss 0.8710 lr 1.67e-05
  epoch 18 step 59500/80280 loss 0.8705 lr 1.67e-05
  epoch 18 step 59550/80280 loss 0.8704 lr 1.66e-05
  epoch 18 step 59600/80280 loss 0.8706 lr 1.65e-05
  epoch 18 step 59650/80280 loss 0.8705 lr 1.65e-05
  epoch 18 step 59700/80280 loss 0.8706 lr 1.64e-05
  epoch 18 step 59750/80280 loss 0.8705 lr 1.63e-05
  epoch 18 step 59800/80280 loss 0.8704 lr 1.62e-05
  epoch 18 step 59850/80280 loss 0.8704 lr 1.62e-05
  epoch 18 step 59900/80280 loss 0.8706 lr 1.61e-05
  epoch 18 step 59950/80280 loss 0.8702 lr 1.60e-05
  epoch 18 step 60000/80280 loss 0.8702 lr 1.60e-05
  epoch 18 step 60050/80280 loss 0.8700 lr 1.59e-05
  epoch 18 step 60100/80280 loss 0.8703 lr 1.58e-05
  epoch 18 step 60150/80280 loss 0.8701 lr 1.58e-05
  epoch 18 step 60200/80280 loss 0.8702 lr 1.57e-05
epoch 18/24  loss 0.8704  val mAP@0.5 0.6326  (836s)
    person   AP50 0.6373  (gt 52)
    head     AP50 0.6163  (gt 140)
    helmet   AP50 0.7546  (gt 309)
    vest     AP50 0.8398  (gt 326)
    gloves   AP50 0.3579  (gt 43)
    boots    AP50 0.5899  (gt 142)
  epoch 19 step 60250/80280 loss 0.8814 lr 1.56e-05
  epoch 19 step 60300/80280 loss 0.8757 lr 1.55e-05
  epoch 19 step 60350/80280 loss 0.8692 lr 1.55e-05
  epoch 19 step 60400/80280 loss 0.8689 lr 1.54e-05
  epoch 19 step 60450/80280 loss 0.8703 lr 1.53e-05
  epoch 19 step 60500/80280 loss 0.8672 lr 1.53e-05
  epoch 19 step 60550/80280 loss 0.8644 lr 1.52e-05
  epoch 19 step 60600/80280 loss 0.8649 lr 1.51e-05
  epoch 19 step 60650/80280 loss 0.8658 lr 1.51e-05
  epoch 19 step 60700/80280 loss 0.8652 lr 1.50e-05
  epoch 19 step 60750/80280 loss 0.8657 lr 1.49e-05
  epoch 19 step 60800/80280 loss 0.8653 lr 1.49e-05
  epoch 19 step 60850/80280 loss 0.8663 lr 1.48e-05
  epoch 19 step 60900/80280 loss 0.8672 lr 1.47e-05
  epoch 19 step 60950/80280 loss 0.8674 lr 1.47e-05
  epoch 19 step 61000/80280 loss 0.8686 lr 1.46e-05
  epoch 19 step 61050/80280 loss 0.8695 lr 1.45e-05
  epoch 19 step 61100/80280 loss 0.8686 lr 1.45e-05
  epoch 19 step 61150/80280 loss 0.8679 lr 1.44e-05
  epoch 19 step 61200/80280 loss 0.8686 lr 1.43e-05
  epoch 19 step 61250/80280 loss 0.8675 lr 1.43e-05
  epoch 19 step 61300/80280 loss 0.8679 lr 1.42e-05
  epoch 19 step 61350/80280 loss 0.8681 lr 1.41e-05
  epoch 19 step 61400/80280 loss 0.8688 lr 1.41e-05
  epoch 19 step 61450/80280 loss 0.8683 lr 1.40e-05
  epoch 19 step 61500/80280 loss 0.8691 lr 1.39e-05
  epoch 19 step 61550/80280 loss 0.8698 lr 1.39e-05
  epoch 19 step 61600/80280 loss 0.8699 lr 1.38e-05
  epoch 19 step 61650/80280 loss 0.8697 lr 1.37e-05
  epoch 19 step 61700/80280 loss 0.8692 lr 1.37e-05
  epoch 19 step 61750/80280 loss 0.8696 lr 1.36e-05
  epoch 19 step 61800/80280 loss 0.8693 lr 1.35e-05
  epoch 19 step 61850/80280 loss 0.8690 lr 1.35e-05
  epoch 19 step 61900/80280 loss 0.8692 lr 1.34e-05
  epoch 19 step 61950/80280 loss 0.8694 lr 1.33e-05
  epoch 19 step 62000/80280 loss 0.8696 lr 1.33e-05
  epoch 19 step 62050/80280 loss 0.8695 lr 1.32e-05
  epoch 19 step 62100/80280 loss 0.8694 lr 1.32e-05
  epoch 19 step 62150/80280 loss 0.8696 lr 1.31e-05
  epoch 19 step 62200/80280 loss 0.8697 lr 1.30e-05
  epoch 19 step 62250/80280 loss 0.8690 lr 1.30e-05
  epoch 19 step 62300/80280 loss 0.8688 lr 1.29e-05
  epoch 19 step 62350/80280 loss 0.8690 lr 1.28e-05
  epoch 19 step 62400/80280 loss 0.8692 lr 1.28e-05
  epoch 19 step 62450/80280 loss 0.8689 lr 1.27e-05
  epoch 19 step 62500/80280 loss 0.8690 lr 1.26e-05
  epoch 19 step 62550/80280 loss 0.8688 lr 1.26e-05
  epoch 19 step 62600/80280 loss 0.8680 lr 1.25e-05
  epoch 19 step 62650/80280 loss 0.8682 lr 1.25e-05
  epoch 19 step 62700/80280 loss 0.8679 lr 1.24e-05
  epoch 19 step 62750/80280 loss 0.8685 lr 1.23e-05
  epoch 19 step 62800/80280 loss 0.8688 lr 1.23e-05
  epoch 19 step 62850/80280 loss 0.8688 lr 1.22e-05
  epoch 19 step 62900/80280 loss 0.8691 lr 1.21e-05
  epoch 19 step 62950/80280 loss 0.8690 lr 1.21e-05
  epoch 19 step 63000/80280 loss 0.8691 lr 1.20e-05
  epoch 19 step 63050/80280 loss 0.8691 lr 1.20e-05
  epoch 19 step 63100/80280 loss 0.8691 lr 1.19e-05
  epoch 19 step 63150/80280 loss 0.8690 lr 1.18e-05
  epoch 19 step 63200/80280 loss 0.8690 lr 1.18e-05
  epoch 19 step 63250/80280 loss 0.8692 lr 1.17e-05
  epoch 19 step 63300/80280 loss 0.8690 lr 1.17e-05
  epoch 19 step 63350/80280 loss 0.8686 lr 1.16e-05
  epoch 19 step 63400/80280 loss 0.8686 lr 1.15e-05
  epoch 19 step 63450/80280 loss 0.8687 lr 1.15e-05
  epoch 19 step 63500/80280 loss 0.8690 lr 1.14e-05
  epoch 19 step 63550/80280 loss 0.8690 lr 1.14e-05
epoch 19/24  loss 0.8689  val mAP@0.5 0.6261  (833s)
    person   AP50 0.6384  (gt 52)
    head     AP50 0.6187  (gt 140)
    helmet   AP50 0.7506  (gt 309)
    vest     AP50 0.8454  (gt 326)
    gloves   AP50 0.3410  (gt 43)
    boots    AP50 0.5623  (gt 142)
  epoch 20 step 63600/80280 loss 0.8618 lr 1.13e-05
  epoch 20 step 63650/80280 loss 0.8500 lr 1.12e-05
  epoch 20 step 63700/80280 loss 0.8635 lr 1.12e-05
  epoch 20 step 63750/80280 loss 0.8617 lr 1.11e-05
  epoch 20 step 63800/80280 loss 0.8660 lr 1.11e-05
  epoch 20 step 63850/80280 loss 0.8666 lr 1.10e-05
  epoch 20 step 63900/80280 loss 0.8667 lr 1.09e-05
  epoch 20 step 63950/80280 loss 0.8657 lr 1.09e-05
  epoch 20 step 64000/80280 loss 0.8644 lr 1.08e-05
  epoch 20 step 64050/80280 loss 0.8651 lr 1.08e-05
  epoch 20 step 64100/80280 loss 0.8657 lr 1.07e-05
  epoch 20 step 64150/80280 loss 0.8662 lr 1.07e-05
  epoch 20 step 64200/80280 loss 0.8653 lr 1.06e-05
  epoch 20 step 64250/80280 loss 0.8670 lr 1.05e-05
  epoch 20 step 64300/80280 loss 0.8662 lr 1.05e-05
  epoch 20 step 64350/80280 loss 0.8655 lr 1.04e-05
  epoch 20 step 64400/80280 loss 0.8654 lr 1.04e-05
  epoch 20 step 64450/80280 loss 0.8661 lr 1.03e-05
  epoch 20 step 64500/80280 loss 0.8663 lr 1.03e-05
  epoch 20 step 64550/80280 loss 0.8655 lr 1.02e-05
  epoch 20 step 64600/80280 loss 0.8653 lr 1.01e-05
  epoch 20 step 64650/80280 loss 0.8654 lr 1.01e-05
  epoch 20 step 64700/80280 loss 0.8661 lr 1.00e-05
  epoch 20 step 64750/80280 loss 0.8664 lr 9.97e-06
  epoch 20 step 64800/80280 loss 0.8662 lr 9.92e-06
  epoch 20 step 64850/80280 loss 0.8669 lr 9.86e-06
  epoch 20 step 64900/80280 loss 0.8671 lr 9.81e-06
  epoch 20 step 64950/80280 loss 0.8672 lr 9.75e-06
  epoch 20 step 65000/80280 loss 0.8665 lr 9.69e-06
  epoch 20 step 65050/80280 loss 0.8664 lr 9.64e-06
  epoch 20 step 65100/80280 loss 0.8661 lr 9.58e-06
  epoch 20 step 65150/80280 loss 0.8667 lr 9.53e-06
  epoch 20 step 65200/80280 loss 0.8666 lr 9.48e-06
  epoch 20 step 65250/80280 loss 0.8662 lr 9.42e-06
  epoch 20 step 65300/80280 loss 0.8657 lr 9.37e-06
  epoch 20 step 65350/80280 loss 0.8658 lr 9.31e-06
  epoch 20 step 65400/80280 loss 0.8657 lr 9.26e-06
  epoch 20 step 65450/80280 loss 0.8659 lr 9.20e-06
  epoch 20 step 65500/80280 loss 0.8660 lr 9.15e-06
  epoch 20 step 65550/80280 loss 0.8659 lr 9.10e-06
  epoch 20 step 65600/80280 loss 0.8658 lr 9.04e-06
  epoch 20 step 65650/80280 loss 0.8659 lr 8.99e-06
  epoch 20 step 65700/80280 loss 0.8660 lr 8.94e-06
  epoch 20 step 65750/80280 loss 0.8660 lr 8.88e-06
  epoch 20 step 65800/80280 loss 0.8659 lr 8.83e-06
  epoch 20 step 65850/80280 loss 0.8656 lr 8.78e-06
  epoch 20 step 65900/80280 loss 0.8655 lr 8.73e-06
  epoch 20 step 65950/80280 loss 0.8658 lr 8.68e-06
  epoch 20 step 66000/80280 loss 0.8657 lr 8.62e-06
  epoch 20 step 66050/80280 loss 0.8654 lr 8.57e-06
  epoch 20 step 66100/80280 loss 0.8657 lr 8.52e-06
  epoch 20 step 66150/80280 loss 0.8657 lr 8.47e-06
  epoch 20 step 66200/80280 loss 0.8661 lr 8.42e-06
  epoch 20 step 66250/80280 loss 0.8661 lr 8.37e-06
  epoch 20 step 66300/80280 loss 0.8664 lr 8.31e-06
  epoch 20 step 66350/80280 loss 0.8664 lr 8.26e-06
  epoch 20 step 66400/80280 loss 0.8661 lr 8.21e-06
  epoch 20 step 66450/80280 loss 0.8659 lr 8.16e-06
  epoch 20 step 66500/80280 loss 0.8658 lr 8.11e-06
  epoch 20 step 66550/80280 loss 0.8658 lr 8.06e-06
  epoch 20 step 66600/80280 loss 0.8658 lr 8.01e-06
  epoch 20 step 66650/80280 loss 0.8657 lr 7.96e-06
  epoch 20 step 66700/80280 loss 0.8661 lr 7.91e-06
  epoch 20 step 66750/80280 loss 0.8663 lr 7.86e-06
  epoch 20 step 66800/80280 loss 0.8665 lr 7.81e-06
  epoch 20 step 66850/80280 loss 0.8662 lr 7.76e-06
  epoch 20 step 66900/80280 loss 0.8662 lr 7.71e-06
epoch 20/24  loss 0.8662  val mAP@0.5 0.6165  (837s)
    person   AP50 0.6303  (gt 52)
    head     AP50 0.5787  (gt 140)
    helmet   AP50 0.7521  (gt 309)
    vest     AP50 0.8441  (gt 326)
    gloves   AP50 0.3440  (gt 43)
    boots    AP50 0.5496  (gt 142)
  epoch 21 step 66950/80280 loss 0.8423 lr 7.67e-06
  epoch 21 step 67000/80280 loss 0.8589 lr 7.62e-06
  epoch 21 step 67050/80280 loss 0.8611 lr 7.57e-06
  epoch 21 step 67100/80280 loss 0.8638 lr 7.52e-06
  epoch 21 step 67150/80280 loss 0.8611 lr 7.47e-06
  epoch 21 step 67200/80280 loss 0.8604 lr 7.42e-06
  epoch 21 step 67250/80280 loss 0.8608 lr 7.38e-06
  epoch 21 step 67300/80280 loss 0.8587 lr 7.33e-06
  epoch 21 step 67350/80280 loss 0.8594 lr 7.28e-06
  epoch 21 step 67400/80280 loss 0.8609 lr 7.23e-06
  epoch 21 step 67450/80280 loss 0.8604 lr 7.19e-06
  epoch 21 step 67500/80280 loss 0.8613 lr 7.14e-06
  epoch 21 step 67550/80280 loss 0.8608 lr 7.09e-06
  epoch 21 step 67600/80280 loss 0.8601 lr 7.04e-06
  epoch 21 step 67650/80280 loss 0.8604 lr 7.00e-06
  epoch 21 step 67700/80280 loss 0.8629 lr 6.95e-06
  epoch 21 step 67750/80280 loss 0.8624 lr 6.91e-06
  epoch 21 step 67800/80280 loss 0.8624 lr 6.86e-06
  epoch 21 step 67850/80280 loss 0.8618 lr 6.81e-06
  epoch 21 step 67900/80280 loss 0.8610 lr 6.77e-06
  epoch 21 step 67950/80280 loss 0.8614 lr 6.72e-06
  epoch 21 step 68000/80280 loss 0.8615 lr 6.68e-06
  epoch 21 step 68050/80280 loss 0.8615 lr 6.63e-06
  epoch 21 step 68100/80280 loss 0.8613 lr 6.59e-06
  epoch 21 step 68150/80280 loss 0.8612 lr 6.54e-06
  epoch 21 step 68200/80280 loss 0.8611 lr 6.50e-06
  epoch 21 step 68250/80280 loss 0.8614 lr 6.45e-06
  epoch 21 step 68300/80280 loss 0.8617 lr 6.41e-06
  epoch 21 step 68350/80280 loss 0.8618 lr 6.36e-06
  epoch 21 step 68400/80280 loss 0.8619 lr 6.32e-06
  epoch 21 step 68450/80280 loss 0.8621 lr 6.28e-06
  epoch 21 step 68500/80280 loss 0.8616 lr 6.23e-06
  epoch 21 step 68550/80280 loss 0.8620 lr 6.19e-06
  epoch 21 step 68600/80280 loss 0.8622 lr 6.14e-06
  epoch 21 step 68650/80280 loss 0.8621 lr 6.10e-06
  epoch 21 step 68700/80280 loss 0.8621 lr 6.06e-06
  epoch 21 step 68750/80280 loss 0.8620 lr 6.02e-06
  epoch 21 step 68800/80280 loss 0.8616 lr 5.97e-06
  epoch 21 step 68850/80280 loss 0.8619 lr 5.93e-06
  epoch 21 step 68900/80280 loss 0.8617 lr 5.89e-06
  epoch 21 step 68950/80280 loss 0.8616 lr 5.85e-06
  epoch 21 step 69000/80280 loss 0.8622 lr 5.80e-06
  epoch 21 step 69050/80280 loss 0.8623 lr 5.76e-06
  epoch 21 step 69100/80280 loss 0.8628 lr 5.72e-06
  epoch 21 step 69150/80280 loss 0.8630 lr 5.68e-06
  epoch 21 step 69200/80280 loss 0.8632 lr 5.64e-06
  epoch 21 step 69250/80280 loss 0.8634 lr 5.60e-06
  epoch 21 step 69300/80280 loss 0.8636 lr 5.56e-06
  epoch 21 step 69350/80280 loss 0.8637 lr 5.52e-06
  epoch 21 step 69400/80280 loss 0.8636 lr 5.47e-06
  epoch 21 step 69450/80280 loss 0.8633 lr 5.43e-06
  epoch 21 step 69500/80280 loss 0.8630 lr 5.39e-06
  epoch 21 step 69550/80280 loss 0.8627 lr 5.35e-06
  epoch 21 step 69600/80280 loss 0.8627 lr 5.31e-06
  epoch 21 step 69650/80280 loss 0.8624 lr 5.27e-06
  epoch 21 step 69700/80280 loss 0.8623 lr 5.23e-06
  epoch 21 step 69750/80280 loss 0.8626 lr 5.20e-06
  epoch 21 step 69800/80280 loss 0.8625 lr 5.16e-06
  epoch 21 step 69850/80280 loss 0.8624 lr 5.12e-06
  epoch 21 step 69900/80280 loss 0.8621 lr 5.08e-06
  epoch 21 step 69950/80280 loss 0.8621 lr 5.04e-06
  epoch 21 step 70000/80280 loss 0.8619 lr 5.00e-06
  epoch 21 step 70050/80280 loss 0.8620 lr 4.96e-06
  epoch 21 step 70100/80280 loss 0.8621 lr 4.93e-06
  epoch 21 step 70150/80280 loss 0.8623 lr 4.89e-06
  epoch 21 step 70200/80280 loss 0.8624 lr 4.85e-06
epoch 21/24  loss 0.8625  val mAP@0.5 0.6164  (838s)
    person   AP50 0.6280  (gt 52)
    head     AP50 0.5690  (gt 140)
    helmet   AP50 0.7518  (gt 309)
    vest     AP50 0.8405  (gt 326)
    gloves   AP50 0.3551  (gt 43)
    boots    AP50 0.5538  (gt 142)
  epoch 22 step 70250/80280 loss 0.8825 lr 4.81e-06
  epoch 22 step 70300/80280 loss 0.8679 lr 4.77e-06
  epoch 22 step 70350/80280 loss 0.8624 lr 4.74e-06
  epoch 22 step 70400/80280 loss 0.8613 lr 4.70e-06
  epoch 22 step 70450/80280 loss 0.8629 lr 4.66e-06
  epoch 22 step 70500/80280 loss 0.8639 lr 4.63e-06
  epoch 22 step 70550/80280 loss 0.8634 lr 4.59e-06
  epoch 22 step 70600/80280 loss 0.8614 lr 4.55e-06
  epoch 22 step 70650/80280 loss 0.8615 lr 4.52e-06
  epoch 22 step 70700/80280 loss 0.8621 lr 4.48e-06
  epoch 22 step 70750/80280 loss 0.8621 lr 4.45e-06
  epoch 22 step 70800/80280 loss 0.8610 lr 4.41e-06
  epoch 22 step 70850/80280 loss 0.8625 lr 4.37e-06
  epoch 22 step 70900/80280 loss 0.8619 lr 4.34e-06
  epoch 22 step 70950/80280 loss 0.8612 lr 4.30e-06
  epoch 22 step 71000/80280 loss 0.8617 lr 4.27e-06
  epoch 22 step 71050/80280 loss 0.8616 lr 4.23e-06
  epoch 22 step 71100/80280 loss 0.8608 lr 4.20e-06
  epoch 22 step 71150/80280 loss 0.8600 lr 4.17e-06
  epoch 22 step 71200/80280 loss 0.8594 lr 4.13e-06
  epoch 22 step 71250/80280 loss 0.8592 lr 4.10e-06
  epoch 22 step 71300/80280 loss 0.8579 lr 4.06e-06
  epoch 22 step 71350/80280 loss 0.8584 lr 4.03e-06
  epoch 22 step 71400/80280 loss 0.8590 lr 4.00e-06
  epoch 22 step 71450/80280 loss 0.8587 lr 3.96e-06
  epoch 22 step 71500/80280 loss 0.8583 lr 3.93e-06
  epoch 22 step 71550/80280 loss 0.8592 lr 3.90e-06
  epoch 22 step 71600/80280 loss 0.8591 lr 3.86e-06
  epoch 22 step 71650/80280 loss 0.8603 lr 3.83e-06
  epoch 22 step 71700/80280 loss 0.8605 lr 3.80e-06
  epoch 22 step 71750/80280 loss 0.8606 lr 3.77e-06
  epoch 22 step 71800/80280 loss 0.8604 lr 3.73e-06
  epoch 22 step 71850/80280 loss 0.8608 lr 3.70e-06
  epoch 22 step 71900/80280 loss 0.8606 lr 3.67e-06
  epoch 22 step 71950/80280 loss 0.8606 lr 3.64e-06
  epoch 22 step 72000/80280 loss 0.8611 lr 3.61e-06
  epoch 22 step 72050/80280 loss 0.8615 lr 3.58e-06
  epoch 22 step 72100/80280 loss 0.8621 lr 3.55e-06
  epoch 22 step 72150/80280 loss 0.8622 lr 3.52e-06
  epoch 22 step 72200/80280 loss 0.8627 lr 3.49e-06
  epoch 22 step 72250/80280 loss 0.8630 lr 3.45e-06
  epoch 22 step 72300/80280 loss 0.8629 lr 3.42e-06
  epoch 22 step 72350/80280 loss 0.8630 lr 3.39e-06
  epoch 22 step 72400/80280 loss 0.8627 lr 3.36e-06
  epoch 22 step 72450/80280 loss 0.8627 lr 3.33e-06
  epoch 22 step 72500/80280 loss 0.8631 lr 3.31e-06
  epoch 22 step 72550/80280 loss 0.8632 lr 3.28e-06
  epoch 22 step 72600/80280 loss 0.8634 lr 3.25e-06
  epoch 22 step 72650/80280 loss 0.8630 lr 3.22e-06
  epoch 22 step 72700/80280 loss 0.8630 lr 3.19e-06
  epoch 22 step 72750/80280 loss 0.8629 lr 3.16e-06
  epoch 22 step 72800/80280 loss 0.8632 lr 3.13e-06
  epoch 22 step 72850/80280 loss 0.8628 lr 3.10e-06
  epoch 22 step 72900/80280 loss 0.8631 lr 3.08e-06
  epoch 22 step 72950/80280 loss 0.8632 lr 3.05e-06
  epoch 22 step 73000/80280 loss 0.8633 lr 3.02e-06
  epoch 22 step 73050/80280 loss 0.8634 lr 2.99e-06
  epoch 22 step 73100/80280 loss 0.8632 lr 2.97e-06
  epoch 22 step 73150/80280 loss 0.8632 lr 2.94e-06
  epoch 22 step 73200/80280 loss 0.8631 lr 2.91e-06
  epoch 22 step 73250/80280 loss 0.8632 lr 2.89e-06
  epoch 22 step 73300/80280 loss 0.8630 lr 2.86e-06
  epoch 22 step 73350/80280 loss 0.8628 lr 2.83e-06
  epoch 22 step 73400/80280 loss 0.8625 lr 2.81e-06
  epoch 22 step 73450/80280 loss 0.8627 lr 2.78e-06
  epoch 22 step 73500/80280 loss 0.8630 lr 2.75e-06
  epoch 22 step 73550/80280 loss 0.8631 lr 2.73e-06
epoch 22/24  loss 0.8631  val mAP@0.5 0.6150  (836s)
    person   AP50 0.6292  (gt 52)
    head     AP50 0.5611  (gt 140)
    helmet   AP50 0.7544  (gt 309)
    vest     AP50 0.8407  (gt 326)
    gloves   AP50 0.3646  (gt 43)
    boots    AP50 0.5399  (gt 142)
  epoch 23 step 73600/80280 loss 0.8471 lr 2.70e-06
  epoch 23 step 73650/80280 loss 0.8647 lr 2.68e-06
  epoch 23 step 73700/80280 loss 0.8641 lr 2.65e-06
  epoch 23 step 73750/80280 loss 0.8588 lr 2.63e-06
  epoch 23 step 73800/80280 loss 0.8557 lr 2.60e-06
  epoch 23 step 73850/80280 loss 0.8549 lr 2.58e-06
  epoch 23 step 73900/80280 loss 0.8556 lr 2.55e-06
  epoch 23 step 73950/80280 loss 0.8557 lr 2.53e-06
  epoch 23 step 74000/80280 loss 0.8572 lr 2.51e-06
  epoch 23 step 74050/80280 loss 0.8581 lr 2.48e-06
  epoch 23 step 74100/80280 loss 0.8581 lr 2.46e-06
  epoch 23 step 74150/80280 loss 0.8574 lr 2.44e-06
  epoch 23 step 74200/80280 loss 0.8570 lr 2.41e-06
  epoch 23 step 74250/80280 loss 0.8579 lr 2.39e-06
  epoch 23 step 74300/80280 loss 0.8578 lr 2.37e-06
  epoch 23 step 74350/80280 loss 0.8579 lr 2.34e-06
  epoch 23 step 74400/80280 loss 0.8580 lr 2.32e-06
  epoch 23 step 74450/80280 loss 0.8579 lr 2.30e-06
  epoch 23 step 74500/80280 loss 0.8570 lr 2.28e-06
  epoch 23 step 74550/80280 loss 0.8592 lr 2.26e-06
  epoch 23 step 74600/80280 loss 0.8594 lr 2.23e-06
  epoch 23 step 74650/80280 loss 0.8593 lr 2.21e-06
  epoch 23 step 74700/80280 loss 0.8584 lr 2.19e-06
  epoch 23 step 74750/80280 loss 0.8586 lr 2.17e-06
  epoch 23 step 74800/80280 loss 0.8589 lr 2.15e-06
  epoch 23 step 74850/80280 loss 0.8594 lr 2.13e-06
  epoch 23 step 74900/80280 loss 0.8590 lr 2.11e-06
  epoch 23 step 74950/80280 loss 0.8591 lr 2.09e-06
  epoch 23 step 75000/80280 loss 0.8585 lr 2.07e-06
  epoch 23 step 75050/80280 loss 0.8582 lr 2.05e-06
  epoch 23 step 75100/80280 loss 0.8588 lr 2.03e-06
  epoch 23 step 75150/80280 loss 0.8589 lr 2.01e-06
  epoch 23 step 75200/80280 loss 0.8586 lr 1.99e-06
  epoch 23 step 75250/80280 loss 0.8582 lr 1.97e-06
  epoch 23 step 75300/80280 loss 0.8582 lr 1.95e-06
  epoch 23 step 75350/80280 loss 0.8586 lr 1.93e-06
  epoch 23 step 75400/80280 loss 0.8588 lr 1.91e-06
  epoch 23 step 75450/80280 loss 0.8590 lr 1.89e-06
  epoch 23 step 75500/80280 loss 0.8589 lr 1.87e-06
  epoch 23 step 75550/80280 loss 0.8593 lr 1.86e-06
  epoch 23 step 75600/80280 loss 0.8594 lr 1.84e-06
  epoch 23 step 75650/80280 loss 0.8594 lr 1.82e-06
  epoch 23 step 75700/80280 loss 0.8598 lr 1.80e-06
  epoch 23 step 75750/80280 loss 0.8599 lr 1.79e-06
  epoch 23 step 75800/80280 loss 0.8598 lr 1.77e-06
  epoch 23 step 75850/80280 loss 0.8597 lr 1.75e-06
  epoch 23 step 75900/80280 loss 0.8594 lr 1.73e-06
  epoch 23 step 75950/80280 loss 0.8590 lr 1.72e-06
  epoch 23 step 76000/80280 loss 0.8587 lr 1.70e-06
  epoch 23 step 76050/80280 loss 0.8590 lr 1.69e-06
  epoch 23 step 76100/80280 loss 0.8589 lr 1.67e-06
  epoch 23 step 76150/80280 loss 0.8586 lr 1.65e-06
  epoch 23 step 76200/80280 loss 0.8583 lr 1.64e-06
  epoch 23 step 76250/80280 loss 0.8585 lr 1.62e-06
  epoch 23 step 76300/80280 loss 0.8586 lr 1.61e-06
  epoch 23 step 76350/80280 loss 0.8586 lr 1.59e-06
  epoch 23 step 76400/80280 loss 0.8586 lr 1.58e-06
  epoch 23 step 76450/80280 loss 0.8586 lr 1.56e-06
  epoch 23 step 76500/80280 loss 0.8586 lr 1.55e-06
  epoch 23 step 76550/80280 loss 0.8582 lr 1.53e-06
  epoch 23 step 76600/80280 loss 0.8580 lr 1.52e-06
  epoch 23 step 76650/80280 loss 0.8582 lr 1.51e-06
  epoch 23 step 76700/80280 loss 0.8582 lr 1.49e-06
  epoch 23 step 76750/80280 loss 0.8583 lr 1.48e-06
  epoch 23 step 76800/80280 loss 0.8585 lr 1.46e-06
  epoch 23 step 76850/80280 loss 0.8584 lr 1.45e-06
  epoch 23 step 76900/80280 loss 0.8587 lr 1.44e-06
epoch 23/24  loss 0.8587  val mAP@0.5 0.6163  (836s)
    person   AP50 0.6313  (gt 52)
    head     AP50 0.5654  (gt 140)
    helmet   AP50 0.7558  (gt 309)
    vest     AP50 0.8397  (gt 326)
    gloves   AP50 0.3697  (gt 43)
    boots    AP50 0.5361  (gt 142)
  epoch 24 step 76950/80280 loss 0.8842 lr 1.43e-06
  epoch 24 step 77000/80280 loss 0.8565 lr 1.41e-06
  epoch 24 step 77050/80280 loss 0.8576 lr 1.40e-06
  epoch 24 step 77100/80280 loss 0.8537 lr 1.39e-06
  epoch 24 step 77150/80280 loss 0.8567 lr 1.38e-06
  epoch 24 step 77200/80280 loss 0.8589 lr 1.36e-06
  epoch 24 step 77250/80280 loss 0.8614 lr 1.35e-06
  epoch 24 step 77300/80280 loss 0.8599 lr 1.34e-06
  epoch 24 step 77350/80280 loss 0.8594 lr 1.33e-06
  epoch 24 step 77400/80280 loss 0.8610 lr 1.32e-06
  epoch 24 step 77450/80280 loss 0.8639 lr 1.31e-06
  epoch 24 step 77500/80280 loss 0.8642 lr 1.30e-06
  epoch 24 step 77550/80280 loss 0.8623 lr 1.29e-06
  epoch 24 step 77600/80280 loss 0.8622 lr 1.28e-06
  epoch 24 step 77650/80280 loss 0.8616 lr 1.27e-06
  epoch 24 step 77700/80280 loss 0.8605 lr 1.26e-06
  epoch 24 step 77750/80280 loss 0.8610 lr 1.25e-06
  epoch 24 step 77800/80280 loss 0.8616 lr 1.24e-06
  epoch 24 step 77850/80280 loss 0.8618 lr 1.23e-06
  epoch 24 step 77900/80280 loss 0.8618 lr 1.22e-06
  epoch 24 step 77950/80280 loss 0.8627 lr 1.21e-06
  epoch 24 step 78000/80280 loss 0.8623 lr 1.20e-06
  epoch 24 step 78050/80280 loss 0.8624 lr 1.19e-06
  epoch 24 step 78100/80280 loss 0.8625 lr 1.18e-06
  epoch 24 step 78150/80280 loss 0.8619 lr 1.17e-06
  epoch 24 step 78200/80280 loss 0.8615 lr 1.17e-06
  epoch 24 step 78250/80280 loss 0.8614 lr 1.16e-06
  epoch 24 step 78300/80280 loss 0.8620 lr 1.15e-06
  epoch 24 step 78350/80280 loss 0.8616 lr 1.14e-06
  epoch 24 step 78400/80280 loss 0.8617 lr 1.14e-06
  epoch 24 step 78450/80280 loss 0.8609 lr 1.13e-06
  epoch 24 step 78500/80280 loss 0.8605 lr 1.12e-06
  epoch 24 step 78550/80280 loss 0.8604 lr 1.11e-06
  epoch 24 step 78600/80280 loss 0.8604 lr 1.11e-06
  epoch 24 step 78650/80280 loss 0.8598 lr 1.10e-06
  epoch 24 step 78700/80280 loss 0.8604 lr 1.10e-06
  epoch 24 step 78750/80280 loss 0.8607 lr 1.09e-06
  epoch 24 step 78800/80280 loss 0.8603 lr 1.08e-06
  epoch 24 step 78850/80280 loss 0.8604 lr 1.08e-06
  epoch 24 step 78900/80280 loss 0.8610 lr 1.07e-06
  epoch 24 step 78950/80280 loss 0.8611 lr 1.07e-06
  epoch 24 step 79000/80280 loss 0.8616 lr 1.06e-06
  epoch 24 step 79050/80280 loss 0.8619 lr 1.06e-06
  epoch 24 step 79100/80280 loss 0.8618 lr 1.05e-06
  epoch 24 step 79150/80280 loss 0.8622 lr 1.05e-06
  epoch 24 step 79200/80280 loss 0.8622 lr 1.04e-06
  epoch 24 step 79250/80280 loss 0.8624 lr 1.04e-06
  epoch 24 step 79300/80280 loss 0.8620 lr 1.04e-06
  epoch 24 step 79350/80280 loss 0.8617 lr 1.03e-06
  epoch 24 step 79400/80280 loss 0.8617 lr 1.03e-06
  epoch 24 step 79450/80280 loss 0.8620 lr 1.03e-06
  epoch 24 step 79500/80280 loss 0.8621 lr 1.02e-06
  epoch 24 step 79550/80280 loss 0.8623 lr 1.02e-06
  epoch 24 step 79600/80280 loss 0.8620 lr 1.02e-06
  epoch 24 step 79650/80280 loss 0.8620 lr 1.02e-06
  epoch 24 step 79700/80280 loss 0.8622 lr 1.01e-06
  epoch 24 step 79750/80280 loss 0.8619 lr 1.01e-06
  epoch 24 step 79800/80280 loss 0.8615 lr 1.01e-06
  epoch 24 step 79850/80280 loss 0.8616 lr 1.01e-06
  epoch 24 step 79900/80280 loss 0.8614 lr 1.01e-06
  epoch 24 step 79950/80280 loss 0.8613 lr 1.00e-06
  epoch 24 step 80000/80280 loss 0.8614 lr 1.00e-06
  epoch 24 step 80050/80280 loss 0.8612 lr 1.00e-06
  epoch 24 step 80100/80280 loss 0.8613 lr 1.00e-06
  epoch 24 step 80150/80280 loss 0.8616 lr 1.00e-06
  epoch 24 step 80200/80280 loss 0.8616 lr 1.00e-06
  epoch 24 step 80250/80280 loss 0.8617 lr 1.00e-06
epoch 24/24  loss 0.8617  val mAP@0.5 0.6161  (837s)
    person   AP50 0.6336  (gt 52)
    head     AP50 0.5638  (gt 140)
    helmet   AP50 0.7572  (gt 309)
    vest     AP50 0.8371  (gt 326)
    gloves   AP50 0.3749  (gt 43)
    boots    AP50 0.5300  (gt 142)

Done. best val mAP@0.5 = 0.6385  →  C:\Users\Mehereswar\Desktop\ppe2\models\ppe_fcos.pth
