device=cuda  arch=fcos  size=640  batch=4  seed=42
train=13382 val=2261
train class counts: {'vest': 10039, 'helmet': 22603, 'head': 5332, 'boots': 10580, 'person': 7742, 'gloves': 3562}
per-epoch eval subset: 240 images, {'dataset1': 87, 'dataset2': 15, 'dataset3': 6, 'dataset4': 112, 'dataset5': 20}
  epoch 1 step 50/46830 loss 2.2561 lr 1.00e-05
  epoch 1 step 100/46830 loss 2.1008 lr 2.00e-05
  epoch 1 step 150/46830 loss 1.9607 lr 3.00e-05
  epoch 1 step 200/46830 loss 1.8652 lr 4.00e-05
  epoch 1 step 250/46830 loss 1.7848 lr 5.00e-05
  epoch 1 step 300/46830 loss 1.7196 lr 6.00e-05
  epoch 1 step 350/46830 loss 1.6656 lr 7.00e-05
  epoch 1 step 400/46830 loss 1.6200 lr 8.00e-05
  epoch 1 step 450/46830 loss 1.5845 lr 9.00e-05
  epoch 1 step 500/46830 loss 1.5527 lr 1.00e-04
  epoch 1 step 550/46830 loss 1.5231 lr 1.00e-04
  epoch 1 step 600/46830 loss 1.4970 lr 1.00e-04
  epoch 1 step 650/46830 loss 1.4729 lr 1.00e-04
  epoch 1 step 700/46830 loss 1.4524 lr 1.00e-04
  epoch 1 step 750/46830 loss 1.4338 lr 1.00e-04
  epoch 1 step 800/46830 loss 1.4182 lr 1.00e-04
  epoch 1 step 850/46830 loss 1.4029 lr 1.00e-04
  epoch 1 step 900/46830 loss 1.3882 lr 1.00e-04
  epoch 1 step 950/46830 loss 1.3749 lr 1.00e-04
  epoch 1 step 1000/46830 loss 1.3640 lr 1.00e-04
  epoch 1 step 1050/46830 loss 1.3526 lr 1.00e-04
  epoch 1 step 1100/46830 loss 1.3435 lr 1.00e-04
  epoch 1 step 1150/46830 loss 1.3339 lr 1.00e-04
  epoch 1 step 1200/46830 loss 1.3251 lr 9.99e-05
  epoch 1 step 1250/46830 loss 1.3162 lr 9.99e-05
  epoch 1 step 1300/46830 loss 1.3069 lr 9.99e-05
  epoch 1 step 1350/46830 loss 1.2987 lr 9.99e-05
  epoch 1 step 1400/46830 loss 1.2914 lr 9.99e-05
  epoch 1 step 1450/46830 loss 1.2843 lr 9.99e-05
  epoch 1 step 1500/46830 loss 1.2788 lr 9.99e-05
  epoch 1 step 1550/46830 loss 1.2730 lr 9.99e-05
  epoch 1 step 1600/46830 loss 1.2675 lr 9.99e-05
  epoch 1 step 1650/46830 loss 1.2615 lr 9.98e-05
  epoch 1 step 1700/46830 loss 1.2569 lr 9.98e-05
  epoch 1 step 1750/46830 loss 1.2515 lr 9.98e-05
  epoch 1 step 1800/46830 loss 1.2468 lr 9.98e-05
  epoch 1 step 1850/46830 loss 1.2425 lr 9.98e-05
  epoch 1 step 1900/46830 loss 1.2371 lr 9.98e-05
  epoch 1 step 1950/46830 loss 1.2327 lr 9.98e-05
  epoch 1 step 2000/46830 loss 1.2290 lr 9.97e-05
  epoch 1 step 2050/46830 loss 1.2254 lr 9.97e-05
  epoch 1 step 2100/46830 loss 1.2221 lr 9.97e-05
  epoch 1 step 2150/46830 loss 1.2189 lr 9.97e-05
  epoch 1 step 2200/46830 loss 1.2152 lr 9.97e-05
  epoch 1 step 2250/46830 loss 1.2122 lr 9.97e-05
  epoch 1 step 2300/46830 loss 1.2093 lr 9.96e-05
  epoch 1 step 2350/46830 loss 1.2063 lr 9.96e-05
  epoch 1 step 2400/46830 loss 1.2030 lr 9.96e-05
  epoch 1 step 2450/46830 loss 1.1995 lr 9.96e-05
  epoch 1 step 2500/46830 loss 1.1971 lr 9.95e-05
  epoch 1 step 2550/46830 loss 1.1944 lr 9.95e-05
  epoch 1 step 2600/46830 loss 1.1916 lr 9.95e-05
  epoch 1 step 2650/46830 loss 1.1886 lr 9.95e-05
  epoch 1 step 2700/46830 loss 1.1859 lr 9.95e-05
  epoch 1 step 2750/46830 loss 1.1840 lr 9.94e-05
  epoch 1 step 2800/46830 loss 1.1819 lr 9.94e-05
  epoch 1 step 2850/46830 loss 1.1798 lr 9.94e-05
  epoch 1 step 2900/46830 loss 1.1777 lr 9.93e-05
  epoch 1 step 2950/46830 loss 1.1758 lr 9.93e-05
  epoch 1 step 3000/46830 loss 1.1739 lr 9.93e-05
  epoch 1 step 3050/46830 loss 1.1717 lr 9.93e-05
  epoch 1 step 3100/46830 loss 1.1697 lr 9.92e-05
  epoch 1 step 3150/46830 loss 1.1675 lr 9.92e-05
  epoch 1 step 3200/46830 loss 1.1654 lr 9.92e-05
  epoch 1 step 3250/46830 loss 1.1636 lr 9.91e-05
  epoch 1 step 3300/46830 loss 1.1617 lr 9.91e-05
epoch 1/14  loss 1.1602  val mAP@0.5 0.3875  (861s)
    person   AP50 0.2433  (gt 115)
    head     AP50 0.4559  (gt 150)
    helmet   AP50 0.6021  (gt 452)
    vest     AP50 0.5218  (gt 162)
    gloves   AP50 0.0842  (gt 36)
    boots    AP50 0.4176  (gt 127)
    ** saved ppe_fcos_v2.pth (mAP@0.5 0.3875)
  epoch 2 step 3350/46830 loss 0.9660 lr 9.91e-05
  epoch 2 step 3400/46830 loss 1.0401 lr 9.90e-05
  epoch 2 step 3450/46830 loss 1.0368 lr 9.90e-05
  epoch 2 step 3500/46830 loss 1.0341 lr 9.90e-05
  epoch 2 step 3550/46830 loss 1.0296 lr 9.89e-05
  epoch 2 step 3600/46830 loss 1.0280 lr 9.89e-05
  epoch 2 step 3650/46830 loss 1.0280 lr 9.89e-05
  epoch 2 step 3700/46830 loss 1.0275 lr 9.88e-05
  epoch 2 step 3750/46830 loss 1.0303 lr 9.88e-05
  epoch 2 step 3800/46830 loss 1.0295 lr 9.88e-05
  epoch 2 step 3850/46830 loss 1.0285 lr 9.87e-05
  epoch 2 step 3900/46830 loss 1.0302 lr 9.87e-05
  epoch 2 step 3950/46830 loss 1.0297 lr 9.87e-05
  epoch 2 step 4000/46830 loss 1.0320 lr 9.86e-05
  epoch 2 step 4050/46830 loss 1.0290 lr 9.86e-05
  epoch 2 step 4100/46830 loss 1.0276 lr 9.85e-05
  epoch 2 step 4150/46830 loss 1.0263 lr 9.85e-05
  epoch 2 step 4200/46830 loss 1.0265 lr 9.85e-05
  epoch 2 step 4250/46830 loss 1.0255 lr 9.84e-05
  epoch 2 step 4300/46830 loss 1.0262 lr 9.84e-05
  epoch 2 step 4350/46830 loss 1.0252 lr 9.83e-05
  epoch 2 step 4400/46830 loss 1.0252 lr 9.83e-05
  epoch 2 step 4450/46830 loss 1.0244 lr 9.82e-05
  epoch 2 step 4500/46830 loss 1.0241 lr 9.82e-05
  epoch 2 step 4550/46830 loss 1.0229 lr 9.81e-05
  epoch 2 step 4600/46830 loss 1.0230 lr 9.81e-05
  epoch 2 step 4650/46830 loss 1.0221 lr 9.81e-05
  epoch 2 step 4700/46830 loss 1.0215 lr 9.80e-05
  epoch 2 step 4750/46830 loss 1.0208 lr 9.80e-05
  epoch 2 step 4800/46830 loss 1.0214 lr 9.79e-05
  epoch 2 step 4850/46830 loss 1.0213 lr 9.79e-05
  epoch 2 step 4900/46830 loss 1.0206 lr 9.78e-05
  epoch 2 step 4950/46830 loss 1.0211 lr 9.78e-05
  epoch 2 step 5000/46830 loss 1.0203 lr 9.77e-05
  epoch 2 step 5050/46830 loss 1.0208 lr 9.77e-05
  epoch 2 step 5100/46830 loss 1.0208 lr 9.76e-05
  epoch 2 step 5150/46830 loss 1.0206 lr 9.76e-05
  epoch 2 step 5200/46830 loss 1.0205 lr 9.75e-05
  epoch 2 step 5250/46830 loss 1.0202 lr 9.75e-05
  epoch 2 step 5300/46830 loss 1.0202 lr 9.74e-05
  epoch 2 step 5350/46830 loss 1.0190 lr 9.73e-05
  epoch 2 step 5400/46830 loss 1.0184 lr 9.73e-05
  epoch 2 step 5450/46830 loss 1.0173 lr 9.72e-05
  epoch 2 step 5500/46830 loss 1.0173 lr 9.72e-05
  epoch 2 step 5550/46830 loss 1.0171 lr 9.71e-05
  epoch 2 step 5600/46830 loss 1.0170 lr 9.71e-05
  epoch 2 step 5650/46830 loss 1.0173 lr 9.70e-05
  epoch 2 step 5700/46830 loss 1.0171 lr 9.70e-05
  epoch 2 step 5750/46830 loss 1.0164 lr 9.69e-05
  epoch 2 step 5800/46830 loss 1.0157 lr 9.68e-05
  epoch 2 step 5850/46830 loss 1.0153 lr 9.68e-05
  epoch 2 step 5900/46830 loss 1.0153 lr 9.67e-05
  epoch 2 step 5950/46830 loss 1.0148 lr 9.67e-05
  epoch 2 step 6000/46830 loss 1.0150 lr 9.66e-05
  epoch 2 step 6050/46830 loss 1.0149 lr 9.65e-05
  epoch 2 step 6100/46830 loss 1.0143 lr 9.65e-05
  epoch 2 step 6150/46830 loss 1.0141 lr 9.64e-05
  epoch 2 step 6200/46830 loss 1.0139 lr 9.63e-05
  epoch 2 step 6250/46830 loss 1.0142 lr 9.63e-05
  epoch 2 step 6300/46830 loss 1.0141 lr 9.62e-05
  epoch 2 step 6350/46830 loss 1.0137 lr 9.62e-05
  epoch 2 step 6400/46830 loss 1.0139 lr 9.61e-05
  epoch 2 step 6450/46830 loss 1.0135 lr 9.60e-05
  epoch 2 step 6500/46830 loss 1.0128 lr 9.60e-05
  epoch 2 step 6550/46830 loss 1.0125 lr 9.59e-05
  epoch 2 step 6600/46830 loss 1.0124 lr 9.58e-05
  epoch 2 step 6650/46830 loss 1.0123 lr 9.58e-05
epoch 2/14  loss 1.0118  val mAP@0.5 0.6815  (833s)
    person   AP50 0.5831  (gt 115)
    head     AP50 0.8211  (gt 150)
    helmet   AP50 0.8233  (gt 452)
    vest     AP50 0.8601  (gt 162)
    gloves   AP50 0.4222  (gt 36)
    boots    AP50 0.5793  (gt 127)
    ** saved ppe_fcos_v2.pth (mAP@0.5 0.6815)
  epoch 3 step 6700/46830 loss 1.0342 lr 9.57e-05
  epoch 3 step 6750/46830 loss 1.0153 lr 9.56e-05
  epoch 3 step 6800/46830 loss 1.0048 lr 9.56e-05
  epoch 3 step 6850/46830 loss 0.9969 lr 9.55e-05
  epoch 3 step 6900/46830 loss 0.9994 lr 9.54e-05
  epoch 3 step 6950/46830 loss 0.9959 lr 9.53e-05
  epoch 3 step 7000/46830 loss 0.9944 lr 9.53e-05
  epoch 3 step 7050/46830 loss 0.9953 lr 9.52e-05
  epoch 3 step 7100/46830 loss 0.9974 lr 9.51e-05
  epoch 3 step 7150/46830 loss 0.9949 lr 9.51e-05
  epoch 3 step 7200/46830 loss 0.9917 lr 9.50e-05
  epoch 3 step 7250/46830 loss 0.9925 lr 9.49e-05
  epoch 3 step 7300/46830 loss 0.9924 lr 9.48e-05
  epoch 3 step 7350/46830 loss 0.9927 lr 9.48e-05
  epoch 3 step 7400/46830 loss 0.9915 lr 9.47e-05
  epoch 3 step 7450/46830 loss 0.9921 lr 9.46e-05
  epoch 3 step 7500/46830 loss 0.9920 lr 9.45e-05
  epoch 3 step 7550/46830 loss 0.9915 lr 9.45e-05
  epoch 3 step 7600/46830 loss 0.9919 lr 9.44e-05
  epoch 3 step 7650/46830 loss 0.9936 lr 9.43e-05
  epoch 3 step 7700/46830 loss 0.9935 lr 9.42e-05
  epoch 3 step 7750/46830 loss 0.9935 lr 9.41e-05
  epoch 3 step 7800/46830 loss 0.9924 lr 9.41e-05
  epoch 3 step 7850/46830 loss 0.9920 lr 9.40e-05
  epoch 3 step 7900/46830 loss 0.9917 lr 9.39e-05
  epoch 3 step 7950/46830 loss 0.9930 lr 9.38e-05
  epoch 3 step 8000/46830 loss 0.9929 lr 9.37e-05
  epoch 3 step 8050/46830 loss 0.9926 lr 9.37e-05
  epoch 3 step 8100/46830 loss 0.9926 lr 9.36e-05
  epoch 3 step 8150/46830 loss 0.9929 lr 9.35e-05
  epoch 3 step 8200/46830 loss 0.9923 lr 9.34e-05
  epoch 3 step 8250/46830 loss 0.9915 lr 9.33e-05
  epoch 3 step 8300/46830 loss 0.9918 lr 9.32e-05
  epoch 3 step 8350/46830 loss 0.9924 lr 9.32e-05
  epoch 3 step 8400/46830 loss 0.9918 lr 9.31e-05
  epoch 3 step 8450/46830 loss 0.9911 lr 9.30e-05
  epoch 3 step 8500/46830 loss 0.9908 lr 9.29e-05
  epoch 3 step 8550/46830 loss 0.9905 lr 9.28e-05
  epoch 3 step 8600/46830 loss 0.9908 lr 9.27e-05
  epoch 3 step 8650/46830 loss 0.9900 lr 9.26e-05
  epoch 3 step 8700/46830 loss 0.9901 lr 9.25e-05
  epoch 3 step 8750/46830 loss 0.9897 lr 9.25e-05
  epoch 3 step 8800/46830 loss 0.9893 lr 9.24e-05
  epoch 3 step 8850/46830 loss 0.9895 lr 9.23e-05
  epoch 3 step 8900/46830 loss 0.9888 lr 9.22e-05
  epoch 3 step 8950/46830 loss 0.9884 lr 9.21e-05
  epoch 3 step 9000/46830 loss 0.9878 lr 9.20e-05
  epoch 3 step 9050/46830 loss 0.9875 lr 9.19e-05
  epoch 3 step 9100/46830 loss 0.9876 lr 9.18e-05
  epoch 3 step 9150/46830 loss 0.9875 lr 9.17e-05
  epoch 3 step 9200/46830 loss 0.9872 lr 9.16e-05
  epoch 3 step 9250/46830 loss 0.9872 lr 9.15e-05
  epoch 3 step 9300/46830 loss 0.9872 lr 9.14e-05
  epoch 3 step 9350/46830 loss 0.9871 lr 9.14e-05
  epoch 3 step 9400/46830 loss 0.9867 lr 9.13e-05
  epoch 3 step 9450/46830 loss 0.9870 lr 9.12e-05
  epoch 3 step 9500/46830 loss 0.9867 lr 9.11e-05
  epoch 3 step 9550/46830 loss 0.9864 lr 9.10e-05
  epoch 3 step 9600/46830 loss 0.9860 lr 9.09e-05
  epoch 3 step 9650/46830 loss 0.9860 lr 9.08e-05
  epoch 3 step 9700/46830 loss 0.9856 lr 9.07e-05
  epoch 3 step 9750/46830 loss 0.9856 lr 9.06e-05
  epoch 3 step 9800/46830 loss 0.9852 lr 9.05e-05
  epoch 3 step 9850/46830 loss 0.9849 lr 9.04e-05
  epoch 3 step 9900/46830 loss 0.9846 lr 9.03e-05
  epoch 3 step 9950/46830 loss 0.9842 lr 9.02e-05
  epoch 3 step 10000/46830 loss 0.9842 lr 9.01e-05
epoch 3/14  loss 0.9840  val mAP@0.5 0.7279  (833s)
    person   AP50 0.6339  (gt 115)
    head     AP50 0.8675  (gt 150)
    helmet   AP50 0.8896  (gt 452)
    vest     AP50 0.9066  (gt 162)
    gloves   AP50 0.4219  (gt 36)
    boots    AP50 0.6482  (gt 127)
    ** saved ppe_fcos_v2.pth (mAP@0.5 0.7279)
  epoch 4 step 10050/46830 loss 0.9696 lr 9.00e-05
  epoch 4 step 10100/46830 loss 0.9837 lr 8.99e-05
  epoch 4 step 10150/46830 loss 0.9770 lr 8.98e-05
  epoch 4 step 10200/46830 loss 0.9826 lr 8.97e-05
  epoch 4 step 10250/46830 loss 0.9809 lr 8.96e-05
  epoch 4 step 10300/46830 loss 0.9750 lr 8.95e-05
  epoch 4 step 10350/46830 loss 0.9731 lr 8.94e-05
  epoch 4 step 10400/46830 loss 0.9738 lr 8.93e-05
  epoch 4 step 10450/46830 loss 0.9741 lr 8.92e-05
  epoch 4 step 10500/46830 loss 0.9722 lr 8.91e-05
  epoch 4 step 10550/46830 loss 0.9707 lr 8.89e-05
  epoch 4 step 10600/46830 loss 0.9703 lr 8.88e-05
  epoch 4 step 10650/46830 loss 0.9686 lr 8.87e-05
  epoch 4 step 10700/46830 loss 0.9668 lr 8.86e-05
  epoch 4 step 10750/46830 loss 0.9684 lr 8.85e-05
  epoch 4 step 10800/46830 loss 0.9692 lr 8.84e-05
  epoch 4 step 10850/46830 loss 0.9680 lr 8.83e-05
  epoch 4 step 10900/46830 loss 0.9686 lr 8.82e-05
  epoch 4 step 10950/46830 loss 0.9688 lr 8.81e-05
  epoch 4 step 11000/46830 loss 0.9688 lr 8.80e-05
  epoch 4 step 11050/46830 loss 0.9685 lr 8.79e-05
  epoch 4 step 11100/46830 loss 0.9680 lr 8.78e-05
  epoch 4 step 11150/46830 loss 0.9687 lr 8.76e-05
  epoch 4 step 11200/46830 loss 0.9684 lr 8.75e-05
  epoch 4 step 11250/46830 loss 0.9682 lr 8.74e-05
  epoch 4 step 11300/46830 loss 0.9680 lr 8.73e-05
  epoch 4 step 11350/46830 loss 0.9683 lr 8.72e-05
  epoch 4 step 11400/46830 loss 0.9685 lr 8.71e-05
  epoch 4 step 11450/46830 loss 0.9686 lr 8.70e-05
  epoch 4 step 11500/46830 loss 0.9677 lr 8.69e-05
  epoch 4 step 11550/46830 loss 0.9675 lr 8.67e-05
  epoch 4 step 11600/46830 loss 0.9679 lr 8.66e-05
  epoch 4 step 11650/46830 loss 0.9676 lr 8.65e-05
  epoch 4 step 11700/46830 loss 0.9680 lr 8.64e-05
  epoch 4 step 11750/46830 loss 0.9683 lr 8.63e-05
  epoch 4 step 11800/46830 loss 0.9678 lr 8.62e-05
  epoch 4 step 11850/46830 loss 0.9668 lr 8.61e-05
  epoch 4 step 11900/46830 loss 0.9667 lr 8.59e-05
  epoch 4 step 11950/46830 loss 0.9670 lr 8.58e-05
  epoch 4 step 12000/46830 loss 0.9666 lr 8.57e-05
  epoch 4 step 12050/46830 loss 0.9665 lr 8.56e-05
  epoch 4 step 12100/46830 loss 0.9661 lr 8.55e-05
  epoch 4 step 12150/46830 loss 0.9658 lr 8.53e-05
  epoch 4 step 12200/46830 loss 0.9647 lr 8.52e-05
  epoch 4 step 12250/46830 loss 0.9653 lr 8.51e-05
  epoch 4 step 12300/46830 loss 0.9649 lr 8.50e-05
  epoch 4 step 12350/46830 loss 0.9645 lr 8.49e-05
  epoch 4 step 12400/46830 loss 0.9641 lr 8.47e-05
  epoch 4 step 12450/46830 loss 0.9640 lr 8.46e-05
  epoch 4 step 12500/46830 loss 0.9642 lr 8.45e-05
  epoch 4 step 12550/46830 loss 0.9642 lr 8.44e-05
  epoch 4 step 12600/46830 loss 0.9637 lr 8.43e-05
  epoch 4 step 12650/46830 loss 0.9638 lr 8.41e-05
  epoch 4 step 12700/46830 loss 0.9633 lr 8.40e-05
  epoch 4 step 12750/46830 loss 0.9630 lr 8.39e-05
  epoch 4 step 12800/46830 loss 0.9633 lr 8.38e-05
  epoch 4 step 12850/46830 loss 0.9631 lr 8.36e-05
  epoch 4 step 12900/46830 loss 0.9629 lr 8.35e-05
  epoch 4 step 12950/46830 loss 0.9627 lr 8.34e-05
  epoch 4 step 13000/46830 loss 0.9629 lr 8.33e-05
  epoch 4 step 13050/46830 loss 0.9626 lr 8.31e-05
  epoch 4 step 13100/46830 loss 0.9622 lr 8.30e-05
  epoch 4 step 13150/46830 loss 0.9622 lr 8.29e-05
  epoch 4 step 13200/46830 loss 0.9620 lr 8.28e-05
  epoch 4 step 13250/46830 loss 0.9616 lr 8.26e-05
  epoch 4 step 13300/46830 loss 0.9613 lr 8.25e-05
  epoch 4 step 13350/46830 loss 0.9611 lr 8.24e-05
epoch 4/14  loss 0.9610  val mAP@0.5 0.7538  (833s)
    person   AP50 0.6795  (gt 115)
    head     AP50 0.9009  (gt 150)
    helmet   AP50 0.9113  (gt 452)
    vest     AP50 0.9233  (gt 162)
    gloves   AP50 0.4396  (gt 36)
    boots    AP50 0.6684  (gt 127)
    ** saved ppe_fcos_v2.pth (mAP@0.5 0.7538)
  epoch 5 step 13400/46830 loss 0.9641 lr 8.22e-05
  epoch 5 step 13450/46830 loss 0.9592 lr 8.21e-05
  epoch 5 step 13500/46830 loss 0.9588 lr 8.20e-05
  epoch 5 step 13550/46830 loss 0.9526 lr 8.19e-05
  epoch 5 step 13600/46830 loss 0.9573 lr 8.17e-05
  epoch 5 step 13650/46830 loss 0.9547 lr 8.16e-05
  epoch 5 step 13700/46830 loss 0.9515 lr 8.15e-05
  epoch 5 step 13750/46830 loss 0.9522 lr 8.13e-05
  epoch 5 step 13800/46830 loss 0.9552 lr 8.12e-05
  epoch 5 step 13850/46830 loss 0.9546 lr 8.11e-05
  epoch 5 step 13900/46830 loss 0.9564 lr 8.09e-05
  epoch 5 step 13950/46830 loss 0.9571 lr 8.08e-05
  epoch 5 step 14000/46830 loss 0.9588 lr 8.07e-05
  epoch 5 step 14050/46830 loss 0.9595 lr 8.05e-05
  epoch 5 step 14100/46830 loss 0.9592 lr 8.04e-05
  epoch 5 step 14150/46830 loss 0.9584 lr 8.03e-05
  epoch 5 step 14200/46830 loss 0.9570 lr 8.01e-05
  epoch 5 step 14250/46830 loss 0.9567 lr 8.00e-05
  epoch 5 step 14300/46830 loss 0.9560 lr 7.99e-05
  epoch 5 step 14350/46830 loss 0.9546 lr 7.97e-05
  epoch 5 step 14400/46830 loss 0.9534 lr 7.96e-05
  epoch 5 step 14450/46830 loss 0.9545 lr 7.95e-05
  epoch 5 step 14500/46830 loss 0.9540 lr 7.93e-05
  epoch 5 step 14550/46830 loss 0.9531 lr 7.92e-05
  epoch 5 step 14600/46830 loss 0.9527 lr 7.90e-05
  epoch 5 step 14650/46830 loss 0.9518 lr 7.89e-05
  epoch 5 step 14700/46830 loss 0.9516 lr 7.88e-05
  epoch 5 step 14750/46830 loss 0.9519 lr 7.86e-05
  epoch 5 step 14800/46830 loss 0.9506 lr 7.85e-05
  epoch 5 step 14850/46830 loss 0.9503 lr 7.84e-05
  epoch 5 step 14900/46830 loss 0.9507 lr 7.82e-05
  epoch 5 step 14950/46830 loss 0.9508 lr 7.81e-05
  epoch 5 step 15000/46830 loss 0.9504 lr 7.79e-05
  epoch 5 step 15050/46830 loss 0.9509 lr 7.78e-05
  epoch 5 step 15100/46830 loss 0.9521 lr 7.77e-05
  epoch 5 step 15150/46830 loss 0.9521 lr 7.75e-05
  epoch 5 step 15200/46830 loss 0.9520 lr 7.74e-05
  epoch 5 step 15250/46830 loss 0.9514 lr 7.72e-05
  epoch 5 step 15300/46830 loss 0.9510 lr 7.71e-05
  epoch 5 step 15350/46830 loss 0.9504 lr 7.70e-05
  epoch 5 step 15400/46830 loss 0.9506 lr 7.68e-05
  epoch 5 step 15450/46830 loss 0.9500 lr 7.67e-05
  epoch 5 step 15500/46830 loss 0.9501 lr 7.65e-05
  epoch 5 step 15550/46830 loss 0.9505 lr 7.64e-05
  epoch 5 step 15600/46830 loss 0.9508 lr 7.62e-05
  epoch 5 step 15650/46830 loss 0.9507 lr 7.61e-05
  epoch 5 step 15700/46830 loss 0.9505 lr 7.60e-05
  epoch 5 step 15750/46830 loss 0.9502 lr 7.58e-05
  epoch 5 step 15800/46830 loss 0.9501 lr 7.57e-05
  epoch 5 step 15850/46830 loss 0.9498 lr 7.55e-05
  epoch 5 step 15900/46830 loss 0.9495 lr 7.54e-05
  epoch 5 step 15950/46830 loss 0.9499 lr 7.52e-05
  epoch 5 step 16000/46830 loss 0.9496 lr 7.51e-05
  epoch 5 step 16050/46830 loss 0.9494 lr 7.49e-05
  epoch 5 step 16100/46830 loss 0.9490 lr 7.48e-05
  epoch 5 step 16150/46830 loss 0.9489 lr 7.46e-05
  epoch 5 step 16200/46830 loss 0.9487 lr 7.45e-05
  epoch 5 step 16250/46830 loss 0.9488 lr 7.44e-05
  epoch 5 step 16300/46830 loss 0.9486 lr 7.42e-05
  epoch 5 step 16350/46830 loss 0.9486 lr 7.41e-05
  epoch 5 step 16400/46830 loss 0.9485 lr 7.39e-05
  epoch 5 step 16450/46830 loss 0.9486 lr 7.38e-05
  epoch 5 step 16500/46830 loss 0.9484 lr 7.36e-05
  epoch 5 step 16550/46830 loss 0.9483 lr 7.35e-05
  epoch 5 step 16600/46830 loss 0.9482 lr 7.33e-05
  epoch 5 step 16650/46830 loss 0.9479 lr 7.32e-05
  epoch 5 step 16700/46830 loss 0.9478 lr 7.30e-05
epoch 5/14  loss 0.9479  val mAP@0.5 0.7642  (912s)
    person   AP50 0.6895  (gt 115)
    head     AP50 0.9233  (gt 150)
    helmet   AP50 0.9217  (gt 452)
    vest     AP50 0.9264  (gt 162)
    gloves   AP50 0.4424  (gt 36)
    boots    AP50 0.6818  (gt 127)
    ** saved ppe_fcos_v2.pth (mAP@0.5 0.7642)
  epoch 6 step 16750/46830 loss 0.9737 lr 7.29e-05
  epoch 6 step 16800/46830 loss 0.9398 lr 7.27e-05
  epoch 6 step 16850/46830 loss 0.9386 lr 7.26e-05
  epoch 6 step 16900/46830 loss 0.9322 lr 7.24e-05
  epoch 6 step 16950/46830 loss 0.9334 lr 7.23e-05
  epoch 6 step 17000/46830 loss 0.9367 lr 7.21e-05
  epoch 6 step 17050/46830 loss 0.9358 lr 7.20e-05
  epoch 6 step 17100/46830 loss 0.9396 lr 7.18e-05
  epoch 6 step 17150/46830 loss 0.9405 lr 7.17e-05
  epoch 6 step 17200/46830 loss 0.9422 lr 7.15e-05
  epoch 6 step 17250/46830 loss 0.9408 lr 7.14e-05
  epoch 6 step 17300/46830 loss 0.9401 lr 7.12e-05
  epoch 6 step 17350/46830 loss 0.9400 lr 7.11e-05
  epoch 6 step 17400/46830 loss 0.9401 lr 7.09e-05
  epoch 6 step 17450/46830 loss 0.9400 lr 7.08e-05
  epoch 6 step 17500/46830 loss 0.9406 lr 7.06e-05
  epoch 6 step 17550/46830 loss 0.9408 lr 7.04e-05
  epoch 6 step 17600/46830 loss 0.9412 lr 7.03e-05
  epoch 6 step 17650/46830 loss 0.9408 lr 7.01e-05
  epoch 6 step 17700/46830 loss 0.9414 lr 7.00e-05
  epoch 6 step 17750/46830 loss 0.9412 lr 6.98e-05
  epoch 6 step 17800/46830 loss 0.9411 lr 6.97e-05
  epoch 6 step 17850/46830 loss 0.9401 lr 6.95e-05
  epoch 6 step 17900/46830 loss 0.9391 lr 6.94e-05
  epoch 6 step 17950/46830 loss 0.9395 lr 6.92e-05
  epoch 6 step 18000/46830 loss 0.9396 lr 6.91e-05
  epoch 6 step 18050/46830 loss 0.9406 lr 6.89e-05
  epoch 6 step 18100/46830 loss 0.9404 lr 6.87e-05
  epoch 6 step 18150/46830 loss 0.9397 lr 6.86e-05
  epoch 6 step 18200/46830 loss 0.9388 lr 6.84e-05
  epoch 6 step 18250/46830 loss 0.9395 lr 6.83e-05
  epoch 6 step 18300/46830 loss 0.9391 lr 6.81e-05
  epoch 6 step 18350/46830 loss 0.9401 lr 6.80e-05
  epoch 6 step 18400/46830 loss 0.9396 lr 6.78e-05
  epoch 6 step 18450/46830 loss 0.9391 lr 6.76e-05
  epoch 6 step 18500/46830 loss 0.9391 lr 6.75e-05
  epoch 6 step 18550/46830 loss 0.9389 lr 6.73e-05
  epoch 6 step 18600/46830 loss 0.9386 lr 6.72e-05
  epoch 6 step 18650/46830 loss 0.9387 lr 6.70e-05
  epoch 6 step 18700/46830 loss 0.9390 lr 6.69e-05
  epoch 6 step 18750/46830 loss 0.9386 lr 6.67e-05
  epoch 6 step 18800/46830 loss 0.9380 lr 6.65e-05
  epoch 6 step 18850/46830 loss 0.9376 lr 6.64e-05
  epoch 6 step 18900/46830 loss 0.9374 lr 6.62e-05
  epoch 6 step 18950/46830 loss 0.9373 lr 6.61e-05
  epoch 6 step 19000/46830 loss 0.9374 lr 6.59e-05
  epoch 6 step 19050/46830 loss 0.9367 lr 6.57e-05
  epoch 6 step 19100/46830 loss 0.9367 lr 6.56e-05
  epoch 6 step 19150/46830 loss 0.9367 lr 6.54e-05
  epoch 6 step 19200/46830 loss 0.9363 lr 6.53e-05
  epoch 6 step 19250/46830 loss 0.9360 lr 6.51e-05
  epoch 6 step 19300/46830 loss 0.9357 lr 6.49e-05
  epoch 6 step 19350/46830 loss 0.9355 lr 6.48e-05
  epoch 6 step 19400/46830 loss 0.9352 lr 6.46e-05
  epoch 6 step 19450/46830 loss 0.9350 lr 6.45e-05
  epoch 6 step 19500/46830 loss 0.9349 lr 6.43e-05
  epoch 6 step 19550/46830 loss 0.9346 lr 6.41e-05
  epoch 6 step 19600/46830 loss 0.9347 lr 6.40e-05
  epoch 6 step 19650/46830 loss 0.9346 lr 6.38e-05
  epoch 6 step 19700/46830 loss 0.9345 lr 6.37e-05
  epoch 6 step 19750/46830 loss 0.9342 lr 6.35e-05
  epoch 6 step 19800/46830 loss 0.9336 lr 6.33e-05
  epoch 6 step 19850/46830 loss 0.9336 lr 6.32e-05
  epoch 6 step 19900/46830 loss 0.9335 lr 6.30e-05
  epoch 6 step 19950/46830 loss 0.9334 lr 6.28e-05
  epoch 6 step 20000/46830 loss 0.9335 lr 6.27e-05
  epoch 6 step 20050/46830 loss 0.9334 lr 6.25e-05
epoch 6/14  loss 0.9335  val mAP@0.5 0.7738  (977s)
    person   AP50 0.7133  (gt 115)
    head     AP50 0.9257  (gt 150)
    helmet   AP50 0.9255  (gt 452)
    vest     AP50 0.9397  (gt 162)
    gloves   AP50 0.4561  (gt 36)
    boots    AP50 0.6827  (gt 127)
    ** saved ppe_fcos_v2.pth (mAP@0.5 0.7738)
  epoch 7 step 20100/46830 loss 0.9408 lr 6.24e-05
  epoch 7 step 20150/46830 loss 0.9216 lr 6.22e-05
  epoch 7 step 20200/46830 loss 0.9201 lr 6.20e-05
  epoch 7 step 20250/46830 loss 0.9172 lr 6.19e-05
  epoch 7 step 20300/46830 loss 0.9166 lr 6.17e-05
  epoch 7 step 20350/46830 loss 0.9159 lr 6.15e-05
  epoch 7 step 20400/46830 loss 0.9182 lr 6.14e-05
  epoch 7 step 20450/46830 loss 0.9205 lr 6.12e-05
  epoch 7 step 20500/46830 loss 0.9213 lr 6.10e-05
  epoch 7 step 20550/46830 loss 0.9228 lr 6.09e-05
  epoch 7 step 20600/46830 loss 0.9235 lr 6.07e-05
  epoch 7 step 20650/46830 loss 0.9245 lr 6.06e-05
  epoch 7 step 20700/46830 loss 0.9249 lr 6.04e-05
  epoch 7 step 20750/46830 loss 0.9244 lr 6.02e-05
  epoch 7 step 20800/46830 loss 0.9261 lr 6.01e-05
  epoch 7 step 20850/46830 loss 0.9261 lr 5.99e-05
  epoch 7 step 20900/46830 loss 0.9248 lr 5.97e-05
  epoch 7 step 20950/46830 loss 0.9249 lr 5.96e-05
  epoch 7 step 21000/46830 loss 0.9247 lr 5.94e-05
  epoch 7 step 21050/46830 loss 0.9258 lr 5.92e-05
  epoch 7 step 21100/46830 loss 0.9262 lr 5.91e-05
  epoch 7 step 21150/46830 loss 0.9259 lr 5.89e-05
  epoch 7 step 21200/46830 loss 0.9251 lr 5.87e-05
  epoch 7 step 21250/46830 loss 0.9256 lr 5.86e-05
  epoch 7 step 21300/46830 loss 0.9253 lr 5.84e-05
  epoch 7 step 21350/46830 loss 0.9245 lr 5.82e-05
  epoch 7 step 21400/46830 loss 0.9237 lr 5.81e-05
  epoch 7 step 21450/46830 loss 0.9245 lr 5.79e-05
  epoch 7 step 21500/46830 loss 0.9239 lr 5.77e-05
  epoch 7 step 21550/46830 loss 0.9237 lr 5.76e-05
  epoch 7 step 21600/46830 loss 0.9243 lr 5.74e-05
  epoch 7 step 21650/46830 loss 0.9239 lr 5.72e-05
  epoch 7 step 21700/46830 loss 0.9238 lr 5.71e-05
  epoch 7 step 21750/46830 loss 0.9241 lr 5.69e-05
  epoch 7 step 21800/46830 loss 0.9236 lr 5.67e-05
  epoch 7 step 21850/46830 loss 0.9230 lr 5.66e-05
  epoch 7 step 21900/46830 loss 0.9227 lr 5.64e-05
  epoch 7 step 21950/46830 loss 0.9226 lr 5.62e-05
  epoch 7 step 22000/46830 loss 0.9229 lr 5.61e-05
  epoch 7 step 22050/46830 loss 0.9226 lr 5.59e-05
  epoch 7 step 22100/46830 loss 0.9225 lr 5.57e-05
  epoch 7 step 22150/46830 loss 0.9222 lr 5.56e-05
  epoch 7 step 22200/46830 loss 0.9218 lr 5.54e-05
  epoch 7 step 22250/46830 loss 0.9222 lr 5.52e-05
  epoch 7 step 22300/46830 loss 0.9221 lr 5.51e-05
  epoch 7 step 22350/46830 loss 0.9221 lr 5.49e-05
  epoch 7 step 22400/46830 loss 0.9221 lr 5.47e-05
  epoch 7 step 22450/46830 loss 0.9223 lr 5.46e-05
  epoch 7 step 22500/46830 loss 0.9221 lr 5.44e-05
  epoch 7 step 22550/46830 loss 0.9219 lr 5.42e-05
  epoch 7 step 22600/46830 loss 0.9219 lr 5.41e-05
  epoch 7 step 22650/46830 loss 0.9219 lr 5.39e-05
  epoch 7 step 22700/46830 loss 0.9220 lr 5.37e-05
  epoch 7 step 22750/46830 loss 0.9219 lr 5.36e-05
  epoch 7 step 22800/46830 loss 0.9219 lr 5.34e-05
  epoch 7 step 22850/46830 loss 0.9217 lr 5.32e-05
  epoch 7 step 22900/46830 loss 0.9220 lr 5.31e-05
  epoch 7 step 22950/46830 loss 0.9221 lr 5.29e-05
  epoch 7 step 23000/46830 loss 0.9219 lr 5.27e-05
  epoch 7 step 23050/46830 loss 0.9216 lr 5.26e-05
  epoch 7 step 23100/46830 loss 0.9215 lr 5.24e-05
  epoch 7 step 23150/46830 loss 0.9215 lr 5.22e-05
  epoch 7 step 23200/46830 loss 0.9211 lr 5.21e-05
  epoch 7 step 23250/46830 loss 0.9211 lr 5.19e-05
  epoch 7 step 23300/46830 loss 0.9211 lr 5.17e-05
  epoch 7 step 23350/46830 loss 0.9210 lr 5.16e-05
  epoch 7 step 23400/46830 loss 0.9209 lr 5.14e-05
epoch 7/14  loss 0.9207  val mAP@0.5 0.7799  (981s)
    person   AP50 0.7253  (gt 115)
    head     AP50 0.9299  (gt 150)
    helmet   AP50 0.9298  (gt 452)
    vest     AP50 0.9479  (gt 162)
    gloves   AP50 0.4589  (gt 36)
    boots    AP50 0.6875  (gt 127)
    ** saved ppe_fcos_v2.pth (mAP@0.5 0.7799)
  epoch 8 step 23450/46830 loss 0.9284 lr 5.12e-05
  epoch 8 step 23500/46830 loss 0.9290 lr 5.11e-05
  epoch 8 step 23550/46830 loss 0.9362 lr 5.09e-05
  epoch 8 step 23600/46830 loss 0.9369 lr 5.07e-05
  epoch 8 step 23650/46830 loss 0.9302 lr 5.06e-05
  epoch 8 step 23700/46830 loss 0.9268 lr 5.04e-05
  epoch 8 step 23750/46830 loss 0.9250 lr 5.02e-05
  epoch 8 step 23800/46830 loss 0.9230 lr 5.01e-05
  epoch 8 step 23850/46830 loss 0.9231 lr 4.99e-05
  epoch 8 step 23900/46830 loss 0.9210 lr 4.97e-05
  epoch 8 step 23950/46830 loss 0.9197 lr 4.95e-05
  epoch 8 step 24000/46830 loss 0.9217 lr 4.94e-05
  epoch 8 step 24050/46830 loss 0.9203 lr 4.92e-05
  epoch 8 step 24100/46830 loss 0.9197 lr 4.90e-05
  epoch 8 step 24150/46830 loss 0.9197 lr 4.89e-05
  epoch 8 step 24200/46830 loss 0.9179 lr 4.87e-05
  epoch 8 step 24250/46830 loss 0.9175 lr 4.85e-05
  epoch 8 step 24300/46830 loss 0.9182 lr 4.84e-05
  epoch 8 step 24350/46830 loss 0.9183 lr 4.82e-05
  epoch 8 step 24400/46830 loss 0.9192 lr 4.80e-05
  epoch 8 step 24450/46830 loss 0.9192 lr 4.79e-05
  epoch 8 step 24500/46830 loss 0.9193 lr 4.77e-05
  epoch 8 step 24550/46830 loss 0.9193 lr 4.75e-05
  epoch 8 step 24600/46830 loss 0.9190 lr 4.74e-05
  epoch 8 step 24650/46830 loss 0.9180 lr 4.72e-05
  epoch 8 step 24700/46830 loss 0.9177 lr 4.70e-05
  epoch 8 step 24750/46830 loss 0.9174 lr 4.69e-05
  epoch 8 step 24800/46830 loss 0.9165 lr 4.67e-05
  epoch 8 step 24850/46830 loss 0.9159 lr 4.65e-05
  epoch 8 step 24900/46830 loss 0.9161 lr 4.64e-05
  epoch 8 step 24950/46830 loss 0.9160 lr 4.62e-05
  epoch 8 step 25000/46830 loss 0.9163 lr 4.60e-05
  epoch 8 step 25050/46830 loss 0.9162 lr 4.59e-05
  epoch 8 step 25100/46830 loss 0.9158 lr 4.57e-05
  epoch 8 step 25150/46830 loss 0.9147 lr 4.55e-05
  epoch 8 step 25200/46830 loss 0.9146 lr 4.54e-05
  epoch 8 step 25250/46830 loss 0.9141 lr 4.52e-05
  epoch 8 step 25300/46830 loss 0.9136 lr 4.50e-05
  epoch 8 step 25350/46830 loss 0.9136 lr 4.49e-05
  epoch 8 step 25400/46830 loss 0.9137 lr 4.47e-05
  epoch 8 step 25450/46830 loss 0.9133 lr 4.45e-05
  epoch 8 step 25500/46830 loss 0.9130 lr 4.44e-05
  epoch 8 step 25550/46830 loss 0.9124 lr 4.42e-05
  epoch 8 step 25600/46830 loss 0.9122 lr 4.40e-05
  epoch 8 step 25650/46830 loss 0.9118 lr 4.39e-05
  epoch 8 step 25700/46830 loss 0.9120 lr 4.37e-05
  epoch 8 step 25750/46830 loss 0.9116 lr 4.35e-05
  epoch 8 step 25800/46830 loss 0.9117 lr 4.34e-05
  epoch 8 step 25850/46830 loss 0.9118 lr 4.32e-05
  epoch 8 step 25900/46830 loss 0.9118 lr 4.30e-05
  epoch 8 step 25950/46830 loss 0.9118 lr 4.29e-05
  epoch 8 step 26000/46830 loss 0.9118 lr 4.27e-05
  epoch 8 step 26050/46830 loss 0.9121 lr 4.25e-05
  epoch 8 step 26100/46830 loss 0.9119 lr 4.24e-05
  epoch 8 step 26150/46830 loss 0.9122 lr 4.22e-05
  epoch 8 step 26200/46830 loss 0.9129 lr 4.20e-05
  epoch 8 step 26250/46830 loss 0.9129 lr 4.19e-05
  epoch 8 step 26300/46830 loss 0.9131 lr 4.17e-05
  epoch 8 step 26350/46830 loss 0.9127 lr 4.15e-05
  epoch 8 step 26400/46830 loss 0.9121 lr 4.14e-05
  epoch 8 step 26450/46830 loss 0.9120 lr 4.12e-05
  epoch 8 step 26500/46830 loss 0.9121 lr 4.10e-05
  epoch 8 step 26550/46830 loss 0.9123 lr 4.09e-05
  epoch 8 step 26600/46830 loss 0.9124 lr 4.07e-05
  epoch 8 step 26650/46830 loss 0.9123 lr 4.06e-05
  epoch 8 step 26700/46830 loss 0.9123 lr 4.04e-05
  epoch 8 step 26750/46830 loss 0.9124 lr 4.02e-05
epoch 8/14  loss 0.9122  val mAP@0.5 0.7799  (889s)
    person   AP50 0.7295  (gt 115)
    head     AP50 0.9338  (gt 150)
    helmet   AP50 0.9296  (gt 452)
    vest     AP50 0.9405  (gt 162)
    gloves   AP50 0.4591  (gt 36)
    boots    AP50 0.6871  (gt 127)
    ** saved ppe_fcos_v2.pth (mAP@0.5 0.7799)
  epoch 9 step 26800/46830 loss 0.9279 lr 4.01e-05
  epoch 9 step 26850/46830 loss 0.9187 lr 3.99e-05
  epoch 9 step 26900/46830 loss 0.9124 lr 3.97e-05
  epoch 9 step 26950/46830 loss 0.9107 lr 3.96e-05
  epoch 9 step 27000/46830 loss 0.9054 lr 3.94e-05
  epoch 9 step 27050/46830 loss 0.9046 lr 3.92e-05
  epoch 9 step 27100/46830 loss 0.9036 lr 3.91e-05
  epoch 9 step 27150/46830 loss 0.9027 lr 3.89e-05
  epoch 9 step 27200/46830 loss 0.9030 lr 3.88e-05
  epoch 9 step 27250/46830 loss 0.9038 lr 3.86e-05
  epoch 9 step 27300/46830 loss 0.9049 lr 3.84e-05
  epoch 9 step 27350/46830 loss 0.9049 lr 3.83e-05
  epoch 9 step 27400/46830 loss 0.9038 lr 3.81e-05
  epoch 9 step 27450/46830 loss 0.9047 lr 3.79e-05
  epoch 9 step 27500/46830 loss 0.9049 lr 3.78e-05
  epoch 9 step 27550/46830 loss 0.9044 lr 3.76e-05
  epoch 9 step 27600/46830 loss 0.9051 lr 3.75e-05
  epoch 9 step 27650/46830 loss 0.9076 lr 3.73e-05
  epoch 9 step 27700/46830 loss 0.9081 lr 3.71e-05
  epoch 9 step 27750/46830 loss 0.9087 lr 3.70e-05
  epoch 9 step 27800/46830 loss 0.9083 lr 3.68e-05
  epoch 9 step 27850/46830 loss 0.9075 lr 3.66e-05
  epoch 9 step 27900/46830 loss 0.9083 lr 3.65e-05
  epoch 9 step 27950/46830 loss 0.9084 lr 3.63e-05
  epoch 9 step 28000/46830 loss 0.9087 lr 3.62e-05
  epoch 9 step 28050/46830 loss 0.9084 lr 3.60e-05
  epoch 9 step 28100/46830 loss 0.9080 lr 3.58e-05
  epoch 9 step 28150/46830 loss 0.9086 lr 3.57e-05
  epoch 9 step 28200/46830 loss 0.9087 lr 3.55e-05
  epoch 9 step 28250/46830 loss 0.9088 lr 3.54e-05
  epoch 9 step 28300/46830 loss 0.9087 lr 3.52e-05
  epoch 9 step 28350/46830 loss 0.9086 lr 3.50e-05
  epoch 9 step 28400/46830 loss 0.9089 lr 3.49e-05
  epoch 9 step 28450/46830 loss 0.9089 lr 3.47e-05
  epoch 9 step 28500/46830 loss 0.9089 lr 3.46e-05
  epoch 9 step 28550/46830 loss 0.9089 lr 3.44e-05
  epoch 9 step 28600/46830 loss 0.9092 lr 3.42e-05
  epoch 9 step 28650/46830 loss 0.9090 lr 3.41e-05
  epoch 9 step 28700/46830 loss 0.9084 lr 3.39e-05
  epoch 9 step 28750/46830 loss 0.9083 lr 3.38e-05
  epoch 9 step 28800/46830 loss 0.9081 lr 3.36e-05
  epoch 9 step 28850/46830 loss 0.9086 lr 3.35e-05
  epoch 9 step 28900/46830 loss 0.9089 lr 3.33e-05
  epoch 9 step 28950/46830 loss 0.9086 lr 3.31e-05
  epoch 9 step 29000/46830 loss 0.9082 lr 3.30e-05
  epoch 9 step 29050/46830 loss 0.9081 lr 3.28e-05
  epoch 9 step 29100/46830 loss 0.9080 lr 3.27e-05
  epoch 9 step 29150/46830 loss 0.9083 lr 3.25e-05
  epoch 9 step 29200/46830 loss 0.9078 lr 3.24e-05
  epoch 9 step 29250/46830 loss 0.9076 lr 3.22e-05
  epoch 9 step 29300/46830 loss 0.9084 lr 3.20e-05
  epoch 9 step 29350/46830 loss 0.9086 lr 3.19e-05
  epoch 9 step 29400/46830 loss 0.9084 lr 3.17e-05
  epoch 9 step 29450/46830 loss 0.9080 lr 3.16e-05
  epoch 9 step 29500/46830 loss 0.9079 lr 3.14e-05
  epoch 9 step 29550/46830 loss 0.9076 lr 3.13e-05
  epoch 9 step 29600/46830 loss 0.9074 lr 3.11e-05
  epoch 9 step 29650/46830 loss 0.9075 lr 3.10e-05
  epoch 9 step 29700/46830 loss 0.9074 lr 3.08e-05
  epoch 9 step 29750/46830 loss 0.9072 lr 3.07e-05
  epoch 9 step 29800/46830 loss 0.9071 lr 3.05e-05
  epoch 9 step 29850/46830 loss 0.9071 lr 3.03e-05
  epoch 9 step 29900/46830 loss 0.9070 lr 3.02e-05
  epoch 9 step 29950/46830 loss 0.9068 lr 3.00e-05
  epoch 9 step 30000/46830 loss 0.9065 lr 2.99e-05
  epoch 9 step 30050/46830 loss 0.9062 lr 2.97e-05
  epoch 9 step 30100/46830 loss 0.9063 lr 2.96e-05
epoch 9/14  loss 0.9063  val mAP@0.5 0.7841  (824s)
    person   AP50 0.7227  (gt 115)
    head     AP50 0.9367  (gt 150)
    helmet   AP50 0.9373  (gt 452)
    vest     AP50 0.9431  (gt 162)
    gloves   AP50 0.4535  (gt 36)
    boots    AP50 0.7114  (gt 127)
    ** saved ppe_fcos_v2.pth (mAP@0.5 0.7841)
  epoch 10 step 30150/46830 loss 0.9214 lr 2.94e-05
  epoch 10 step 30200/46830 loss 0.9226 lr 2.93e-05
  epoch 10 step 30250/46830 loss 0.9193 lr 2.91e-05
  epoch 10 step 30300/46830 loss 0.9144 lr 2.90e-05
  epoch 10 step 30350/46830 loss 0.9102 lr 2.88e-05
  epoch 10 step 30400/46830 loss 0.9109 lr 2.87e-05
  epoch 10 step 30450/46830 loss 0.9104 lr 2.85e-05
  epoch 10 step 30500/46830 loss 0.9072 lr 2.84e-05
  epoch 10 step 30550/46830 loss 0.9067 lr 2.82e-05
  epoch 10 step 30600/46830 loss 0.9073 lr 2.81e-05
  epoch 10 step 30650/46830 loss 0.9059 lr 2.79e-05
  epoch 10 step 30700/46830 loss 0.9049 lr 2.78e-05
  epoch 10 step 30750/46830 loss 0.9043 lr 2.76e-05
  epoch 10 step 30800/46830 loss 0.9047 lr 2.75e-05
  epoch 10 step 30850/46830 loss 0.9055 lr 2.73e-05
  epoch 10 step 30900/46830 loss 0.9038 lr 2.72e-05
  epoch 10 step 30950/46830 loss 0.9028 lr 2.70e-05
  epoch 10 step 31000/46830 loss 0.9036 lr 2.69e-05
  epoch 10 step 31050/46830 loss 0.9032 lr 2.67e-05
  epoch 10 step 31100/46830 loss 0.9039 lr 2.66e-05
  epoch 10 step 31150/46830 loss 0.9040 lr 2.64e-05
  epoch 10 step 31200/46830 loss 0.9040 lr 2.63e-05
  epoch 10 step 31250/46830 loss 0.9049 lr 2.62e-05
  epoch 10 step 31300/46830 loss 0.9059 lr 2.60e-05
  epoch 10 step 31350/46830 loss 0.9053 lr 2.59e-05
  epoch 10 step 31400/46830 loss 0.9053 lr 2.57e-05
  epoch 10 step 31450/46830 loss 0.9050 lr 2.56e-05
  epoch 10 step 31500/46830 loss 0.9048 lr 2.54e-05
  epoch 10 step 31550/46830 loss 0.9044 lr 2.53e-05
  epoch 10 step 31600/46830 loss 0.9037 lr 2.51e-05
  epoch 10 step 31650/46830 loss 0.9039 lr 2.50e-05
  epoch 10 step 31700/46830 loss 0.9036 lr 2.48e-05
  epoch 10 step 31750/46830 loss 0.9036 lr 2.47e-05
  epoch 10 step 31800/46830 loss 0.9030 lr 2.46e-05
  epoch 10 step 31850/46830 loss 0.9027 lr 2.44e-05
  epoch 10 step 31900/46830 loss 0.9029 lr 2.43e-05
  epoch 10 step 31950/46830 loss 0.9030 lr 2.41e-05
  epoch 10 step 32000/46830 loss 0.9022 lr 2.40e-05
  epoch 10 step 32050/46830 loss 0.9025 lr 2.39e-05
  epoch 10 step 32100/46830 loss 0.9026 lr 2.37e-05
  epoch 10 step 32150/46830 loss 0.9026 lr 2.36e-05
  epoch 10 step 32200/46830 loss 0.9029 lr 2.34e-05
  epoch 10 step 32250/46830 loss 0.9029 lr 2.33e-05
  epoch 10 step 32300/46830 loss 0.9031 lr 2.31e-05
  epoch 10 step 32350/46830 loss 0.9030 lr 2.30e-05
  epoch 10 step 32400/46830 loss 0.9032 lr 2.29e-05
  epoch 10 step 32450/46830 loss 0.9032 lr 2.27e-05
  epoch 10 step 32500/46830 loss 0.9033 lr 2.26e-05
  epoch 10 step 32550/46830 loss 0.9038 lr 2.25e-05
  epoch 10 step 32600/46830 loss 0.9035 lr 2.23e-05
  epoch 10 step 32650/46830 loss 0.9034 lr 2.22e-05
  epoch 10 step 32700/46830 loss 0.9032 lr 2.20e-05
  epoch 10 step 32750/46830 loss 0.9032 lr 2.19e-05
  epoch 10 step 32800/46830 loss 0.9031 lr 2.18e-05
  epoch 10 step 32850/46830 loss 0.9025 lr 2.16e-05
  epoch 10 step 32900/46830 loss 0.9023 lr 2.15e-05
  epoch 10 step 32950/46830 loss 0.9023 lr 2.14e-05
  epoch 10 step 33000/46830 loss 0.9027 lr 2.12e-05
  epoch 10 step 33050/46830 loss 0.9026 lr 2.11e-05
  epoch 10 step 33100/46830 loss 0.9027 lr 2.10e-05
  epoch 10 step 33150/46830 loss 0.9025 lr 2.08e-05
  epoch 10 step 33200/46830 loss 0.9025 lr 2.07e-05
  epoch 10 step 33250/46830 loss 0.9022 lr 2.05e-05
  epoch 10 step 33300/46830 loss 0.9021 lr 2.04e-05
  epoch 10 step 33350/46830 loss 0.9019 lr 2.03e-05
  epoch 10 step 33400/46830 loss 0.9013 lr 2.01e-05
  epoch 10 step 33450/46830 loss 0.9012 lr 2.00e-05
epoch 10/14  loss 0.9012  val mAP@0.5 0.7860  (842s)
    person   AP50 0.7248  (gt 115)
    head     AP50 0.9405  (gt 150)
    helmet   AP50 0.9345  (gt 452)
    vest     AP50 0.9442  (gt 162)
    gloves   AP50 0.4594  (gt 36)
    boots    AP50 0.7128  (gt 127)
    ** saved ppe_fcos_v2.pth (mAP@0.5 0.7860)
  epoch 11 step 33500/46830 loss 0.8882 lr 1.99e-05
  epoch 11 step 33550/46830 loss 0.8789 lr 1.98e-05
  epoch 11 step 33600/46830 loss 0.8768 lr 1.96e-05
  epoch 11 step 33650/46830 loss 0.8837 lr 1.95e-05
  epoch 11 step 33700/46830 loss 0.8863 lr 1.94e-05
  epoch 11 step 33750/46830 loss 0.8911 lr 1.92e-05
  epoch 11 step 33800/46830 loss 0.8885 lr 1.91e-05
  epoch 11 step 33850/46830 loss 0.8888 lr 1.90e-05
  epoch 11 step 33900/46830 loss 0.8905 lr 1.88e-05
  epoch 11 step 33950/46830 loss 0.8911 lr 1.87e-05
  epoch 11 step 34000/46830 loss 0.8922 lr 1.86e-05
  epoch 11 step 34050/46830 loss 0.8926 lr 1.85e-05
  epoch 11 step 34100/46830 loss 0.8908 lr 1.83e-05
  epoch 11 step 34150/46830 loss 0.8899 lr 1.82e-05
  epoch 11 step 34200/46830 loss 0.8907 lr 1.81e-05
  epoch 11 step 34250/46830 loss 0.8906 lr 1.79e-05
  epoch 11 step 34300/46830 loss 0.8906 lr 1.78e-05
  epoch 11 step 34350/46830 loss 0.8921 lr 1.77e-05
  epoch 11 step 34400/46830 loss 0.8916 lr 1.76e-05
  epoch 11 step 34450/46830 loss 0.8918 lr 1.74e-05
  epoch 11 step 34500/46830 loss 0.8907 lr 1.73e-05
  epoch 11 step 34550/46830 loss 0.8903 lr 1.72e-05
  epoch 11 step 34600/46830 loss 0.8903 lr 1.71e-05
  epoch 11 step 34650/46830 loss 0.8895 lr 1.69e-05
  epoch 11 step 34700/46830 loss 0.8900 lr 1.68e-05
  epoch 11 step 34750/46830 loss 0.8905 lr 1.67e-05
  epoch 11 step 34800/46830 loss 0.8909 lr 1.66e-05
  epoch 11 step 34850/46830 loss 0.8912 lr 1.65e-05
  epoch 11 step 34900/46830 loss 0.8912 lr 1.63e-05
  epoch 11 step 34950/46830 loss 0.8917 lr 1.62e-05
  epoch 11 step 35000/46830 loss 0.8915 lr 1.61e-05
  epoch 11 step 35050/46830 loss 0.8911 lr 1.60e-05
  epoch 11 step 35100/46830 loss 0.8907 lr 1.59e-05
  epoch 11 step 35150/46830 loss 0.8898 lr 1.57e-05
  epoch 11 step 35200/46830 loss 0.8894 lr 1.56e-05
  epoch 11 step 35250/46830 loss 0.8894 lr 1.55e-05
  epoch 11 step 35300/46830 loss 0.8893 lr 1.54e-05
  epoch 11 step 35350/46830 loss 0.8892 lr 1.53e-05
  epoch 11 step 35400/46830 loss 0.8894 lr 1.51e-05
  epoch 11 step 35450/46830 loss 0.8894 lr 1.50e-05
  epoch 11 step 35500/46830 loss 0.8891 lr 1.49e-05
  epoch 11 step 35550/46830 loss 0.8895 lr 1.48e-05
  epoch 11 step 35600/46830 loss 0.8894 lr 1.47e-05
  epoch 11 step 35650/46830 loss 0.8891 lr 1.46e-05
  epoch 11 step 35700/46830 loss 0.8894 lr 1.44e-05
  epoch 11 step 35750/46830 loss 0.8893 lr 1.43e-05
  epoch 11 step 35800/46830 loss 0.8893 lr 1.42e-05
  epoch 11 step 35850/46830 loss 0.8897 lr 1.41e-05
  epoch 11 step 35900/46830 loss 0.8899 lr 1.40e-05
  epoch 11 step 35950/46830 loss 0.8901 lr 1.39e-05
  epoch 11 step 36000/46830 loss 0.8902 lr 1.38e-05
  epoch 11 step 36050/46830 loss 0.8900 lr 1.36e-05
  epoch 11 step 36100/46830 loss 0.8901 lr 1.35e-05
  epoch 11 step 36150/46830 loss 0.8900 lr 1.34e-05
  epoch 11 step 36200/46830 loss 0.8899 lr 1.33e-05
  epoch 11 step 36250/46830 loss 0.8899 lr 1.32e-05
  epoch 11 step 36300/46830 loss 0.8902 lr 1.31e-05
  epoch 11 step 36350/46830 loss 0.8902 lr 1.30e-05
  epoch 11 step 36400/46830 loss 0.8900 lr 1.29e-05
  epoch 11 step 36450/46830 loss 0.8903 lr 1.28e-05
  epoch 11 step 36500/46830 loss 0.8903 lr 1.27e-05
  epoch 11 step 36550/46830 loss 0.8903 lr 1.25e-05
  epoch 11 step 36600/46830 loss 0.8906 lr 1.24e-05
  epoch 11 step 36650/46830 loss 0.8904 lr 1.23e-05
  epoch 11 step 36700/46830 loss 0.8905 lr 1.22e-05
  epoch 11 step 36750/46830 loss 0.8902 lr 1.21e-05
epoch 11/14  loss 0.8902  val mAP@0.5 0.7823  (853s)
    person   AP50 0.7257  (gt 115)
    head     AP50 0.9425  (gt 150)
    helmet   AP50 0.9361  (gt 452)
    vest     AP50 0.9401  (gt 162)
    gloves   AP50 0.4472  (gt 36)
    boots    AP50 0.7024  (gt 127)
  epoch 12 step 36800/46830 loss 0.8138 lr 1.20e-05
  epoch 12 step 36850/46830 loss 0.8919 lr 1.19e-05
  epoch 12 step 36900/46830 loss 0.8979 lr 1.18e-05
  epoch 12 step 36950/46830 loss 0.9024 lr 1.17e-05
  epoch 12 step 37000/46830 loss 0.9002 lr 1.16e-05
  epoch 12 step 37050/46830 loss 0.9006 lr 1.15e-05
  epoch 12 step 37100/46830 loss 0.8972 lr 1.14e-05
  epoch 12 step 37150/46830 loss 0.8982 lr 1.13e-05
  epoch 12 step 37200/46830 loss 0.8962 lr 1.12e-05
  epoch 12 step 37250/46830 loss 0.8954 lr 1.11e-05
  epoch 12 step 37300/46830 loss 0.8946 lr 1.10e-05
  epoch 12 step 37350/46830 loss 0.8955 lr 1.09e-05
  epoch 12 step 37400/46830 loss 0.8935 lr 1.08e-05
  epoch 12 step 37450/46830 loss 0.8932 lr 1.07e-05
  epoch 12 step 37500/46830 loss 0.8923 lr 1.06e-05
  epoch 12 step 37550/46830 loss 0.8916 lr 1.05e-05
  epoch 12 step 37600/46830 loss 0.8911 lr 1.04e-05
  epoch 12 step 37650/46830 loss 0.8917 lr 1.03e-05
  epoch 12 step 37700/46830 loss 0.8911 lr 1.02e-05
  epoch 12 step 37750/46830 loss 0.8909 lr 1.01e-05
  epoch 12 step 37800/46830 loss 0.8914 lr 1.00e-05
  epoch 12 step 37850/46830 loss 0.8913 lr 9.90e-06
  epoch 12 step 37900/46830 loss 0.8908 lr 9.80e-06
  epoch 12 step 37950/46830 loss 0.8904 lr 9.71e-06
  epoch 12 step 38000/46830 loss 0.8902 lr 9.61e-06
  epoch 12 step 38050/46830 loss 0.8900 lr 9.52e-06
  epoch 12 step 38100/46830 loss 0.8910 lr 9.42e-06
  epoch 12 step 38150/46830 loss 0.8901 lr 9.33e-06
  epoch 12 step 38200/46830 loss 0.8903 lr 9.24e-06
  epoch 12 step 38250/46830 loss 0.8903 lr 9.15e-06
  epoch 12 step 38300/46830 loss 0.8904 lr 9.05e-06
  epoch 12 step 38350/46830 loss 0.8904 lr 8.96e-06
  epoch 12 step 38400/46830 loss 0.8900 lr 8.87e-06
  epoch 12 step 38450/46830 loss 0.8902 lr 8.78e-06
  epoch 12 step 38500/46830 loss 0.8900 lr 8.69e-06
  epoch 12 step 38550/46830 loss 0.8898 lr 8.60e-06
  epoch 12 step 38600/46830 loss 0.8895 lr 8.51e-06
  epoch 12 step 38650/46830 loss 0.8894 lr 8.42e-06
  epoch 12 step 38700/46830 loss 0.8885 lr 8.34e-06
  epoch 12 step 38750/46830 loss 0.8884 lr 8.25e-06
  epoch 12 step 38800/46830 loss 0.8880 lr 8.16e-06
  epoch 12 step 38850/46830 loss 0.8879 lr 8.07e-06
  epoch 12 step 38900/46830 loss 0.8870 lr 7.99e-06
  epoch 12 step 38950/46830 loss 0.8871 lr 7.90e-06
  epoch 12 step 39000/46830 loss 0.8872 lr 7.82e-06
  epoch 12 step 39050/46830 loss 0.8875 lr 7.73e-06
  epoch 12 step 39100/46830 loss 0.8873 lr 7.65e-06
  epoch 12 step 39150/46830 loss 0.8875 lr 7.56e-06
  epoch 12 step 39200/46830 loss 0.8873 lr 7.48e-06
  epoch 12 step 39250/46830 loss 0.8873 lr 7.40e-06
  epoch 12 step 39300/46830 loss 0.8873 lr 7.32e-06
  epoch 12 step 39350/46830 loss 0.8877 lr 7.23e-06
  epoch 12 step 39400/46830 loss 0.8876 lr 7.15e-06
  epoch 12 step 39450/46830 loss 0.8875 lr 7.07e-06
  epoch 12 step 39500/46830 loss 0.8876 lr 6.99e-06
  epoch 12 step 39550/46830 loss 0.8875 lr 6.91e-06
  epoch 12 step 39600/46830 loss 0.8875 lr 6.83e-06
  epoch 12 step 39650/46830 loss 0.8874 lr 6.75e-06
  epoch 12 step 39700/46830 loss 0.8874 lr 6.68e-06
  epoch 12 step 39750/46830 loss 0.8878 lr 6.60e-06
  epoch 12 step 39800/46830 loss 0.8876 lr 6.52e-06
  epoch 12 step 39850/46830 loss 0.8876 lr 6.44e-06
  epoch 12 step 39900/46830 loss 0.8872 lr 6.37e-06
  epoch 12 step 39950/46830 loss 0.8868 lr 6.29e-06
  epoch 12 step 40000/46830 loss 0.8868 lr 6.22e-06
  epoch 12 step 40050/46830 loss 0.8870 lr 6.14e-06
  epoch 12 step 40100/46830 loss 0.8867 lr 6.07e-06
epoch 12/14  loss 0.8867  val mAP@0.5 0.7803  (857s)
    person   AP50 0.7263  (gt 115)
    head     AP50 0.9409  (gt 150)
    helmet   AP50 0.9360  (gt 452)
    vest     AP50 0.9379  (gt 162)
    gloves   AP50 0.4422  (gt 36)
    boots    AP50 0.6987  (gt 127)
  epoch 13 step 40150/46830 loss 0.8864 lr 5.99e-06
  epoch 13 step 40200/46830 loss 0.8882 lr 5.92e-06
  epoch 13 step 40250/46830 loss 0.8918 lr 5.85e-06
  epoch 13 step 40300/46830 loss 0.8927 lr 5.78e-06
  epoch 13 step 40350/46830 loss 0.8888 lr 5.70e-06
  epoch 13 step 40400/46830 loss 0.8910 lr 5.63e-06
  epoch 13 step 40450/46830 loss 0.8892 lr 5.56e-06
  epoch 13 step 40500/46830 loss 0.8880 lr 5.49e-06
  epoch 13 step 40550/46830 loss 0.8879 lr 5.42e-06
  epoch 13 step 40600/46830 loss 0.8869 lr 5.35e-06
  epoch 13 step 40650/46830 loss 0.8857 lr 5.28e-06
  epoch 13 step 40700/46830 loss 0.8851 lr 5.22e-06
  epoch 13 step 40750/46830 loss 0.8855 lr 5.15e-06
  epoch 13 step 40800/46830 loss 0.8848 lr 5.08e-06
  epoch 13 step 40850/46830 loss 0.8836 lr 5.02e-06
  epoch 13 step 40900/46830 loss 0.8838 lr 4.95e-06
  epoch 13 step 40950/46830 loss 0.8836 lr 4.88e-06
  epoch 13 step 41000/46830 loss 0.8835 lr 4.82e-06
  epoch 13 step 41050/46830 loss 0.8827 lr 4.75e-06
  epoch 13 step 41100/46830 loss 0.8831 lr 4.69e-06
  epoch 13 step 41150/46830 loss 0.8823 lr 4.63e-06
  epoch 13 step 41200/46830 loss 0.8826 lr 4.56e-06
  epoch 13 step 41250/46830 loss 0.8829 lr 4.50e-06
  epoch 13 step 41300/46830 loss 0.8826 lr 4.44e-06
  epoch 13 step 41350/46830 loss 0.8826 lr 4.38e-06
  epoch 13 step 41400/46830 loss 0.8831 lr 4.32e-06
  epoch 13 step 41450/46830 loss 0.8831 lr 4.26e-06
  epoch 13 step 41500/46830 loss 0.8832 lr 4.20e-06
  epoch 13 step 41550/46830 loss 0.8841 lr 4.14e-06
  epoch 13 step 41600/46830 loss 0.8833 lr 4.08e-06
  epoch 13 step 41650/46830 loss 0.8837 lr 4.02e-06
  epoch 13 step 41700/46830 loss 0.8846 lr 3.97e-06
  epoch 13 step 41750/46830 loss 0.8844 lr 3.91e-06
  epoch 13 step 41800/46830 loss 0.8844 lr 3.85e-06
  epoch 13 step 41850/46830 loss 0.8848 lr 3.80e-06
  epoch 13 step 41900/46830 loss 0.8848 lr 3.74e-06
  epoch 13 step 41950/46830 loss 0.8848 lr 3.69e-06
  epoch 13 step 42000/46830 loss 0.8845 lr 3.63e-06
  epoch 13 step 42050/46830 loss 0.8846 lr 3.58e-06
  epoch 13 step 42100/46830 loss 0.8845 lr 3.53e-06
  epoch 13 step 42150/46830 loss 0.8844 lr 3.47e-06
  epoch 13 step 42200/46830 loss 0.8847 lr 3.42e-06
  epoch 13 step 42250/46830 loss 0.8846 lr 3.37e-06
  epoch 13 step 42300/46830 loss 0.8843 lr 3.32e-06
  epoch 13 step 42350/46830 loss 0.8839 lr 3.27e-06
  epoch 13 step 42400/46830 loss 0.8841 lr 3.22e-06
  epoch 13 step 42450/46830 loss 0.8841 lr 3.17e-06
  epoch 13 step 42500/46830 loss 0.8840 lr 3.12e-06
  epoch 13 step 42550/46830 loss 0.8839 lr 3.07e-06
  epoch 13 step 42600/46830 loss 0.8844 lr 3.02e-06
  epoch 13 step 42650/46830 loss 0.8845 lr 2.98e-06
  epoch 13 step 42700/46830 loss 0.8845 lr 2.93e-06
  epoch 13 step 42750/46830 loss 0.8847 lr 2.88e-06
  epoch 13 step 42800/46830 loss 0.8847 lr 2.84e-06
  epoch 13 step 42850/46830 loss 0.8847 lr 2.79e-06
  epoch 13 step 42900/46830 loss 0.8848 lr 2.75e-06
  epoch 13 step 42950/46830 loss 0.8846 lr 2.70e-06
  epoch 13 step 43000/46830 loss 0.8845 lr 2.66e-06
  epoch 13 step 43050/46830 loss 0.8844 lr 2.62e-06
  epoch 13 step 43100/46830 loss 0.8842 lr 2.58e-06
  epoch 13 step 43150/46830 loss 0.8840 lr 2.53e-06
  epoch 13 step 43200/46830 loss 0.8837 lr 2.49e-06
  epoch 13 step 43250/46830 loss 0.8835 lr 2.45e-06
  epoch 13 step 43300/46830 loss 0.8837 lr 2.41e-06
  epoch 13 step 43350/46830 loss 0.8836 lr 2.37e-06
  epoch 13 step 43400/46830 loss 0.8836 lr 2.33e-06
  epoch 13 step 43450/46830 loss 0.8836 lr 2.30e-06
epoch 13/14  loss 0.8837  val mAP@0.5 0.7821  (879s)
    person   AP50 0.7269  (gt 115)
    head     AP50 0.9417  (gt 150)
    helmet   AP50 0.9372  (gt 452)
    vest     AP50 0.9374  (gt 162)
    gloves   AP50 0.4605  (gt 36)
    boots    AP50 0.6890  (gt 127)
  epoch 14 step 43500/46830 loss 0.9145 lr 2.26e-06
  epoch 14 step 43550/46830 loss 0.8981 lr 2.22e-06
  epoch 14 step 43600/46830 loss 0.8963 lr 2.18e-06
  epoch 14 step 43650/46830 loss 0.8924 lr 2.15e-06
  epoch 14 step 43700/46830 loss 0.8886 lr 2.11e-06
  epoch 14 step 43750/46830 loss 0.8904 lr 2.08e-06
  epoch 14 step 43800/46830 loss 0.8895 lr 2.04e-06
  epoch 14 step 43850/46830 loss 0.8879 lr 2.01e-06
  epoch 14 step 43900/46830 loss 0.8883 lr 1.97e-06
  epoch 14 step 43950/46830 loss 0.8873 lr 1.94e-06
  epoch 14 step 44000/46830 loss 0.8850 lr 1.91e-06
  epoch 14 step 44050/46830 loss 0.8834 lr 1.88e-06
  epoch 14 step 44100/46830 loss 0.8825 lr 1.85e-06
  epoch 14 step 44150/46830 loss 0.8818 lr 1.82e-06
  epoch 14 step 44200/46830 loss 0.8825 lr 1.79e-06
  epoch 14 step 44250/46830 loss 0.8825 lr 1.76e-06
  epoch 14 step 44300/46830 loss 0.8832 lr 1.73e-06
  epoch 14 step 44350/46830 loss 0.8831 lr 1.70e-06
  epoch 14 step 44400/46830 loss 0.8841 lr 1.67e-06
  epoch 14 step 44450/46830 loss 0.8846 lr 1.64e-06
  epoch 14 step 44500/46830 loss 0.8857 lr 1.62e-06
  epoch 14 step 44550/46830 loss 0.8858 lr 1.59e-06
  epoch 14 step 44600/46830 loss 0.8862 lr 1.57e-06
  epoch 14 step 44650/46830 loss 0.8859 lr 1.54e-06
  epoch 14 step 44700/46830 loss 0.8856 lr 1.52e-06
  epoch 14 step 44750/46830 loss 0.8858 lr 1.49e-06
  epoch 14 step 44800/46830 loss 0.8852 lr 1.47e-06
  epoch 14 step 44850/46830 loss 0.8854 lr 1.45e-06
  epoch 14 step 44900/46830 loss 0.8857 lr 1.42e-06
  epoch 14 step 44950/46830 loss 0.8854 lr 1.40e-06
  epoch 14 step 45000/46830 loss 0.8854 lr 1.38e-06
  epoch 14 step 45050/46830 loss 0.8856 lr 1.36e-06
  epoch 14 step 45100/46830 loss 0.8854 lr 1.34e-06
  epoch 14 step 45150/46830 loss 0.8854 lr 1.32e-06
  epoch 14 step 45200/46830 loss 0.8859 lr 1.30e-06
  epoch 14 step 45250/46830 loss 0.8853 lr 1.28e-06
  epoch 14 step 45300/46830 loss 0.8855 lr 1.27e-06
  epoch 14 step 45350/46830 loss 0.8851 lr 1.25e-06
  epoch 14 step 45400/46830 loss 0.8843 lr 1.23e-06
  epoch 14 step 45450/46830 loss 0.8841 lr 1.22e-06
  epoch 14 step 45500/46830 loss 0.8845 lr 1.20e-06
  epoch 14 step 45550/46830 loss 0.8847 lr 1.19e-06
  epoch 14 step 45600/46830 loss 0.8848 lr 1.17e-06
  epoch 14 step 45650/46830 loss 0.8849 lr 1.16e-06
  epoch 14 step 45700/46830 loss 0.8846 lr 1.15e-06
  epoch 14 step 45750/46830 loss 0.8844 lr 1.13e-06
  epoch 14 step 45800/46830 loss 0.8844 lr 1.12e-06
  epoch 14 step 45850/46830 loss 0.8846 lr 1.11e-06
  epoch 14 step 45900/46830 loss 0.8849 lr 1.10e-06
  epoch 14 step 45950/46830 loss 0.8848 lr 1.09e-06
  epoch 14 step 46000/46830 loss 0.8848 lr 1.08e-06
  epoch 14 step 46050/46830 loss 0.8847 lr 1.07e-06
  epoch 14 step 46100/46830 loss 0.8849 lr 1.06e-06
  epoch 14 step 46150/46830 loss 0.8848 lr 1.05e-06
  epoch 14 step 46200/46830 loss 0.8850 lr 1.05e-06
  epoch 14 step 46250/46830 loss 0.8849 lr 1.04e-06
  epoch 14 step 46300/46830 loss 0.8849 lr 1.03e-06
  epoch 14 step 46350/46830 loss 0.8845 lr 1.03e-06
  epoch 14 step 46400/46830 loss 0.8845 lr 1.02e-06
  epoch 14 step 46450/46830 loss 0.8846 lr 1.02e-06
  epoch 14 step 46500/46830 loss 0.8845 lr 1.01e-06
  epoch 14 step 46550/46830 loss 0.8847 lr 1.01e-06
  epoch 14 step 46600/46830 loss 0.8851 lr 1.01e-06
  epoch 14 step 46650/46830 loss 0.8851 lr 1.00e-06
  epoch 14 step 46700/46830 loss 0.8849 lr 1.00e-06
  epoch 14 step 46750/46830 loss 0.8847 lr 1.00e-06
  epoch 14 step 46800/46830 loss 0.8850 lr 1.00e-06
epoch 14/14  loss 0.8848  val mAP@0.5 0.7820  (940s)
    person   AP50 0.7271  (gt 115)
    head     AP50 0.9387  (gt 150)
    helmet   AP50 0.9377  (gt 452)
    vest     AP50 0.9381  (gt 162)
    gloves   AP50 0.4642  (gt 36)
    boots    AP50 0.6863  (gt 127)

Done. best val mAP@0.5 = 0.7860  →  C:\Users\Mehereswar\Desktop\ppe2\models\ppe_fcos_v2.pth
